Archive member included to satisfy reference by file (symbol)

c:/Users/thiag/Downloads/CoLendaFPGA/CoLendaFPGA/DE0-Nano/software/ua_bsp/\libhal_bsp.a(alt_load.o)
                              c:/Users/thiag/Downloads/CoLendaFPGA/CoLendaFPGA/DE0-Nano/software/ua_bsp//obj/HAL/src/crt0.o (alt_load)
c:/Users/thiag/Downloads/CoLendaFPGA/CoLendaFPGA/DE0-Nano/software/ua_bsp/\libhal_bsp.a(alt_main.o)
                              c:/Users/thiag/Downloads/CoLendaFPGA/CoLendaFPGA/DE0-Nano/software/ua_bsp//obj/HAL/src/crt0.o (alt_main)
c:/Users/thiag/Downloads/CoLendaFPGA/CoLendaFPGA/DE0-Nano/software/ua_bsp/\libhal_bsp.a(alt_putstr.o)
                              obj/default/hello_world_small.o (alt_putstr)
c:/Users/thiag/Downloads/CoLendaFPGA/CoLendaFPGA/DE0-Nano/software/ua_bsp/\libhal_bsp.a(alt_sys_init.o)
                              c:/Users/thiag/Downloads/CoLendaFPGA/CoLendaFPGA/DE0-Nano/software/ua_bsp/\libhal_bsp.a(alt_main.o) (alt_irq_init)
c:/Users/thiag/Downloads/CoLendaFPGA/CoLendaFPGA/DE0-Nano/software/ua_bsp/\libhal_bsp.a(altera_avalon_jtag_uart_write.o)
                              c:/Users/thiag/Downloads/CoLendaFPGA/CoLendaFPGA/DE0-Nano/software/ua_bsp/\libhal_bsp.a(alt_putstr.o) (altera_avalon_jtag_uart_write)
c:/Users/thiag/Downloads/CoLendaFPGA/CoLendaFPGA/DE0-Nano/software/ua_bsp/\libhal_bsp.a(alt_dcache_flush_all.o)
                              c:/Users/thiag/Downloads/CoLendaFPGA/CoLendaFPGA/DE0-Nano/software/ua_bsp/\libhal_bsp.a(alt_load.o) (alt_dcache_flush_all)
c:/Users/thiag/Downloads/CoLendaFPGA/CoLendaFPGA/DE0-Nano/software/ua_bsp/\libhal_bsp.a(alt_icache_flush_all.o)
                              c:/Users/thiag/Downloads/CoLendaFPGA/CoLendaFPGA/DE0-Nano/software/ua_bsp/\libhal_bsp.a(alt_load.o) (alt_icache_flush_all)
c:/Users/thiag/Downloads/CoLendaFPGA/CoLendaFPGA/DE0-Nano/software/ua_bsp/\libhal_bsp.a(altera_nios2_gen2_irq.o)
                              c:/Users/thiag/Downloads/CoLendaFPGA/CoLendaFPGA/DE0-Nano/software/ua_bsp/\libhal_bsp.a(alt_sys_init.o) (altera_nios2_gen2_irq_init)
c:/intelfpga_lite/23.1std/nios2eds/bin/gnu/h-x86_64-mingw32/bin/../lib/gcc/nios2-elf/12.3.1/../../../../../H-x86_64-mingw32/nios2-elf/lib/mno-hw-mul\libsmallc.a(libc_a-memcpy.o)
                              c:/Users/thiag/Downloads/CoLendaFPGA/CoLendaFPGA/DE0-Nano/software/ua_bsp/\libhal_bsp.a(alt_load.o) (memcpy)
c:/intelfpga_lite/23.1std/nios2eds/bin/gnu/h-x86_64-mingw32/bin/../lib/gcc/nios2-elf/12.3.1/../../../../../H-x86_64-mingw32/nios2-elf/lib/mno-hw-mul\libsmallc.a(libc_a-strlen.o)
                              c:/Users/thiag/Downloads/CoLendaFPGA/CoLendaFPGA/DE0-Nano/software/ua_bsp/\libhal_bsp.a(alt_putstr.o) (strlen)

Memory Configuration

Name             Origin             Length             Attributes
reset            0x00008000         0x00000020
onchip_memory2_0 0x00008020         0x00007510
*default*        0x00000000         0xffffffff

Linker script and memory map

LOAD c:/Users/thiag/Downloads/CoLendaFPGA/CoLendaFPGA/DE0-Nano/software/ua_bsp//obj/HAL/src/crt0.o
LOAD obj/default/hello_world_small.o
LOAD c:/intelfpga_lite/23.1std/nios2eds/bin/gnu/h-x86_64-mingw32/bin/../lib/gcc/nios2-elf/12.3.1/../../../../../H-x86_64-mingw32/nios2-elf/lib/mno-hw-mul\libstdc++.a
LOAD c:/intelfpga_lite/23.1std/nios2eds/bin/gnu/h-x86_64-mingw32/bin/../lib/gcc/nios2-elf/12.3.1/../../../../../H-x86_64-mingw32/nios2-elf/lib/mno-hw-mul\libm.a
LOAD c:/intelfpga_lite/23.1std/nios2eds/bin/gnu/h-x86_64-mingw32/bin/../lib/gcc/nios2-elf/12.3.1/mno-hw-mul\libgcc.a
START GROUP
LOAD c:/intelfpga_lite/23.1std/nios2eds/bin/gnu/h-x86_64-mingw32/bin/../lib/gcc/nios2-elf/12.3.1/../../../../../H-x86_64-mingw32/nios2-elf/lib/mno-hw-mul\libsmallc.a
LOAD c:/intelfpga_lite/23.1std/nios2eds/bin/gnu/h-x86_64-mingw32/bin/../lib/gcc/nios2-elf/12.3.1/mno-hw-mul\libgcc.a
LOAD c:/Users/thiag/Downloads/CoLendaFPGA/CoLendaFPGA/DE0-Nano/software/ua_bsp/\libhal_bsp.a
LOAD c:/intelfpga_lite/23.1std/nios2eds/bin/gnu/h-x86_64-mingw32/bin/../lib/gcc/nios2-elf/12.3.1/../../../../../H-x86_64-mingw32/nios2-elf/lib/mno-hw-mul\libm.a
END GROUP
LOAD c:/intelfpga_lite/23.1std/nios2eds/bin/gnu/h-x86_64-mingw32/bin/../lib/gcc/nios2-elf/12.3.1/mno-hw-mul\libgcc.a
                0x00008000                        __alt_mem_onchip_memory2_0 = 0x8000

.entry          0x00008000       0x20
 *(.entry)
 .entry         0x00008000       0x20 c:/Users/thiag/Downloads/CoLendaFPGA/CoLendaFPGA/DE0-Nano/software/ua_bsp//obj/HAL/src/crt0.o
                0x00008000                __reset
                0x0000800c                _exit

.exceptions     0x00008020        0x0
                0x00008020                        PROVIDE (__ram_exceptions_start = ABSOLUTE (.))
                0x00008020                        . = ALIGN (0x20)
 *(.irq)
 *(.exceptions.entry.label)
 *(.exceptions.entry.user)
 *(.exceptions.entry.ecc_fatal)
 *(.exceptions.entry)
 *(.exceptions.irqtest.user)
 *(.exceptions.irqtest)
 *(.exceptions.irqhandler.user)
 *(.exceptions.irqhandler)
 *(.exceptions.irqreturn.user)
 *(.exceptions.irqreturn)
 *(.exceptions.notirq.label)
 *(.exceptions.notirq.user)
 *(.exceptions.notirq)
 *(.exceptions.soft.user)
 *(.exceptions.soft)
 *(.exceptions.unknown.user)
 *(.exceptions.unknown)
 *(.exceptions.exit.label)
 *(.exceptions.exit.user)
 *(.exceptions.exit)
 *(.exceptions)
                0x00008020                        PROVIDE (__ram_exceptions_end = ABSOLUTE (.))
                0x00008020                        PROVIDE (__flash_exceptions_start = LOADADDR (.exceptions))

.text           0x00008020      0x1e4
                [!provide]                        PROVIDE (stext = ABSOLUTE (.))
 *(.interp)
 *(.hash)
 *(.dynsym)
 *(.dynstr)
 *(.gnu.version)
 *(.gnu.version_d)
 *(.gnu.version_r)
 *(.rel.init)
 *(.rela.init)
 *(.rel.text .rel.text.* .rel.gnu.linkonce.t.*)
 *(.rela.text .rela.text.* .rela.gnu.linkonce.t.*)
 *(.rel.fini)
 *(.rela.fini)
 *(.rel.rodata .rel.rodata.* .rel.gnu.linkonce.r.*)
 *(.rela.rodata .rela.rodata.* .rela.gnu.linkonce.r.*)
 *(.rel.data .rel.data.* .rel.gnu.linkonce.d.*)
 *(.rela.data .rela.data.* .rela.gnu.linkonce.d.*)
 *(.rel.tdata .rel.tdata.* .rel.gnu.linkonce.td.*)
 *(.rela.tdata .rela.tdata.* .rela.gnu.linkonce.td.*)
 *(.rel.tbss .rel.tbss.* .rel.gnu.linkonce.tb.*)
 *(.rela.tbss .rela.tbss.* .rela.gnu.linkonce.tb.*)
 *(.rel.ctors)
 *(.rela.ctors)
 *(.rel.dtors)
 *(.rela.dtors)
 *(.rel.got)
 *(.rela.got)
 *(.rel.sdata .rel.sdata.* .rel.gnu.linkonce.s.*)
 *(.rela.sdata .rela.sdata.* .rela.gnu.linkonce.s.*)
 *(.rel.sbss .rel.sbss.* .rel.gnu.linkonce.sb.*)
 *(.rela.sbss .rela.sbss.* .rela.gnu.linkonce.sb.*)
 *(.rel.sdata2 .rel.sdata2.* .rel.gnu.linkonce.s2.*)
 *(.rela.sdata2 .rela.sdata2.* .rela.gnu.linkonce.s2.*)
 *(.rel.sbss2 .rel.sbss2.* .rel.gnu.linkonce.sb2.*)
 *(.rela.sbss2 .rela.sbss2.* .rela.gnu.linkonce.sb2.*)
 *(.rel.bss .rel.bss.* .rel.gnu.linkonce.b.*)
 *(.rela.bss .rela.bss.* .rela.gnu.linkonce.b.*)
 *(.rel.plt)
 *(.rela.plt)
 *(.rel.dyn)
 *(.init)
 *(.plt)
 *(.text .stub .text.* .gnu.linkonce.t.*)
 .text          0x00008020       0x3c c:/Users/thiag/Downloads/CoLendaFPGA/CoLendaFPGA/DE0-Nano/software/ua_bsp//obj/HAL/src/crt0.o
                0x00008020                _start
 .text          0x0000805c        0x0 obj/default/hello_world_small.o
 .text.startup  0x0000805c       0x18 obj/default/hello_world_small.o
                0x0000805c                main
 .text          0x00008074       0x84 c:/Users/thiag/Downloads/CoLendaFPGA/CoLendaFPGA/DE0-Nano/software/ua_bsp/\libhal_bsp.a(alt_load.o)
                0x00008074                alt_load
 .text          0x000080f8       0x2c c:/Users/thiag/Downloads/CoLendaFPGA/CoLendaFPGA/DE0-Nano/software/ua_bsp/\libhal_bsp.a(alt_main.o)
                0x000080f8                alt_main
 .text          0x00008124       0x38 c:/Users/thiag/Downloads/CoLendaFPGA/CoLendaFPGA/DE0-Nano/software/ua_bsp/\libhal_bsp.a(alt_putstr.o)
                0x00008124                alt_putstr
 .text          0x0000815c       0x24 c:/Users/thiag/Downloads/CoLendaFPGA/CoLendaFPGA/DE0-Nano/software/ua_bsp/\libhal_bsp.a(alt_sys_init.o)
                0x0000815c                alt_irq_init
                0x0000817c                alt_sys_init
 .text          0x00008180       0x30 c:/Users/thiag/Downloads/CoLendaFPGA/CoLendaFPGA/DE0-Nano/software/ua_bsp/\libhal_bsp.a(altera_avalon_jtag_uart_write.o)
                0x00008180                altera_avalon_jtag_uart_write
 .text          0x000081b0        0x4 c:/Users/thiag/Downloads/CoLendaFPGA/CoLendaFPGA/DE0-Nano/software/ua_bsp/\libhal_bsp.a(alt_dcache_flush_all.o)
                0x000081b0                alt_dcache_flush_all
 .text          0x000081b4        0x4 c:/Users/thiag/Downloads/CoLendaFPGA/CoLendaFPGA/DE0-Nano/software/ua_bsp/\libhal_bsp.a(alt_icache_flush_all.o)
                0x000081b4                alt_icache_flush_all
 .text          0x000081b8        0x8 c:/Users/thiag/Downloads/CoLendaFPGA/CoLendaFPGA/DE0-Nano/software/ua_bsp/\libhal_bsp.a(altera_nios2_gen2_irq.o)
                0x000081b8                altera_nios2_gen2_irq_init
 .text          0x000081c0        0x0 c:/intelfpga_lite/23.1std/nios2eds/bin/gnu/h-x86_64-mingw32/bin/../lib/gcc/nios2-elf/12.3.1/../../../../../H-x86_64-mingw32/nios2-elf/lib/mno-hw-mul\libsmallc.a(libc_a-memcpy.o)
 .text.memcpy   0x000081c0       0x28 c:/intelfpga_lite/23.1std/nios2eds/bin/gnu/h-x86_64-mingw32/bin/../lib/gcc/nios2-elf/12.3.1/../../../../../H-x86_64-mingw32/nios2-elf/lib/mno-hw-mul\libsmallc.a(libc_a-memcpy.o)
                0x000081c0                memcpy
 .text          0x000081e8        0x0 c:/intelfpga_lite/23.1std/nios2eds/bin/gnu/h-x86_64-mingw32/bin/../lib/gcc/nios2-elf/12.3.1/../../../../../H-x86_64-mingw32/nios2-elf/lib/mno-hw-mul\libsmallc.a(libc_a-strlen.o)
 .text.strlen   0x000081e8       0x1c c:/intelfpga_lite/23.1std/nios2eds/bin/gnu/h-x86_64-mingw32/bin/../lib/gcc/nios2-elf/12.3.1/../../../../../H-x86_64-mingw32/nios2-elf/lib/mno-hw-mul\libsmallc.a(libc_a-strlen.o)
                0x000081e8                strlen
 *(.gnu.warning.*)
 *(.fini)
                [!provide]                        PROVIDE (__etext = ABSOLUTE (.))
                [!provide]                        PROVIDE (_etext = ABSOLUTE (.))
                [!provide]                        PROVIDE (etext = ABSOLUTE (.))
 *(.eh_frame_hdr)
                0x00008204                        . = ALIGN (0x4)
                [!provide]                        PROVIDE (__preinit_array_start = ABSOLUTE (.))
 *(.preinit_array)
                [!provide]                        PROVIDE (__preinit_array_end = ABSOLUTE (.))
                [!provide]                        PROVIDE (__init_array_start = ABSOLUTE (.))
 *(SORT_BY_INIT_PRIORITY(.init_array.*))
 *(.init_array)
                [!provide]                        PROVIDE (__init_array_end = ABSOLUTE (.))
                [!provide]                        PROVIDE (__fini_array_start = ABSOLUTE (.))
 *(.fini_array)
                [!provide]                        PROVIDE (__fini_array_end = ABSOLUTE (.))
 *(.eh_frame)
 *(.gcc_except_table .gcc_except_table.*)
 *(.dynamic)
                [!provide]                        PROVIDE (__CTOR_LIST__ = ABSOLUTE (.))
 *(.ctors)
 *(SORT_BY_NAME(.ctors.*))
                [!provide]                        PROVIDE (__CTOR_END__ = ABSOLUTE (.))
                [!provide]                        PROVIDE (__DTOR_LIST__ = ABSOLUTE (.))
 *(.dtors)
 *(SORT_BY_NAME(.dtors.*))
                [!provide]                        PROVIDE (__DTOR_END__ = ABSOLUTE (.))
 *(.jcr)
                0x00008204                        . = ALIGN (0x4)

.rodata         0x00008204       0x18
                0x00008204                        PROVIDE (__ram_rodata_start = ABSOLUTE (.))
                0x00008204                        . = ALIGN (0x4)
 *(.rodata .rodata.* .gnu.linkonce.r.*)
 .rodata.str1.4
                0x00008204       0x15 obj/default/hello_world_small.o
 *(.rodata1)
                0x0000821c                        . = ALIGN (0x4)
 *fill*         0x00008219        0x3 
                0x0000821c                        PROVIDE (__ram_rodata_end = ABSOLUTE (.))
                0x00008204                        PROVIDE (__flash_rodata_start = LOADADDR (.rodata))

.rwdata         0x0000821c        0x4 load address 0x00008220
                0x0000821c                        PROVIDE (__ram_rwdata_start = ABSOLUTE (.))
                0x0000821c                        . = ALIGN (0x4)
 *(.got.plt)
 *(.got)
 *(.data1)
 *(.data .data.* .gnu.linkonce.d.*)
 .data          0x0000821c        0x0 c:/Users/thiag/Downloads/CoLendaFPGA/CoLendaFPGA/DE0-Nano/software/ua_bsp//obj/HAL/src/crt0.o
 .data          0x0000821c        0x0 obj/default/hello_world_small.o
 .data          0x0000821c        0x0 c:/Users/thiag/Downloads/CoLendaFPGA/CoLendaFPGA/DE0-Nano/software/ua_bsp/\libhal_bsp.a(alt_load.o)
 .data          0x0000821c        0x0 c:/Users/thiag/Downloads/CoLendaFPGA/CoLendaFPGA/DE0-Nano/software/ua_bsp/\libhal_bsp.a(alt_main.o)
 .data          0x0000821c        0x0 c:/Users/thiag/Downloads/CoLendaFPGA/CoLendaFPGA/DE0-Nano/software/ua_bsp/\libhal_bsp.a(alt_putstr.o)
 .data          0x0000821c        0x0 c:/Users/thiag/Downloads/CoLendaFPGA/CoLendaFPGA/DE0-Nano/software/ua_bsp/\libhal_bsp.a(alt_sys_init.o)
 .data          0x0000821c        0x0 c:/Users/thiag/Downloads/CoLendaFPGA/CoLendaFPGA/DE0-Nano/software/ua_bsp/\libhal_bsp.a(altera_avalon_jtag_uart_write.o)
 .data          0x0000821c        0x0 c:/Users/thiag/Downloads/CoLendaFPGA/CoLendaFPGA/DE0-Nano/software/ua_bsp/\libhal_bsp.a(alt_dcache_flush_all.o)
 .data          0x0000821c        0x0 c:/Users/thiag/Downloads/CoLendaFPGA/CoLendaFPGA/DE0-Nano/software/ua_bsp/\libhal_bsp.a(alt_icache_flush_all.o)
 .data          0x0000821c        0x0 c:/Users/thiag/Downloads/CoLendaFPGA/CoLendaFPGA/DE0-Nano/software/ua_bsp/\libhal_bsp.a(altera_nios2_gen2_irq.o)
 .data          0x0000821c        0x0 c:/intelfpga_lite/23.1std/nios2eds/bin/gnu/h-x86_64-mingw32/bin/../lib/gcc/nios2-elf/12.3.1/../../../../../H-x86_64-mingw32/nios2-elf/lib/mno-hw-mul\libsmallc.a(libc_a-memcpy.o)
 .data          0x0000821c        0x0 c:/intelfpga_lite/23.1std/nios2eds/bin/gnu/h-x86_64-mingw32/bin/../lib/gcc/nios2-elf/12.3.1/../../../../../H-x86_64-mingw32/nios2-elf/lib/mno-hw-mul\libsmallc.a(libc_a-strlen.o)
                0x0001021c                        _gp = ABSOLUTE ((. + 0x8000))
                [!provide]                        PROVIDE (gp = _gp)
 *(.rwdata .rwdata.*)
 *(.sdata .sdata.* .gnu.linkonce.s.*)
 .sdata         0x0000821c        0x4 c:/Users/thiag/Downloads/CoLendaFPGA/CoLendaFPGA/DE0-Nano/software/ua_bsp/\libhal_bsp.a(alt_sys_init.o)
                0x0000821c                jtag_uart_0
 *(.sdata2 .sdata2.* .gnu.linkonce.s2.*)
                0x00008220                        . = ALIGN (0x4)
                0x00008220                        _edata = ABSOLUTE (.)
                [!provide]                        PROVIDE (edata = ABSOLUTE (.))
                0x00008220                        PROVIDE (__ram_rwdata_end = ABSOLUTE (.))
                0x00008220                        PROVIDE (__flash_rwdata_start = LOADADDR (.rwdata))

.bss            0x00008224        0xc
                0x00008224                        __bss_start = ABSOLUTE (.)
                [!provide]                        PROVIDE (__sbss_start = ABSOLUTE (.))
                [!provide]                        PROVIDE (___sbss_start = ABSOLUTE (.))
 *(.dynsbss)
 *(.sbss .sbss.* .gnu.linkonce.sb.*)
 .sbss          0x00008224        0xc c:/Users/thiag/Downloads/CoLendaFPGA/CoLendaFPGA/DE0-Nano/software/ua_bsp/\libhal_bsp.a(alt_main.o)
                0x00008224                alt_envp
                0x00008228                alt_argv
                0x0000822c                alt_argc
 *(.sbss2 .sbss2.* .gnu.linkonce.sb2.*)
 *(.scommon)
                [!provide]                        PROVIDE (__sbss_end = ABSOLUTE (.))
                [!provide]                        PROVIDE (___sbss_end = ABSOLUTE (.))
 *(.dynbss)
 *(.bss .bss.* .gnu.linkonce.b.*)
 .bss           0x00008230        0x0 c:/Users/thiag/Downloads/CoLendaFPGA/CoLendaFPGA/DE0-Nano/software/ua_bsp//obj/HAL/src/crt0.o
 .bss           0x00008230        0x0 obj/default/hello_world_small.o
 .bss           0x00008230        0x0 c:/Users/thiag/Downloads/CoLendaFPGA/CoLendaFPGA/DE0-Nano/software/ua_bsp/\libhal_bsp.a(alt_load.o)
 .bss           0x00008230        0x0 c:/Users/thiag/Downloads/CoLendaFPGA/CoLendaFPGA/DE0-Nano/software/ua_bsp/\libhal_bsp.a(alt_main.o)
 .bss           0x00008230        0x0 c:/Users/thiag/Downloads/CoLendaFPGA/CoLendaFPGA/DE0-Nano/software/ua_bsp/\libhal_bsp.a(alt_putstr.o)
 .bss           0x00008230        0x0 c:/Users/thiag/Downloads/CoLendaFPGA/CoLendaFPGA/DE0-Nano/software/ua_bsp/\libhal_bsp.a(alt_sys_init.o)
 .bss           0x00008230        0x0 c:/Users/thiag/Downloads/CoLendaFPGA/CoLendaFPGA/DE0-Nano/software/ua_bsp/\libhal_bsp.a(altera_avalon_jtag_uart_write.o)
 .bss           0x00008230        0x0 c:/Users/thiag/Downloads/CoLendaFPGA/CoLendaFPGA/DE0-Nano/software/ua_bsp/\libhal_bsp.a(alt_dcache_flush_all.o)
 .bss           0x00008230        0x0 c:/Users/thiag/Downloads/CoLendaFPGA/CoLendaFPGA/DE0-Nano/software/ua_bsp/\libhal_bsp.a(alt_icache_flush_all.o)
 .bss           0x00008230        0x0 c:/Users/thiag/Downloads/CoLendaFPGA/CoLendaFPGA/DE0-Nano/software/ua_bsp/\libhal_bsp.a(altera_nios2_gen2_irq.o)
 .bss           0x00008230        0x0 c:/intelfpga_lite/23.1std/nios2eds/bin/gnu/h-x86_64-mingw32/bin/../lib/gcc/nios2-elf/12.3.1/../../../../../H-x86_64-mingw32/nios2-elf/lib/mno-hw-mul\libsmallc.a(libc_a-memcpy.o)
 .bss           0x00008230        0x0 c:/intelfpga_lite/23.1std/nios2eds/bin/gnu/h-x86_64-mingw32/bin/../lib/gcc/nios2-elf/12.3.1/../../../../../H-x86_64-mingw32/nios2-elf/lib/mno-hw-mul\libsmallc.a(libc_a-strlen.o)
 *(COMMON)
                0x00008230                        . = ALIGN (0x4)
                0x00008230                        __bss_end = ABSOLUTE (.)

.onchip_memory2_0
                0x00008230        0x0
                [!provide]                        PROVIDE (_alt_partition_onchip_memory2_0_start = ABSOLUTE (.))
 *(.onchip_memory2_0 .onchip_memory2_0. onchip_memory2_0.*)
                0x00008230                        . = ALIGN (0x4)
                [!provide]                        PROVIDE (_alt_partition_onchip_memory2_0_end = ABSOLUTE (.))
                0x00008230                        _end = ABSOLUTE (.)
                0x00008230                        end = ABSOLUTE (.)
                0x00008230                        __alt_stack_base = ABSOLUTE (.)
                [!provide]                        PROVIDE (_alt_partition_onchip_memory2_0_load_addr = LOADADDR (.onchip_memory2_0))

.stab
 *(.stab)

.stabstr
 *(.stabstr)

.stab.excl
 *(.stab.excl)

.stab.exclstr
 *(.stab.exclstr)

.stab.index
 *(.stab.index)

.stab.indexstr
 *(.stab.indexstr)

.comment        0x00000000       0x2d
 *(.comment)
 .comment       0x00000000       0x2d obj/default/hello_world_small.o
                                 0x2e (size before relaxing)
 .comment       0x0000002d       0x2e c:/Users/thiag/Downloads/CoLendaFPGA/CoLendaFPGA/DE0-Nano/software/ua_bsp/\libhal_bsp.a(alt_load.o)
 .comment       0x0000002d       0x2e c:/Users/thiag/Downloads/CoLendaFPGA/CoLendaFPGA/DE0-Nano/software/ua_bsp/\libhal_bsp.a(alt_main.o)
 .comment       0x0000002d       0x2e c:/Users/thiag/Downloads/CoLendaFPGA/CoLendaFPGA/DE0-Nano/software/ua_bsp/\libhal_bsp.a(alt_putstr.o)
 .comment       0x0000002d       0x2e c:/Users/thiag/Downloads/CoLendaFPGA/CoLendaFPGA/DE0-Nano/software/ua_bsp/\libhal_bsp.a(alt_sys_init.o)
 .comment       0x0000002d       0x2e c:/Users/thiag/Downloads/CoLendaFPGA/CoLendaFPGA/DE0-Nano/software/ua_bsp/\libhal_bsp.a(altera_avalon_jtag_uart_write.o)
 .comment       0x0000002d       0x2e c:/Users/thiag/Downloads/CoLendaFPGA/CoLendaFPGA/DE0-Nano/software/ua_bsp/\libhal_bsp.a(alt_dcache_flush_all.o)
 .comment       0x0000002d       0x2e c:/Users/thiag/Downloads/CoLendaFPGA/CoLendaFPGA/DE0-Nano/software/ua_bsp/\libhal_bsp.a(alt_icache_flush_all.o)
 .comment       0x0000002d       0x2e c:/Users/thiag/Downloads/CoLendaFPGA/CoLendaFPGA/DE0-Nano/software/ua_bsp/\libhal_bsp.a(altera_nios2_gen2_irq.o)
 .comment       0x0000002d       0x2e c:/intelfpga_lite/23.1std/nios2eds/bin/gnu/h-x86_64-mingw32/bin/../lib/gcc/nios2-elf/12.3.1/../../../../../H-x86_64-mingw32/nios2-elf/lib/mno-hw-mul\libsmallc.a(libc_a-memcpy.o)
 .comment       0x0000002d       0x2e c:/intelfpga_lite/23.1std/nios2eds/bin/gnu/h-x86_64-mingw32/bin/../lib/gcc/nios2-elf/12.3.1/../../../../../H-x86_64-mingw32/nios2-elf/lib/mno-hw-mul\libsmallc.a(libc_a-strlen.o)

.debug
 *(.debug)

.line
 *(.line)

.debug_srcinfo
 *(.debug_srcinfo)

.debug_sfnames
 *(.debug_sfnames)

.debug_aranges  0x00000000      0x188
 *(.debug_aranges)
 .debug_aranges
                0x00000000       0x28 c:/Users/thiag/Downloads/CoLendaFPGA/CoLendaFPGA/DE0-Nano/software/ua_bsp//obj/HAL/src/crt0.o
 .debug_aranges
                0x00000028       0x20 obj/default/hello_world_small.o
 .debug_aranges
                0x00000048       0x20 c:/Users/thiag/Downloads/CoLendaFPGA/CoLendaFPGA/DE0-Nano/software/ua_bsp/\libhal_bsp.a(alt_load.o)
 .debug_aranges
                0x00000068       0x20 c:/Users/thiag/Downloads/CoLendaFPGA/CoLendaFPGA/DE0-Nano/software/ua_bsp/\libhal_bsp.a(alt_main.o)
 .debug_aranges
                0x00000088       0x20 c:/Users/thiag/Downloads/CoLendaFPGA/CoLendaFPGA/DE0-Nano/software/ua_bsp/\libhal_bsp.a(alt_putstr.o)
 .debug_aranges
                0x000000a8       0x20 c:/Users/thiag/Downloads/CoLendaFPGA/CoLendaFPGA/DE0-Nano/software/ua_bsp/\libhal_bsp.a(alt_sys_init.o)
 .debug_aranges
                0x000000c8       0x20 c:/Users/thiag/Downloads/CoLendaFPGA/CoLendaFPGA/DE0-Nano/software/ua_bsp/\libhal_bsp.a(altera_avalon_jtag_uart_write.o)
 .debug_aranges
                0x000000e8       0x20 c:/Users/thiag/Downloads/CoLendaFPGA/CoLendaFPGA/DE0-Nano/software/ua_bsp/\libhal_bsp.a(alt_dcache_flush_all.o)
 .debug_aranges
                0x00000108       0x20 c:/Users/thiag/Downloads/CoLendaFPGA/CoLendaFPGA/DE0-Nano/software/ua_bsp/\libhal_bsp.a(alt_icache_flush_all.o)
 .debug_aranges
                0x00000128       0x20 c:/Users/thiag/Downloads/CoLendaFPGA/CoLendaFPGA/DE0-Nano/software/ua_bsp/\libhal_bsp.a(altera_nios2_gen2_irq.o)
 .debug_aranges
                0x00000148       0x20 c:/intelfpga_lite/23.1std/nios2eds/bin/gnu/h-x86_64-mingw32/bin/../lib/gcc/nios2-elf/12.3.1/../../../../../H-x86_64-mingw32/nios2-elf/lib/mno-hw-mul\libsmallc.a(libc_a-memcpy.o)
 .debug_aranges
                0x00000168       0x20 c:/intelfpga_lite/23.1std/nios2eds/bin/gnu/h-x86_64-mingw32/bin/../lib/gcc/nios2-elf/12.3.1/../../../../../H-x86_64-mingw32/nios2-elf/lib/mno-hw-mul\libsmallc.a(libc_a-strlen.o)

.debug_pubnames
 *(.debug_pubnames)

.debug_info     0x00000000      0xb9b
 *(.debug_info .gnu.linkonce.wi.*)
 .debug_info    0x00000000       0x3f c:/Users/thiag/Downloads/CoLendaFPGA/CoLendaFPGA/DE0-Nano/software/ua_bsp//obj/HAL/src/crt0.o
 .debug_info    0x0000003f       0x80 obj/default/hello_world_small.o
 .debug_info    0x000000bf      0x239 c:/Users/thiag/Downloads/CoLendaFPGA/CoLendaFPGA/DE0-Nano/software/ua_bsp/\libhal_bsp.a(alt_load.o)
 .debug_info    0x000002f8      0x13e c:/Users/thiag/Downloads/CoLendaFPGA/CoLendaFPGA/DE0-Nano/software/ua_bsp/\libhal_bsp.a(alt_main.o)
 .debug_info    0x00000436      0x15c c:/Users/thiag/Downloads/CoLendaFPGA/CoLendaFPGA/DE0-Nano/software/ua_bsp/\libhal_bsp.a(alt_putstr.o)
 .debug_info    0x00000592      0x127 c:/Users/thiag/Downloads/CoLendaFPGA/CoLendaFPGA/DE0-Nano/software/ua_bsp/\libhal_bsp.a(alt_sys_init.o)
 .debug_info    0x000006b9      0x149 c:/Users/thiag/Downloads/CoLendaFPGA/CoLendaFPGA/DE0-Nano/software/ua_bsp/\libhal_bsp.a(altera_avalon_jtag_uart_write.o)
 .debug_info    0x00000802       0x8d c:/Users/thiag/Downloads/CoLendaFPGA/CoLendaFPGA/DE0-Nano/software/ua_bsp/\libhal_bsp.a(alt_dcache_flush_all.o)
 .debug_info    0x0000088f       0x8d c:/Users/thiag/Downloads/CoLendaFPGA/CoLendaFPGA/DE0-Nano/software/ua_bsp/\libhal_bsp.a(alt_icache_flush_all.o)
 .debug_info    0x0000091c       0x8d c:/Users/thiag/Downloads/CoLendaFPGA/CoLendaFPGA/DE0-Nano/software/ua_bsp/\libhal_bsp.a(altera_nios2_gen2_irq.o)
 .debug_info    0x000009a9      0x121 c:/intelfpga_lite/23.1std/nios2eds/bin/gnu/h-x86_64-mingw32/bin/../lib/gcc/nios2-elf/12.3.1/../../../../../H-x86_64-mingw32/nios2-elf/lib/mno-hw-mul\libsmallc.a(libc_a-memcpy.o)
 .debug_info    0x00000aca       0xd1 c:/intelfpga_lite/23.1std/nios2eds/bin/gnu/h-x86_64-mingw32/bin/../lib/gcc/nios2-elf/12.3.1/../../../../../H-x86_64-mingw32/nios2-elf/lib/mno-hw-mul\libsmallc.a(libc_a-strlen.o)

.debug_abbrev   0x00000000      0x785
 *(.debug_abbrev)
 .debug_abbrev  0x00000000       0x1f c:/Users/thiag/Downloads/CoLendaFPGA/CoLendaFPGA/DE0-Nano/software/ua_bsp//obj/HAL/src/crt0.o
 .debug_abbrev  0x0000001f       0x83 obj/default/hello_world_small.o
 .debug_abbrev  0x000000a2      0x12c c:/Users/thiag/Downloads/CoLendaFPGA/CoLendaFPGA/DE0-Nano/software/ua_bsp/\libhal_bsp.a(alt_load.o)
 .debug_abbrev  0x000001ce       0xeb c:/Users/thiag/Downloads/CoLendaFPGA/CoLendaFPGA/DE0-Nano/software/ua_bsp/\libhal_bsp.a(alt_main.o)
 .debug_abbrev  0x000002b9       0xd3 c:/Users/thiag/Downloads/CoLendaFPGA/CoLendaFPGA/DE0-Nano/software/ua_bsp/\libhal_bsp.a(alt_putstr.o)
 .debug_abbrev  0x0000038c      0x107 c:/Users/thiag/Downloads/CoLendaFPGA/CoLendaFPGA/DE0-Nano/software/ua_bsp/\libhal_bsp.a(alt_sys_init.o)
 .debug_abbrev  0x00000493       0xdc c:/Users/thiag/Downloads/CoLendaFPGA/CoLendaFPGA/DE0-Nano/software/ua_bsp/\libhal_bsp.a(altera_avalon_jtag_uart_write.o)
 .debug_abbrev  0x0000056f       0x43 c:/Users/thiag/Downloads/CoLendaFPGA/CoLendaFPGA/DE0-Nano/software/ua_bsp/\libhal_bsp.a(alt_dcache_flush_all.o)
 .debug_abbrev  0x000005b2       0x43 c:/Users/thiag/Downloads/CoLendaFPGA/CoLendaFPGA/DE0-Nano/software/ua_bsp/\libhal_bsp.a(alt_icache_flush_all.o)
 .debug_abbrev  0x000005f5       0x43 c:/Users/thiag/Downloads/CoLendaFPGA/CoLendaFPGA/DE0-Nano/software/ua_bsp/\libhal_bsp.a(altera_nios2_gen2_irq.o)
 .debug_abbrev  0x00000638       0xc1 c:/intelfpga_lite/23.1std/nios2eds/bin/gnu/h-x86_64-mingw32/bin/../lib/gcc/nios2-elf/12.3.1/../../../../../H-x86_64-mingw32/nios2-elf/lib/mno-hw-mul\libsmallc.a(libc_a-memcpy.o)
 .debug_abbrev  0x000006f9       0x8c c:/intelfpga_lite/23.1std/nios2eds/bin/gnu/h-x86_64-mingw32/bin/../lib/gcc/nios2-elf/12.3.1/../../../../../H-x86_64-mingw32/nios2-elf/lib/mno-hw-mul\libsmallc.a(libc_a-strlen.o)

.debug_line     0x00000000      0x5dc
 *(.debug_line)
 .debug_line    0x00000000       0x66 c:/Users/thiag/Downloads/CoLendaFPGA/CoLendaFPGA/DE0-Nano/software/ua_bsp//obj/HAL/src/crt0.o
 .debug_line    0x00000066       0x6e obj/default/hello_world_small.o
 .debug_line    0x000000d4       0xd2 c:/Users/thiag/Downloads/CoLendaFPGA/CoLendaFPGA/DE0-Nano/software/ua_bsp/\libhal_bsp.a(alt_load.o)
 .debug_line    0x000001a6       0xa2 c:/Users/thiag/Downloads/CoLendaFPGA/CoLendaFPGA/DE0-Nano/software/ua_bsp/\libhal_bsp.a(alt_main.o)
 .debug_line    0x00000248       0x79 c:/Users/thiag/Downloads/CoLendaFPGA/CoLendaFPGA/DE0-Nano/software/ua_bsp/\libhal_bsp.a(alt_putstr.o)
 .debug_line    0x000002c1       0x92 c:/Users/thiag/Downloads/CoLendaFPGA/CoLendaFPGA/DE0-Nano/software/ua_bsp/\libhal_bsp.a(alt_sys_init.o)
 .debug_line    0x00000353       0x93 c:/Users/thiag/Downloads/CoLendaFPGA/CoLendaFPGA/DE0-Nano/software/ua_bsp/\libhal_bsp.a(altera_avalon_jtag_uart_write.o)
 .debug_line    0x000003e6       0x4e c:/Users/thiag/Downloads/CoLendaFPGA/CoLendaFPGA/DE0-Nano/software/ua_bsp/\libhal_bsp.a(alt_dcache_flush_all.o)
 .debug_line    0x00000434       0x4c c:/Users/thiag/Downloads/CoLendaFPGA/CoLendaFPGA/DE0-Nano/software/ua_bsp/\libhal_bsp.a(alt_icache_flush_all.o)
 .debug_line    0x00000480       0x54 c:/Users/thiag/Downloads/CoLendaFPGA/CoLendaFPGA/DE0-Nano/software/ua_bsp/\libhal_bsp.a(altera_nios2_gen2_irq.o)
 .debug_line    0x000004d4       0x8c c:/intelfpga_lite/23.1std/nios2eds/bin/gnu/h-x86_64-mingw32/bin/../lib/gcc/nios2-elf/12.3.1/../../../../../H-x86_64-mingw32/nios2-elf/lib/mno-hw-mul\libsmallc.a(libc_a-memcpy.o)
 .debug_line    0x00000560       0x7c c:/intelfpga_lite/23.1std/nios2eds/bin/gnu/h-x86_64-mingw32/bin/../lib/gcc/nios2-elf/12.3.1/../../../../../H-x86_64-mingw32/nios2-elf/lib/mno-hw-mul\libsmallc.a(libc_a-strlen.o)

.debug_frame    0x00000000      0x1ac
 *(.debug_frame)
 .debug_frame   0x00000000       0x28 obj/default/hello_world_small.o
 .debug_frame   0x00000028       0x2c c:/Users/thiag/Downloads/CoLendaFPGA/CoLendaFPGA/DE0-Nano/software/ua_bsp/\libhal_bsp.a(alt_load.o)
 .debug_frame   0x00000054       0x2c c:/Users/thiag/Downloads/CoLendaFPGA/CoLendaFPGA/DE0-Nano/software/ua_bsp/\libhal_bsp.a(alt_main.o)
 .debug_frame   0x00000080       0x30 c:/Users/thiag/Downloads/CoLendaFPGA/CoLendaFPGA/DE0-Nano/software/ua_bsp/\libhal_bsp.a(alt_putstr.o)
 .debug_frame   0x000000b0       0x3c c:/Users/thiag/Downloads/CoLendaFPGA/CoLendaFPGA/DE0-Nano/software/ua_bsp/\libhal_bsp.a(alt_sys_init.o)
 .debug_frame   0x000000ec       0x20 c:/Users/thiag/Downloads/CoLendaFPGA/CoLendaFPGA/DE0-Nano/software/ua_bsp/\libhal_bsp.a(altera_avalon_jtag_uart_write.o)
 .debug_frame   0x0000010c       0x20 c:/Users/thiag/Downloads/CoLendaFPGA/CoLendaFPGA/DE0-Nano/software/ua_bsp/\libhal_bsp.a(alt_dcache_flush_all.o)
 .debug_frame   0x0000012c       0x20 c:/Users/thiag/Downloads/CoLendaFPGA/CoLendaFPGA/DE0-Nano/software/ua_bsp/\libhal_bsp.a(alt_icache_flush_all.o)
 .debug_frame   0x0000014c       0x20 c:/Users/thiag/Downloads/CoLendaFPGA/CoLendaFPGA/DE0-Nano/software/ua_bsp/\libhal_bsp.a(altera_nios2_gen2_irq.o)
 .debug_frame   0x0000016c       0x20 c:/intelfpga_lite/23.1std/nios2eds/bin/gnu/h-x86_64-mingw32/bin/../lib/gcc/nios2-elf/12.3.1/../../../../../H-x86_64-mingw32/nios2-elf/lib/mno-hw-mul\libsmallc.a(libc_a-memcpy.o)
 .debug_frame   0x0000018c       0x20 c:/intelfpga_lite/23.1std/nios2eds/bin/gnu/h-x86_64-mingw32/bin/../lib/gcc/nios2-elf/12.3.1/../../../../../H-x86_64-mingw32/nios2-elf/lib/mno-hw-mul\libsmallc.a(libc_a-strlen.o)

.debug_str      0x00000000      0x3d4
 *(.debug_str)
 .debug_str     0x00000000       0x70 c:/Users/thiag/Downloads/CoLendaFPGA/CoLendaFPGA/DE0-Nano/software/ua_bsp//obj/HAL/src/crt0.o
                                 0x77 (size before relaxing)
 .debug_str     0x00000070       0x5e obj/default/hello_world_small.o
                                 0x68 (size before relaxing)
 .debug_str     0x000000ce      0x175 c:/Users/thiag/Downloads/CoLendaFPGA/CoLendaFPGA/DE0-Nano/software/ua_bsp/\libhal_bsp.a(alt_load.o)
                                0x208 (size before relaxing)
 .debug_str     0x00000243       0x4b c:/Users/thiag/Downloads/CoLendaFPGA/CoLendaFPGA/DE0-Nano/software/ua_bsp/\libhal_bsp.a(alt_main.o)
                                0x138 (size before relaxing)
 .debug_str     0x0000028e       0x58 c:/Users/thiag/Downloads/CoLendaFPGA/CoLendaFPGA/DE0-Nano/software/ua_bsp/\libhal_bsp.a(alt_putstr.o)
                                0x14b (size before relaxing)
 .debug_str     0x000002e6       0x5c c:/Users/thiag/Downloads/CoLendaFPGA/CoLendaFPGA/DE0-Nano/software/ua_bsp/\libhal_bsp.a(alt_sys_init.o)
                                0x18a (size before relaxing)
 .debug_str     0x00000342       0x13 c:/Users/thiag/Downloads/CoLendaFPGA/CoLendaFPGA/DE0-Nano/software/ua_bsp/\libhal_bsp.a(altera_avalon_jtag_uart_write.o)
                                0x15c (size before relaxing)
 .debug_str     0x00000355       0xfd c:/Users/thiag/Downloads/CoLendaFPGA/CoLendaFPGA/DE0-Nano/software/ua_bsp/\libhal_bsp.a(alt_dcache_flush_all.o)
 .debug_str     0x00000355       0xfd c:/Users/thiag/Downloads/CoLendaFPGA/CoLendaFPGA/DE0-Nano/software/ua_bsp/\libhal_bsp.a(alt_icache_flush_all.o)
 .debug_str     0x00000355      0x103 c:/Users/thiag/Downloads/CoLendaFPGA/CoLendaFPGA/DE0-Nano/software/ua_bsp/\libhal_bsp.a(altera_nios2_gen2_irq.o)
 .debug_str     0x00000355       0x7f c:/intelfpga_lite/23.1std/nios2eds/bin/gnu/h-x86_64-mingw32/bin/../lib/gcc/nios2-elf/12.3.1/../../../../../H-x86_64-mingw32/nios2-elf/lib/mno-hw-mul\libsmallc.a(libc_a-memcpy.o)
                                0x122 (size before relaxing)
 .debug_str     0x000003d4       0x7f c:/intelfpga_lite/23.1std/nios2eds/bin/gnu/h-x86_64-mingw32/bin/../lib/gcc/nios2-elf/12.3.1/../../../../../H-x86_64-mingw32/nios2-elf/lib/mno-hw-mul\libsmallc.a(libc_a-strlen.o)
                                0x114 (size before relaxing)

.debug_loc
 *(.debug_loc)

.debug_macinfo
 *(.debug_macinfo)

.debug_weaknames
 *(.debug_weaknames)

.debug_funcnames
 *(.debug_funcnames)

.debug_typenames
 *(.debug_typenames)

.debug_varnames
 *(.debug_varnames)

.debug_alt_sim_info
                0x00000000       0x10
 *(.debug_alt_sim_info)
 .debug_alt_sim_info
                0x00000000       0x10 c:/Users/thiag/Downloads/CoLendaFPGA/CoLendaFPGA/DE0-Nano/software/ua_bsp//obj/HAL/src/crt0.o
                0x0000f530                        __alt_data_end = 0xf530
                0x0000f530                        PROVIDE (__alt_stack_pointer = __alt_data_end)
                [!provide]                        PROVIDE (__alt_stack_limit = __alt_stack_base)
                [!provide]                        PROVIDE (__alt_heap_start = end)
                [!provide]                        PROVIDE (__alt_heap_limit = 0xf530)
OUTPUT(ua.elf elf32-littlenios2)
LOAD linker stubs

.debug_ranges   0x00000000       0x20
 .debug_ranges  0x00000000       0x20 c:/Users/thiag/Downloads/CoLendaFPGA/CoLendaFPGA/DE0-Nano/software/ua_bsp//obj/HAL/src/crt0.o

.debug_rnglists
                0x00000000       0x5c
 .debug_rnglists
                0x00000000       0x13 obj/default/hello_world_small.o
 .debug_rnglists
                0x00000013       0x23 c:/Users/thiag/Downloads/CoLendaFPGA/CoLendaFPGA/DE0-Nano/software/ua_bsp/\libhal_bsp.a(alt_load.o)
 .debug_rnglists
                0x00000036       0x13 c:/intelfpga_lite/23.1std/nios2eds/bin/gnu/h-x86_64-mingw32/bin/../lib/gcc/nios2-elf/12.3.1/../../../../../H-x86_64-mingw32/nios2-elf/lib/mno-hw-mul\libsmallc.a(libc_a-memcpy.o)
 .debug_rnglists
                0x00000049       0x13 c:/intelfpga_lite/23.1std/nios2eds/bin/gnu/h-x86_64-mingw32/bin/../lib/gcc/nios2-elf/12.3.1/../../../../../H-x86_64-mingw32/nios2-elf/lib/mno-hw-mul\libsmallc.a(libc_a-strlen.o)

.debug_line_str
                0x00000000      0x554
 .debug_line_str
                0x00000000       0xbc obj/default/hello_world_small.o
                                0x12a (size before relaxing)
 .debug_line_str
                0x000000bc       0xab c:/Users/thiag/Downloads/CoLendaFPGA/CoLendaFPGA/DE0-Nano/software/ua_bsp/\libhal_bsp.a(alt_load.o)
                                0x10b (size before relaxing)
 .debug_line_str
                0x00000167       0x4a c:/Users/thiag/Downloads/CoLendaFPGA/CoLendaFPGA/DE0-Nano/software/ua_bsp/\libhal_bsp.a(alt_main.o)
                                0x10a (size before relaxing)
 .debug_line_str
                0x000001b1       0xd2 c:/Users/thiag/Downloads/CoLendaFPGA/CoLendaFPGA/DE0-Nano/software/ua_bsp/\libhal_bsp.a(alt_putstr.o)
                                0x188 (size before relaxing)
 .debug_line_str
                0x00000283       0x4f c:/Users/thiag/Downloads/CoLendaFPGA/CoLendaFPGA/DE0-Nano/software/ua_bsp/\libhal_bsp.a(alt_sys_init.o)
                                0x123 (size before relaxing)
 .debug_line_str
                0x000002d2       0x38 c:/Users/thiag/Downloads/CoLendaFPGA/CoLendaFPGA/DE0-Nano/software/ua_bsp/\libhal_bsp.a(altera_avalon_jtag_uart_write.o)
                                0x14a (size before relaxing)
 .debug_line_str
                0x0000030a       0x1f c:/Users/thiag/Downloads/CoLendaFPGA/CoLendaFPGA/DE0-Nano/software/ua_bsp/\libhal_bsp.a(alt_dcache_flush_all.o)
                                 0xe9 (size before relaxing)
 .debug_line_str
                0x00000329       0x1f c:/Users/thiag/Downloads/CoLendaFPGA/CoLendaFPGA/DE0-Nano/software/ua_bsp/\libhal_bsp.a(alt_icache_flush_all.o)
                                 0xe9 (size before relaxing)
 .debug_line_str
                0x00000348       0x20 c:/Users/thiag/Downloads/CoLendaFPGA/CoLendaFPGA/DE0-Nano/software/ua_bsp/\libhal_bsp.a(altera_nios2_gen2_irq.o)
                                 0xec (size before relaxing)
 .debug_line_str
                0x00000368      0x1b3 c:/intelfpga_lite/23.1std/nios2eds/bin/gnu/h-x86_64-mingw32/bin/../lib/gcc/nios2-elf/12.3.1/../../../../../H-x86_64-mingw32/nios2-elf/lib/mno-hw-mul\libsmallc.a(libc_a-memcpy.o)
                                0x259 (size before relaxing)
 .debug_line_str
                0x0000051b       0x39 c:/intelfpga_lite/23.1std/nios2eds/bin/gnu/h-x86_64-mingw32/bin/../lib/gcc/nios2-elf/12.3.1/../../../../../H-x86_64-mingw32/nios2-elf/lib/mno-hw-mul\libsmallc.a(libc_a-strlen.o)
                                0x259 (size before relaxing)

.debug_loclists
                0x00000000      0x1a6
 .debug_loclists
                0x00000000       0x2c c:/Users/thiag/Downloads/CoLendaFPGA/CoLendaFPGA/DE0-Nano/software/ua_bsp/\libhal_bsp.a(alt_putstr.o)
 .debug_loclists
                0x0000002c       0x1e c:/Users/thiag/Downloads/CoLendaFPGA/CoLendaFPGA/DE0-Nano/software/ua_bsp/\libhal_bsp.a(alt_sys_init.o)
 .debug_loclists
                0x0000004a       0x5e c:/Users/thiag/Downloads/CoLendaFPGA/CoLendaFPGA/DE0-Nano/software/ua_bsp/\libhal_bsp.a(altera_avalon_jtag_uart_write.o)
 .debug_loclists
                0x000000a8       0xcc c:/intelfpga_lite/23.1std/nios2eds/bin/gnu/h-x86_64-mingw32/bin/../lib/gcc/nios2-elf/12.3.1/../../../../../H-x86_64-mingw32/nios2-elf/lib/mno-hw-mul\libsmallc.a(libc_a-memcpy.o)
 .debug_loclists
                0x00000174       0x32 c:/intelfpga_lite/23.1std/nios2eds/bin/gnu/h-x86_64-mingw32/bin/../lib/gcc/nios2-elf/12.3.1/../../../../../H-x86_64-mingw32/nios2-elf/lib/mno-hw-mul\libsmallc.a(libc_a-strlen.o)
