Archive member included to satisfy reference by file (symbol)

c:/intelfpga_lite/23.1std/nios2eds/bin/gnu/h-x86_64-mingw32/bin/../lib/gcc/nios2-elf/12.3.1/../../../../../H-x86_64-mingw32/nios2-elf/lib/mno-hw-mul\libsmallc.a(libc_a-puts.o)
                              obj/default/hello_world_small.o (puts)
c:/intelfpga_lite/23.1std/nios2eds/bin/gnu/h-x86_64-mingw32/bin/../lib/gcc/nios2-elf/12.3.1/../../../../../H-x86_64-mingw32/nios2-elf/lib/mno-hw-mul\libsmallc.a(libc_a-strlen.o)
                              c:/intelfpga_lite/23.1std/nios2eds/bin/gnu/h-x86_64-mingw32/bin/../lib/gcc/nios2-elf/12.3.1/../../../../../H-x86_64-mingw32/nios2-elf/lib/mno-hw-mul\libsmallc.a(libc_a-puts.o) (strlen)
c:/intelfpga_lite/23.1std/nios2eds/bin/gnu/h-x86_64-mingw32/bin/../lib/gcc/nios2-elf/12.3.1/../../../../../H-x86_64-mingw32/nios2-elf/lib/mno-hw-mul\libsmallc.a(libc_a-impure.o)
                              c:/intelfpga_lite/23.1std/nios2eds/bin/gnu/h-x86_64-mingw32/bin/../lib/gcc/nios2-elf/12.3.1/../../../../../H-x86_64-mingw32/nios2-elf/lib/mno-hw-mul\libsmallc.a(libc_a-puts.o) (_impure_ptr)
c:/intelfpga_lite/23.1std/nios2eds/bin/gnu/h-x86_64-mingw32/bin/../lib/gcc/nios2-elf/12.3.1/../../../../../H-x86_64-mingw32/nios2-elf/lib/mno-hw-mul\libsmallc.a(libc_a-fvwrite_small_dev.o)
                              c:/intelfpga_lite/23.1std/nios2eds/bin/gnu/h-x86_64-mingw32/bin/../lib/gcc/nios2-elf/12.3.1/../../../../../H-x86_64-mingw32/nios2-elf/lib/mno-hw-mul\libsmallc.a(libc_a-puts.o) (__sfvwrite_small_dev)
c:/intelfpga_lite/23.1std/nios2eds/bin/gnu/h-x86_64-mingw32/bin/../lib/gcc/nios2-elf/12.3.1/../../../../../H-x86_64-mingw32/nios2-elf/lib/mno-hw-mul\libsmallc.a(libc_a-writer.o)
                              c:/intelfpga_lite/23.1std/nios2eds/bin/gnu/h-x86_64-mingw32/bin/../lib/gcc/nios2-elf/12.3.1/../../../../../H-x86_64-mingw32/nios2-elf/lib/mno-hw-mul\libsmallc.a(libc_a-fvwrite_small_dev.o) (_write_r)
c:/intelfpga_lite/23.1std/nios2eds/bin/gnu/h-x86_64-mingw32/bin/../lib/gcc/nios2-elf/12.3.1/../../../../../H-x86_64-mingw32/nios2-elf/lib/mno-hw-mul\libsmallc.a(libc_a-int_errno.o)
                              c:/intelfpga_lite/23.1std/nios2eds/bin/gnu/h-x86_64-mingw32/bin/../lib/gcc/nios2-elf/12.3.1/../../../../../H-x86_64-mingw32/nios2-elf/lib/mno-hw-mul\libsmallc.a(libc_a-writer.o) (errno)
c:/Users/thiag/Documents/New_Ic/software/helloNios_bsp/\libhal_bsp.a(alt_iic.o)
                              obj/default/hello_world_small.o (alt_ic_isr_register)
c:/Users/thiag/Documents/New_Ic/software/helloNios_bsp/\libhal_bsp.a(alt_iic_isr_register.o)
                              c:/Users/thiag/Documents/New_Ic/software/helloNios_bsp/\libhal_bsp.a(alt_iic.o) (alt_iic_isr_register)
c:/Users/thiag/Documents/New_Ic/software/helloNios_bsp/\libhal_bsp.a(alt_irq_entry.o)
                              c:/Users/thiag/Documents/New_Ic/software/helloNios_bsp/\libhal_bsp.a(alt_iic_isr_register.o) (alt_irq_entry)
c:/Users/thiag/Documents/New_Ic/software/helloNios_bsp/\libhal_bsp.a(alt_irq_handler.o)
                              c:/Users/thiag/Documents/New_Ic/software/helloNios_bsp/\libhal_bsp.a(alt_iic_isr_register.o) (alt_irq_handler)
c:/Users/thiag/Documents/New_Ic/software/helloNios_bsp/\libhal_bsp.a(alt_irq_vars.o)
                              c:/Users/thiag/Documents/New_Ic/software/helloNios_bsp/\libhal_bsp.a(alt_iic.o) (alt_irq_active)
c:/Users/thiag/Documents/New_Ic/software/helloNios_bsp/\libhal_bsp.a(alt_load.o)
                              c:/Users/thiag/Documents/New_Ic/software/helloNios_bsp//obj/HAL/src/crt0.o (alt_load)
c:/Users/thiag/Documents/New_Ic/software/helloNios_bsp/\libhal_bsp.a(alt_main.o)
                              c:/Users/thiag/Documents/New_Ic/software/helloNios_bsp//obj/HAL/src/crt0.o (alt_main)
c:/Users/thiag/Documents/New_Ic/software/helloNios_bsp/\libhal_bsp.a(alt_write.o)
                              c:/intelfpga_lite/23.1std/nios2eds/bin/gnu/h-x86_64-mingw32/bin/../lib/gcc/nios2-elf/12.3.1/../../../../../H-x86_64-mingw32/nios2-elf/lib/mno-hw-mul\libsmallc.a(libc_a-writer.o) (write)
c:/Users/thiag/Documents/New_Ic/software/helloNios_bsp/\libhal_bsp.a(alt_sys_init.o)
                              c:/Users/thiag/Documents/New_Ic/software/helloNios_bsp/\libhal_bsp.a(alt_main.o) (alt_irq_init)
c:/Users/thiag/Documents/New_Ic/software/helloNios_bsp/\libhal_bsp.a(altera_avalon_jtag_uart_write.o)
                              c:/Users/thiag/Documents/New_Ic/software/helloNios_bsp/\libhal_bsp.a(alt_write.o) (altera_avalon_jtag_uart_write)
c:/Users/thiag/Documents/New_Ic/software/helloNios_bsp/\libhal_bsp.a(alt_dcache_flush_all.o)
                              c:/Users/thiag/Documents/New_Ic/software/helloNios_bsp/\libhal_bsp.a(alt_load.o) (alt_dcache_flush_all)
c:/Users/thiag/Documents/New_Ic/software/helloNios_bsp/\libhal_bsp.a(alt_errno.o)
                              c:/Users/thiag/Documents/New_Ic/software/helloNios_bsp/\libhal_bsp.a(alt_write.o) (alt_errno)
c:/Users/thiag/Documents/New_Ic/software/helloNios_bsp/\libhal_bsp.a(alt_exception_entry.o)
                              c:/Users/thiag/Documents/New_Ic/software/helloNios_bsp/\libhal_bsp.a(alt_irq_entry.o) (alt_exception)
c:/Users/thiag/Documents/New_Ic/software/helloNios_bsp/\libhal_bsp.a(alt_icache_flush_all.o)
                              c:/Users/thiag/Documents/New_Ic/software/helloNios_bsp/\libhal_bsp.a(alt_load.o) (alt_icache_flush_all)
c:/Users/thiag/Documents/New_Ic/software/helloNios_bsp/\libhal_bsp.a(alt_instruction_exception_entry.o)
                              c:/Users/thiag/Documents/New_Ic/software/helloNios_bsp/\libhal_bsp.a(alt_exception_entry.o) (alt_instruction_exception_entry)
c:/Users/thiag/Documents/New_Ic/software/helloNios_bsp/\libhal_bsp.a(altera_nios2_gen2_irq.o)
                              c:/Users/thiag/Documents/New_Ic/software/helloNios_bsp/\libhal_bsp.a(alt_sys_init.o) (altera_nios2_gen2_irq_init)
c:/intelfpga_lite/23.1std/nios2eds/bin/gnu/h-x86_64-mingw32/bin/../lib/gcc/nios2-elf/12.3.1/../../../../../H-x86_64-mingw32/nios2-elf/lib/mno-hw-mul\libsmallc.a(libc_a-memcpy.o)
                              c:/Users/thiag/Documents/New_Ic/software/helloNios_bsp/\libhal_bsp.a(alt_load.o) (memcpy)

Memory Configuration

Name             Origin             Length             Attributes
reset            0x00001000         0x00000020
onchip_memory2_0 0x00001020         0x00000fe0
*default*        0x00000000         0xffffffff

Linker script and memory map

LOAD c:/Users/thiag/Documents/New_Ic/software/helloNios_bsp//obj/HAL/src/crt0.o
LOAD obj/default/hello_world_small.o
LOAD obj/default/lib_KEY/KEY.o
LOAD c:/intelfpga_lite/23.1std/nios2eds/bin/gnu/h-x86_64-mingw32/bin/../lib/gcc/nios2-elf/12.3.1/../../../../../H-x86_64-mingw32/nios2-elf/lib/mno-hw-mul\libstdc++.a
LOAD c:/intelfpga_lite/23.1std/nios2eds/bin/gnu/h-x86_64-mingw32/bin/../lib/gcc/nios2-elf/12.3.1/../../../../../H-x86_64-mingw32/nios2-elf/lib/mno-hw-mul\libm.a
LOAD c:/intelfpga_lite/23.1std/nios2eds/bin/gnu/h-x86_64-mingw32/bin/../lib/gcc/nios2-elf/12.3.1/mno-hw-mul\libgcc.a
START GROUP
LOAD c:/intelfpga_lite/23.1std/nios2eds/bin/gnu/h-x86_64-mingw32/bin/../lib/gcc/nios2-elf/12.3.1/../../../../../H-x86_64-mingw32/nios2-elf/lib/mno-hw-mul\libsmallc.a
LOAD c:/intelfpga_lite/23.1std/nios2eds/bin/gnu/h-x86_64-mingw32/bin/../lib/gcc/nios2-elf/12.3.1/mno-hw-mul\libgcc.a
LOAD c:/Users/thiag/Documents/New_Ic/software/helloNios_bsp/\libhal_bsp.a
LOAD c:/intelfpga_lite/23.1std/nios2eds/bin/gnu/h-x86_64-mingw32/bin/../lib/gcc/nios2-elf/12.3.1/../../../../../H-x86_64-mingw32/nios2-elf/lib/mno-hw-mul\libm.a
END GROUP
LOAD c:/intelfpga_lite/23.1std/nios2eds/bin/gnu/h-x86_64-mingw32/bin/../lib/gcc/nios2-elf/12.3.1/mno-hw-mul\libgcc.a
                0x00001000                        __alt_mem_onchip_memory2_0 = 0x1000

.entry          0x00001000       0x20
 *(.entry)
 .entry         0x00001000       0x20 c:/Users/thiag/Documents/New_Ic/software/helloNios_bsp//obj/HAL/src/crt0.o
                0x00001000                __reset
                0x0000100c                _exit

.exceptions     0x00001020      0x160
                0x00001020                        PROVIDE (__ram_exceptions_start = ABSOLUTE (.))
                0x00001020                        . = ALIGN (0x20)
 *(.irq)
 *(.exceptions.entry.label)
 .exceptions.entry.label
                0x00001020        0x0 c:/Users/thiag/Documents/New_Ic/software/helloNios_bsp/\libhal_bsp.a(alt_irq_entry.o)
                0x00001020                alt_irq_entry
 .exceptions.entry.label
                0x00001020        0x0 c:/Users/thiag/Documents/New_Ic/software/helloNios_bsp/\libhal_bsp.a(alt_exception_entry.o)
                0x00001020                alt_exception
 *(.exceptions.entry.user)
 *(.exceptions.entry.ecc_fatal)
 *(.exceptions.entry)
 .exceptions.entry
                0x00001020       0x54 c:/Users/thiag/Documents/New_Ic/software/helloNios_bsp/\libhal_bsp.a(alt_exception_entry.o)
 *(.exceptions.irqtest.user)
 *(.exceptions.irqtest)
 .exceptions.irqtest
                0x00001074       0x10 c:/Users/thiag/Documents/New_Ic/software/helloNios_bsp/\libhal_bsp.a(alt_irq_entry.o)
 *(.exceptions.irqhandler.user)
 *(.exceptions.irqhandler)
 .exceptions.irqhandler
                0x00001084        0x4 c:/Users/thiag/Documents/New_Ic/software/helloNios_bsp/\libhal_bsp.a(alt_irq_entry.o)
 *(.exceptions.irqreturn.user)
 *(.exceptions.irqreturn)
 .exceptions.irqreturn
                0x00001088        0x4 c:/Users/thiag/Documents/New_Ic/software/helloNios_bsp/\libhal_bsp.a(alt_irq_entry.o)
 *(.exceptions.notirq.label)
 .exceptions.notirq.label
                0x0000108c        0x0 c:/Users/thiag/Documents/New_Ic/software/helloNios_bsp/\libhal_bsp.a(alt_irq_entry.o)
 *(.exceptions.notirq.user)
 *(.exceptions.notirq)
 .exceptions.notirq
                0x0000108c        0x8 c:/Users/thiag/Documents/New_Ic/software/helloNios_bsp/\libhal_bsp.a(alt_exception_entry.o)
 *(.exceptions.soft.user)
 *(.exceptions.soft)
 *(.exceptions.unknown.user)
 *(.exceptions.unknown)
 .exceptions.unknown
                0x00001094       0x14 c:/Users/thiag/Documents/New_Ic/software/helloNios_bsp/\libhal_bsp.a(alt_exception_entry.o)
 *(.exceptions.exit.label)
 .exceptions.exit.label
                0x000010a8        0x0 c:/Users/thiag/Documents/New_Ic/software/helloNios_bsp/\libhal_bsp.a(alt_irq_entry.o)
 .exceptions.exit.label
                0x000010a8        0x0 c:/Users/thiag/Documents/New_Ic/software/helloNios_bsp/\libhal_bsp.a(alt_exception_entry.o)
 *(.exceptions.exit.user)
 *(.exceptions.exit)
 .exceptions.exit
                0x000010a8       0x54 c:/Users/thiag/Documents/New_Ic/software/helloNios_bsp/\libhal_bsp.a(alt_exception_entry.o)
 *(.exceptions)
 .exceptions    0x000010fc       0x60 c:/Users/thiag/Documents/New_Ic/software/helloNios_bsp/\libhal_bsp.a(alt_irq_handler.o)
                0x000010fc                alt_irq_handler
 .exceptions    0x0000115c       0x24 c:/Users/thiag/Documents/New_Ic/software/helloNios_bsp/\libhal_bsp.a(alt_instruction_exception_entry.o)
                0x0000115c                alt_instruction_exception_entry
                0x00001180                        PROVIDE (__ram_exceptions_end = ABSOLUTE (.))
                0x00001020                        PROVIDE (__flash_exceptions_start = LOADADDR (.exceptions))

.text           0x00001180      0x708
                [!provide]                        PROVIDE (stext = ABSOLUTE (.))
 *(.interp)
 *(.hash)
 *(.dynsym)
 *(.dynstr)
 *(.gnu.version)
 *(.gnu.version_d)
 *(.gnu.version_r)
 *(.rel.init)
 *(.rela.init)
 *(.rel.text .rel.text.* .rel.gnu.linkonce.t.*)
 *(.rela.text .rela.text.* .rela.gnu.linkonce.t.*)
 *(.rel.fini)
 *(.rela.fini)
 *(.rel.rodata .rel.rodata.* .rel.gnu.linkonce.r.*)
 *(.rela.rodata .rela.rodata.* .rela.gnu.linkonce.r.*)
 *(.rel.data .rel.data.* .rel.gnu.linkonce.d.*)
 *(.rela.data .rela.data.* .rela.gnu.linkonce.d.*)
 *(.rel.tdata .rel.tdata.* .rel.gnu.linkonce.td.*)
 *(.rela.tdata .rela.tdata.* .rela.gnu.linkonce.td.*)
 *(.rel.tbss .rel.tbss.* .rel.gnu.linkonce.tb.*)
 *(.rela.tbss .rela.tbss.* .rela.gnu.linkonce.tb.*)
 *(.rel.ctors)
 *(.rela.ctors)
 *(.rel.dtors)
 *(.rela.dtors)
 *(.rel.got)
 *(.rela.got)
 *(.rel.sdata .rel.sdata.* .rel.gnu.linkonce.s.*)
 *(.rela.sdata .rela.sdata.* .rela.gnu.linkonce.s.*)
 *(.rel.sbss .rel.sbss.* .rel.gnu.linkonce.sb.*)
 *(.rela.sbss .rela.sbss.* .rela.gnu.linkonce.sb.*)
 *(.rel.sdata2 .rel.sdata2.* .rel.gnu.linkonce.s2.*)
 *(.rela.sdata2 .rela.sdata2.* .rela.gnu.linkonce.s2.*)
 *(.rel.sbss2 .rel.sbss2.* .rel.gnu.linkonce.sb2.*)
 *(.rela.sbss2 .rela.sbss2.* .rela.gnu.linkonce.sb2.*)
 *(.rel.bss .rel.bss.* .rel.gnu.linkonce.b.*)
 *(.rela.bss .rela.bss.* .rela.gnu.linkonce.b.*)
 *(.rel.plt)
 *(.rela.plt)
 *(.rel.dyn)
 *(.init)
 *(.plt)
 *(.text .stub .text.* .gnu.linkonce.t.*)
 .text          0x00001180       0x3c c:/Users/thiag/Documents/New_Ic/software/helloNios_bsp//obj/HAL/src/crt0.o
                0x00001180                _start
 .text          0x000011bc       0x24 obj/default/hello_world_small.o
                0x000011bc                interrupt_handler
 .text.startup  0x000011e0       0x40 obj/default/hello_world_small.o
                0x000011e0                main
 .text          0x00001220      0x214 obj/default/lib_KEY/KEY.o
                0x00001220                initialize_joystick
                0x0000123c                close_joystick
                0x00001244                is_KEY_pressed
                0x000012c0                is_KEY_released
                0x00001344                detect_KEY_change
                0x000013cc                state_KEY
 .text          0x00001434        0x0 c:/intelfpga_lite/23.1std/nios2eds/bin/gnu/h-x86_64-mingw32/bin/../lib/gcc/nios2-elf/12.3.1/../../../../../H-x86_64-mingw32/nios2-elf/lib/mno-hw-mul\libsmallc.a(libc_a-puts.o)
 .text._puts_r  0x00001434       0x80 c:/intelfpga_lite/23.1std/nios2eds/bin/gnu/h-x86_64-mingw32/bin/../lib/gcc/nios2-elf/12.3.1/../../../../../H-x86_64-mingw32/nios2-elf/lib/mno-hw-mul\libsmallc.a(libc_a-puts.o)
                0x00001434                _puts_r
 .text.puts     0x000014b4       0x10 c:/intelfpga_lite/23.1std/nios2eds/bin/gnu/h-x86_64-mingw32/bin/../lib/gcc/nios2-elf/12.3.1/../../../../../H-x86_64-mingw32/nios2-elf/lib/mno-hw-mul\libsmallc.a(libc_a-puts.o)
                0x000014b4                puts
 .text          0x000014c4        0x0 c:/intelfpga_lite/23.1std/nios2eds/bin/gnu/h-x86_64-mingw32/bin/../lib/gcc/nios2-elf/12.3.1/../../../../../H-x86_64-mingw32/nios2-elf/lib/mno-hw-mul\libsmallc.a(libc_a-strlen.o)
 .text.strlen   0x000014c4       0x1c c:/intelfpga_lite/23.1std/nios2eds/bin/gnu/h-x86_64-mingw32/bin/../lib/gcc/nios2-elf/12.3.1/../../../../../H-x86_64-mingw32/nios2-elf/lib/mno-hw-mul\libsmallc.a(libc_a-strlen.o)
                0x000014c4                strlen
 .text          0x000014e0        0x0 c:/intelfpga_lite/23.1std/nios2eds/bin/gnu/h-x86_64-mingw32/bin/../lib/gcc/nios2-elf/12.3.1/../../../../../H-x86_64-mingw32/nios2-elf/lib/mno-hw-mul\libsmallc.a(libc_a-impure.o)
 .text          0x000014e0        0x0 c:/intelfpga_lite/23.1std/nios2eds/bin/gnu/h-x86_64-mingw32/bin/../lib/gcc/nios2-elf/12.3.1/../../../../../H-x86_64-mingw32/nios2-elf/lib/mno-hw-mul\libsmallc.a(libc_a-fvwrite_small_dev.o)
 .text.__sfvwrite_small_dev
                0x000014e0       0xa8 c:/intelfpga_lite/23.1std/nios2eds/bin/gnu/h-x86_64-mingw32/bin/../lib/gcc/nios2-elf/12.3.1/../../../../../H-x86_64-mingw32/nios2-elf/lib/mno-hw-mul\libsmallc.a(libc_a-fvwrite_small_dev.o)
                0x000014e0                __sfvwrite_small_dev
 .text          0x00001588        0x0 c:/intelfpga_lite/23.1std/nios2eds/bin/gnu/h-x86_64-mingw32/bin/../lib/gcc/nios2-elf/12.3.1/../../../../../H-x86_64-mingw32/nios2-elf/lib/mno-hw-mul\libsmallc.a(libc_a-writer.o)
 .text._write_r
                0x00001588       0x50 c:/intelfpga_lite/23.1std/nios2eds/bin/gnu/h-x86_64-mingw32/bin/../lib/gcc/nios2-elf/12.3.1/../../../../../H-x86_64-mingw32/nios2-elf/lib/mno-hw-mul\libsmallc.a(libc_a-writer.o)
                0x00001588                _write_r
 .text          0x000015d8        0x0 c:/intelfpga_lite/23.1std/nios2eds/bin/gnu/h-x86_64-mingw32/bin/../lib/gcc/nios2-elf/12.3.1/../../../../../H-x86_64-mingw32/nios2-elf/lib/mno-hw-mul\libsmallc.a(libc_a-int_errno.o)
 .text          0x000015d8       0x8c c:/Users/thiag/Documents/New_Ic/software/helloNios_bsp/\libhal_bsp.a(alt_iic.o)
                0x000015d8                alt_ic_isr_register
                0x000015dc                alt_ic_irq_enable
                0x00001614                alt_ic_irq_disable
                0x0000164c                alt_ic_irq_enabled
 .text          0x00001664       0x68 c:/Users/thiag/Documents/New_Ic/software/helloNios_bsp/\libhal_bsp.a(alt_iic_isr_register.o)
                0x00001664                alt_iic_isr_register
 .text          0x000016cc        0x0 c:/Users/thiag/Documents/New_Ic/software/helloNios_bsp/\libhal_bsp.a(alt_irq_entry.o)
 .text          0x000016cc        0x0 c:/Users/thiag/Documents/New_Ic/software/helloNios_bsp/\libhal_bsp.a(alt_irq_handler.o)
 .text          0x000016cc        0x0 c:/Users/thiag/Documents/New_Ic/software/helloNios_bsp/\libhal_bsp.a(alt_irq_vars.o)
 .text          0x000016cc       0x84 c:/Users/thiag/Documents/New_Ic/software/helloNios_bsp/\libhal_bsp.a(alt_load.o)
                0x000016cc                alt_load
 .text          0x00001750       0x2c c:/Users/thiag/Documents/New_Ic/software/helloNios_bsp/\libhal_bsp.a(alt_main.o)
                0x00001750                alt_main
 .text          0x0000177c       0x5c c:/Users/thiag/Documents/New_Ic/software/helloNios_bsp/\libhal_bsp.a(alt_write.o)
                0x0000177c                write
 .text          0x000017d8       0x24 c:/Users/thiag/Documents/New_Ic/software/helloNios_bsp/\libhal_bsp.a(alt_sys_init.o)
                0x000017d8                alt_irq_init
                0x000017f8                alt_sys_init
 .text          0x000017fc       0x30 c:/Users/thiag/Documents/New_Ic/software/helloNios_bsp/\libhal_bsp.a(altera_avalon_jtag_uart_write.o)
                0x000017fc                altera_avalon_jtag_uart_write
 .text          0x0000182c        0x4 c:/Users/thiag/Documents/New_Ic/software/helloNios_bsp/\libhal_bsp.a(alt_dcache_flush_all.o)
                0x0000182c                alt_dcache_flush_all
 .text          0x00001830        0x0 c:/Users/thiag/Documents/New_Ic/software/helloNios_bsp/\libhal_bsp.a(alt_errno.o)
 .text          0x00001830        0x0 c:/Users/thiag/Documents/New_Ic/software/helloNios_bsp/\libhal_bsp.a(alt_exception_entry.o)
 .text          0x00001830        0x4 c:/Users/thiag/Documents/New_Ic/software/helloNios_bsp/\libhal_bsp.a(alt_icache_flush_all.o)
                0x00001830                alt_icache_flush_all
 .text          0x00001834       0x24 c:/Users/thiag/Documents/New_Ic/software/helloNios_bsp/\libhal_bsp.a(alt_instruction_exception_entry.o)
                0x00001834                alt_exception_cause_generated_bad_addr
 .text          0x00001858        0x8 c:/Users/thiag/Documents/New_Ic/software/helloNios_bsp/\libhal_bsp.a(altera_nios2_gen2_irq.o)
                0x00001858                altera_nios2_gen2_irq_init
 .text          0x00001860        0x0 c:/intelfpga_lite/23.1std/nios2eds/bin/gnu/h-x86_64-mingw32/bin/../lib/gcc/nios2-elf/12.3.1/../../../../../H-x86_64-mingw32/nios2-elf/lib/mno-hw-mul\libsmallc.a(libc_a-memcpy.o)
 .text.memcpy   0x00001860       0x28 c:/intelfpga_lite/23.1std/nios2eds/bin/gnu/h-x86_64-mingw32/bin/../lib/gcc/nios2-elf/12.3.1/../../../../../H-x86_64-mingw32/nios2-elf/lib/mno-hw-mul\libsmallc.a(libc_a-memcpy.o)
                0x00001860                memcpy
 *(.gnu.warning.*)
 *(.fini)
                [!provide]                        PROVIDE (__etext = ABSOLUTE (.))
                [!provide]                        PROVIDE (_etext = ABSOLUTE (.))
                [!provide]                        PROVIDE (etext = ABSOLUTE (.))
 *(.eh_frame_hdr)
                0x00001888                        . = ALIGN (0x4)
                [!provide]                        PROVIDE (__preinit_array_start = ABSOLUTE (.))
 *(.preinit_array)
                [!provide]                        PROVIDE (__preinit_array_end = ABSOLUTE (.))
                [!provide]                        PROVIDE (__init_array_start = ABSOLUTE (.))
 *(SORT_BY_INIT_PRIORITY(.init_array.*))
 *(.init_array)
                [!provide]                        PROVIDE (__init_array_end = ABSOLUTE (.))
                [!provide]                        PROVIDE (__fini_array_start = ABSOLUTE (.))
 *(.fini_array)
                [!provide]                        PROVIDE (__fini_array_end = ABSOLUTE (.))
 *(.eh_frame)
 *(.gcc_except_table .gcc_except_table.*)
 *(.dynamic)
                [!provide]                        PROVIDE (__CTOR_LIST__ = ABSOLUTE (.))
 *(.ctors)
 *(SORT_BY_NAME(.ctors.*))
                [!provide]                        PROVIDE (__CTOR_END__ = ABSOLUTE (.))
                [!provide]                        PROVIDE (__DTOR_LIST__ = ABSOLUTE (.))
 *(.dtors)
 *(SORT_BY_NAME(.dtors.*))
                [!provide]                        PROVIDE (__DTOR_END__ = ABSOLUTE (.))
 *(.jcr)
                0x00001888                        . = ALIGN (0x4)

.rodata         0x00001888       0x44
                0x00001888                        PROVIDE (__ram_rodata_start = ABSOLUTE (.))
                0x00001888                        . = ALIGN (0x4)
 *(.rodata .rodata.* .gnu.linkonce.r.*)
 .rodata.str1.4
                0x00001888       0x1d obj/default/hello_world_small.o
 *fill*         0x000018a5        0x3 
 .rodata.str1.4
                0x000018a8       0x1d obj/default/lib_KEY/KEY.o
 *fill*         0x000018c5        0x3 
 .rodata._puts_r.str1.4
                0x000018c8        0x2 c:/intelfpga_lite/23.1std/nios2eds/bin/gnu/h-x86_64-mingw32/bin/../lib/gcc/nios2-elf/12.3.1/../../../../../H-x86_64-mingw32/nios2-elf/lib/mno-hw-mul\libsmallc.a(libc_a-puts.o)
 *(.rodata1)
                0x000018cc                        . = ALIGN (0x4)
 *fill*         0x000018ca        0x2 
                0x000018cc                        PROVIDE (__ram_rodata_end = ABSOLUTE (.))
                0x00001888                        PROVIDE (__flash_rodata_start = LOADADDR (.rodata))

.rwdata         0x000018cc       0x64 load address 0x00001930
                0x000018cc                        PROVIDE (__ram_rwdata_start = ABSOLUTE (.))
                0x000018cc                        . = ALIGN (0x4)
 *(.got.plt)
 *(.got)
 *(.data1)
 *(.data .data.* .gnu.linkonce.d.*)
 .data          0x000018cc        0x0 c:/Users/thiag/Documents/New_Ic/software/helloNios_bsp//obj/HAL/src/crt0.o
 .data          0x000018cc        0x0 obj/default/hello_world_small.o
 .data          0x000018cc        0x0 obj/default/lib_KEY/KEY.o
 .data          0x000018cc        0x0 c:/intelfpga_lite/23.1std/nios2eds/bin/gnu/h-x86_64-mingw32/bin/../lib/gcc/nios2-elf/12.3.1/../../../../../H-x86_64-mingw32/nios2-elf/lib/mno-hw-mul\libsmallc.a(libc_a-puts.o)
 .data          0x000018cc        0x0 c:/intelfpga_lite/23.1std/nios2eds/bin/gnu/h-x86_64-mingw32/bin/../lib/gcc/nios2-elf/12.3.1/../../../../../H-x86_64-mingw32/nios2-elf/lib/mno-hw-mul\libsmallc.a(libc_a-strlen.o)
 .data          0x000018cc        0x0 c:/intelfpga_lite/23.1std/nios2eds/bin/gnu/h-x86_64-mingw32/bin/../lib/gcc/nios2-elf/12.3.1/../../../../../H-x86_64-mingw32/nios2-elf/lib/mno-hw-mul\libsmallc.a(libc_a-impure.o)
 .data._impure_data
                0x000018cc       0x54 c:/intelfpga_lite/23.1std/nios2eds/bin/gnu/h-x86_64-mingw32/bin/../lib/gcc/nios2-elf/12.3.1/../../../../../H-x86_64-mingw32/nios2-elf/lib/mno-hw-mul\libsmallc.a(libc_a-impure.o)
                0x000018cc                _impure_data
 .data          0x00001920        0x0 c:/intelfpga_lite/23.1std/nios2eds/bin/gnu/h-x86_64-mingw32/bin/../lib/gcc/nios2-elf/12.3.1/../../../../../H-x86_64-mingw32/nios2-elf/lib/mno-hw-mul\libsmallc.a(libc_a-fvwrite_small_dev.o)
 .data          0x00001920        0x0 c:/intelfpga_lite/23.1std/nios2eds/bin/gnu/h-x86_64-mingw32/bin/../lib/gcc/nios2-elf/12.3.1/../../../../../H-x86_64-mingw32/nios2-elf/lib/mno-hw-mul\libsmallc.a(libc_a-writer.o)
 .data          0x00001920        0x0 c:/intelfpga_lite/23.1std/nios2eds/bin/gnu/h-x86_64-mingw32/bin/../lib/gcc/nios2-elf/12.3.1/../../../../../H-x86_64-mingw32/nios2-elf/lib/mno-hw-mul\libsmallc.a(libc_a-int_errno.o)
 .data          0x00001920        0x0 c:/Users/thiag/Documents/New_Ic/software/helloNios_bsp/\libhal_bsp.a(alt_iic.o)
 .data          0x00001920        0x0 c:/Users/thiag/Documents/New_Ic/software/helloNios_bsp/\libhal_bsp.a(alt_iic_isr_register.o)
 .data          0x00001920        0x0 c:/Users/thiag/Documents/New_Ic/software/helloNios_bsp/\libhal_bsp.a(alt_irq_entry.o)
 .data          0x00001920        0x0 c:/Users/thiag/Documents/New_Ic/software/helloNios_bsp/\libhal_bsp.a(alt_irq_handler.o)
 .data          0x00001920        0x0 c:/Users/thiag/Documents/New_Ic/software/helloNios_bsp/\libhal_bsp.a(alt_irq_vars.o)
 .data          0x00001920        0x0 c:/Users/thiag/Documents/New_Ic/software/helloNios_bsp/\libhal_bsp.a(alt_load.o)
 .data          0x00001920        0x0 c:/Users/thiag/Documents/New_Ic/software/helloNios_bsp/\libhal_bsp.a(alt_main.o)
 .data          0x00001920        0x0 c:/Users/thiag/Documents/New_Ic/software/helloNios_bsp/\libhal_bsp.a(alt_write.o)
 .data          0x00001920        0x0 c:/Users/thiag/Documents/New_Ic/software/helloNios_bsp/\libhal_bsp.a(alt_sys_init.o)
 .data          0x00001920        0x0 c:/Users/thiag/Documents/New_Ic/software/helloNios_bsp/\libhal_bsp.a(altera_avalon_jtag_uart_write.o)
 .data          0x00001920        0x0 c:/Users/thiag/Documents/New_Ic/software/helloNios_bsp/\libhal_bsp.a(alt_dcache_flush_all.o)
 .data          0x00001920        0x0 c:/Users/thiag/Documents/New_Ic/software/helloNios_bsp/\libhal_bsp.a(alt_errno.o)
 .data          0x00001920        0x0 c:/Users/thiag/Documents/New_Ic/software/helloNios_bsp/\libhal_bsp.a(alt_exception_entry.o)
 .data          0x00001920        0x0 c:/Users/thiag/Documents/New_Ic/software/helloNios_bsp/\libhal_bsp.a(alt_icache_flush_all.o)
 .data          0x00001920        0x0 c:/Users/thiag/Documents/New_Ic/software/helloNios_bsp/\libhal_bsp.a(alt_instruction_exception_entry.o)
 .data          0x00001920        0x0 c:/Users/thiag/Documents/New_Ic/software/helloNios_bsp/\libhal_bsp.a(altera_nios2_gen2_irq.o)
 .data          0x00001920        0x0 c:/intelfpga_lite/23.1std/nios2eds/bin/gnu/h-x86_64-mingw32/bin/../lib/gcc/nios2-elf/12.3.1/../../../../../H-x86_64-mingw32/nios2-elf/lib/mno-hw-mul\libsmallc.a(libc_a-memcpy.o)
                0x00009920                        _gp = ABSOLUTE ((. + 0x8000))
                [!provide]                        PROVIDE (gp = _gp)
 *(.rwdata .rwdata.*)
 *(.sdata .sdata.* .gnu.linkonce.s.*)
 .sdata._impure_ptr
                0x00001920        0x4 c:/intelfpga_lite/23.1std/nios2eds/bin/gnu/h-x86_64-mingw32/bin/../lib/gcc/nios2-elf/12.3.1/../../../../../H-x86_64-mingw32/nios2-elf/lib/mno-hw-mul\libsmallc.a(libc_a-impure.o)
                0x00001920                _impure_ptr
 .sdata         0x00001924        0x4 c:/Users/thiag/Documents/New_Ic/software/helloNios_bsp/\libhal_bsp.a(alt_irq_vars.o)
                0x00001924                alt_priority_mask
 .sdata         0x00001928        0x4 c:/Users/thiag/Documents/New_Ic/software/helloNios_bsp/\libhal_bsp.a(alt_sys_init.o)
                0x00001928                jtag_uart_0
 .sdata         0x0000192c        0x4 c:/Users/thiag/Documents/New_Ic/software/helloNios_bsp/\libhal_bsp.a(alt_errno.o)
                0x0000192c                alt_errno
 *(.sdata2 .sdata2.* .gnu.linkonce.s2.*)
                0x00001930                        . = ALIGN (0x4)
                0x00001930                        _edata = ABSOLUTE (.)
                [!provide]                        PROVIDE (edata = ABSOLUTE (.))
                0x00001930                        PROVIDE (__ram_rwdata_end = ABSOLUTE (.))
                0x00001930                        PROVIDE (__flash_rwdata_start = LOADADDR (.rwdata))

.bss            0x00001994      0x118
                0x00001994                        __bss_start = ABSOLUTE (.)
                [!provide]                        PROVIDE (__sbss_start = ABSOLUTE (.))
                [!provide]                        PROVIDE (___sbss_start = ABSOLUTE (.))
 *(.dynsbss)
 *(.sbss .sbss.* .gnu.linkonce.sb.*)
 .sbss.errno    0x00001994        0x4 c:/intelfpga_lite/23.1std/nios2eds/bin/gnu/h-x86_64-mingw32/bin/../lib/gcc/nios2-elf/12.3.1/../../../../../H-x86_64-mingw32/nios2-elf/lib/mno-hw-mul\libsmallc.a(libc_a-int_errno.o)
                0x00001994                errno
 .sbss          0x00001998        0x4 c:/Users/thiag/Documents/New_Ic/software/helloNios_bsp/\libhal_bsp.a(alt_irq_vars.o)
                0x00001998                alt_irq_active
 .sbss          0x0000199c        0xc c:/Users/thiag/Documents/New_Ic/software/helloNios_bsp/\libhal_bsp.a(alt_main.o)
                0x0000199c                alt_envp
                0x000019a0                alt_argv
                0x000019a4                alt_argc
 .sbss          0x000019a8        0x4 c:/Users/thiag/Documents/New_Ic/software/helloNios_bsp/\libhal_bsp.a(alt_instruction_exception_entry.o)
                0x000019a8                alt_instruction_exception_handler
 *(.sbss2 .sbss2.* .gnu.linkonce.sb2.*)
 *(.scommon)
                [!provide]                        PROVIDE (__sbss_end = ABSOLUTE (.))
                [!provide]                        PROVIDE (___sbss_end = ABSOLUTE (.))
 *(.dynbss)
 *(.bss .bss.* .gnu.linkonce.b.*)
 .bss           0x000019ac        0x0 c:/Users/thiag/Documents/New_Ic/software/helloNios_bsp//obj/HAL/src/crt0.o
 .bss           0x000019ac        0x0 obj/default/hello_world_small.o
 .bss           0x000019ac        0x0 obj/default/lib_KEY/KEY.o
 .bss           0x000019ac        0x0 c:/intelfpga_lite/23.1std/nios2eds/bin/gnu/h-x86_64-mingw32/bin/../lib/gcc/nios2-elf/12.3.1/../../../../../H-x86_64-mingw32/nios2-elf/lib/mno-hw-mul\libsmallc.a(libc_a-puts.o)
 .bss           0x000019ac        0x0 c:/intelfpga_lite/23.1std/nios2eds/bin/gnu/h-x86_64-mingw32/bin/../lib/gcc/nios2-elf/12.3.1/../../../../../H-x86_64-mingw32/nios2-elf/lib/mno-hw-mul\libsmallc.a(libc_a-strlen.o)
 .bss           0x000019ac        0x0 c:/intelfpga_lite/23.1std/nios2eds/bin/gnu/h-x86_64-mingw32/bin/../lib/gcc/nios2-elf/12.3.1/../../../../../H-x86_64-mingw32/nios2-elf/lib/mno-hw-mul\libsmallc.a(libc_a-impure.o)
 .bss           0x000019ac        0x0 c:/intelfpga_lite/23.1std/nios2eds/bin/gnu/h-x86_64-mingw32/bin/../lib/gcc/nios2-elf/12.3.1/../../../../../H-x86_64-mingw32/nios2-elf/lib/mno-hw-mul\libsmallc.a(libc_a-fvwrite_small_dev.o)
 .bss           0x000019ac        0x0 c:/intelfpga_lite/23.1std/nios2eds/bin/gnu/h-x86_64-mingw32/bin/../lib/gcc/nios2-elf/12.3.1/../../../../../H-x86_64-mingw32/nios2-elf/lib/mno-hw-mul\libsmallc.a(libc_a-writer.o)
 .bss           0x000019ac        0x0 c:/intelfpga_lite/23.1std/nios2eds/bin/gnu/h-x86_64-mingw32/bin/../lib/gcc/nios2-elf/12.3.1/../../../../../H-x86_64-mingw32/nios2-elf/lib/mno-hw-mul\libsmallc.a(libc_a-int_errno.o)
 .bss           0x000019ac        0x0 c:/Users/thiag/Documents/New_Ic/software/helloNios_bsp/\libhal_bsp.a(alt_iic.o)
 .bss           0x000019ac        0x0 c:/Users/thiag/Documents/New_Ic/software/helloNios_bsp/\libhal_bsp.a(alt_iic_isr_register.o)
 .bss           0x000019ac        0x0 c:/Users/thiag/Documents/New_Ic/software/helloNios_bsp/\libhal_bsp.a(alt_irq_entry.o)
 .bss           0x000019ac      0x100 c:/Users/thiag/Documents/New_Ic/software/helloNios_bsp/\libhal_bsp.a(alt_irq_handler.o)
                0x000019ac                alt_irq
 .bss           0x00001aac        0x0 c:/Users/thiag/Documents/New_Ic/software/helloNios_bsp/\libhal_bsp.a(alt_irq_vars.o)
 .bss           0x00001aac        0x0 c:/Users/thiag/Documents/New_Ic/software/helloNios_bsp/\libhal_bsp.a(alt_load.o)
 .bss           0x00001aac        0x0 c:/Users/thiag/Documents/New_Ic/software/helloNios_bsp/\libhal_bsp.a(alt_main.o)
 .bss           0x00001aac        0x0 c:/Users/thiag/Documents/New_Ic/software/helloNios_bsp/\libhal_bsp.a(alt_write.o)
 .bss           0x00001aac        0x0 c:/Users/thiag/Documents/New_Ic/software/helloNios_bsp/\libhal_bsp.a(alt_sys_init.o)
 .bss           0x00001aac        0x0 c:/Users/thiag/Documents/New_Ic/software/helloNios_bsp/\libhal_bsp.a(altera_avalon_jtag_uart_write.o)
 .bss           0x00001aac        0x0 c:/Users/thiag/Documents/New_Ic/software/helloNios_bsp/\libhal_bsp.a(alt_dcache_flush_all.o)
 .bss           0x00001aac        0x0 c:/Users/thiag/Documents/New_Ic/software/helloNios_bsp/\libhal_bsp.a(alt_errno.o)
 .bss           0x00001aac        0x0 c:/Users/thiag/Documents/New_Ic/software/helloNios_bsp/\libhal_bsp.a(alt_exception_entry.o)
 .bss           0x00001aac        0x0 c:/Users/thiag/Documents/New_Ic/software/helloNios_bsp/\libhal_bsp.a(alt_icache_flush_all.o)
 .bss           0x00001aac        0x0 c:/Users/thiag/Documents/New_Ic/software/helloNios_bsp/\libhal_bsp.a(alt_instruction_exception_entry.o)
 .bss           0x00001aac        0x0 c:/Users/thiag/Documents/New_Ic/software/helloNios_bsp/\libhal_bsp.a(altera_nios2_gen2_irq.o)
 .bss           0x00001aac        0x0 c:/intelfpga_lite/23.1std/nios2eds/bin/gnu/h-x86_64-mingw32/bin/../lib/gcc/nios2-elf/12.3.1/../../../../../H-x86_64-mingw32/nios2-elf/lib/mno-hw-mul\libsmallc.a(libc_a-memcpy.o)
 *(COMMON)
                0x00001aac                        . = ALIGN (0x4)
                0x00001aac                        __bss_end = ABSOLUTE (.)

.onchip_memory2_0
                0x00001aac        0x0
                [!provide]                        PROVIDE (_alt_partition_onchip_memory2_0_start = ABSOLUTE (.))
 *(.onchip_memory2_0 .onchip_memory2_0. onchip_memory2_0.*)
                0x00001aac                        . = ALIGN (0x4)
                [!provide]                        PROVIDE (_alt_partition_onchip_memory2_0_end = ABSOLUTE (.))
                0x00001aac                        _end = ABSOLUTE (.)
                0x00001aac                        end = ABSOLUTE (.)
                0x00001aac                        __alt_stack_base = ABSOLUTE (.)
                [!provide]                        PROVIDE (_alt_partition_onchip_memory2_0_load_addr = LOADADDR (.onchip_memory2_0))

.stab
 *(.stab)

.stabstr
 *(.stabstr)

.stab.excl
 *(.stab.excl)

.stab.exclstr
 *(.stab.exclstr)

.stab.index
 *(.stab.index)

.stab.indexstr
 *(.stab.indexstr)

.comment        0x00000000       0x2d
 *(.comment)
 .comment       0x00000000       0x2d obj/default/hello_world_small.o
                                 0x2e (size before relaxing)
 .comment       0x0000002d       0x2e obj/default/lib_KEY/KEY.o
 .comment       0x0000002d       0x2e c:/intelfpga_lite/23.1std/nios2eds/bin/gnu/h-x86_64-mingw32/bin/../lib/gcc/nios2-elf/12.3.1/../../../../../H-x86_64-mingw32/nios2-elf/lib/mno-hw-mul\libsmallc.a(libc_a-puts.o)
 .comment       0x0000002d       0x2e c:/intelfpga_lite/23.1std/nios2eds/bin/gnu/h-x86_64-mingw32/bin/../lib/gcc/nios2-elf/12.3.1/../../../../../H-x86_64-mingw32/nios2-elf/lib/mno-hw-mul\libsmallc.a(libc_a-strlen.o)
 .comment       0x0000002d       0x2e c:/intelfpga_lite/23.1std/nios2eds/bin/gnu/h-x86_64-mingw32/bin/../lib/gcc/nios2-elf/12.3.1/../../../../../H-x86_64-mingw32/nios2-elf/lib/mno-hw-mul\libsmallc.a(libc_a-impure.o)
 .comment       0x0000002d       0x2e c:/intelfpga_lite/23.1std/nios2eds/bin/gnu/h-x86_64-mingw32/bin/../lib/gcc/nios2-elf/12.3.1/../../../../../H-x86_64-mingw32/nios2-elf/lib/mno-hw-mul\libsmallc.a(libc_a-fvwrite_small_dev.o)
 .comment       0x0000002d       0x2e c:/intelfpga_lite/23.1std/nios2eds/bin/gnu/h-x86_64-mingw32/bin/../lib/gcc/nios2-elf/12.3.1/../../../../../H-x86_64-mingw32/nios2-elf/lib/mno-hw-mul\libsmallc.a(libc_a-writer.o)
 .comment       0x0000002d       0x2e c:/intelfpga_lite/23.1std/nios2eds/bin/gnu/h-x86_64-mingw32/bin/../lib/gcc/nios2-elf/12.3.1/../../../../../H-x86_64-mingw32/nios2-elf/lib/mno-hw-mul\libsmallc.a(libc_a-int_errno.o)
 .comment       0x0000002d       0x2e c:/Users/thiag/Documents/New_Ic/software/helloNios_bsp/\libhal_bsp.a(alt_iic.o)
 .comment       0x0000002d       0x2e c:/Users/thiag/Documents/New_Ic/software/helloNios_bsp/\libhal_bsp.a(alt_iic_isr_register.o)
 .comment       0x0000002d       0x2e c:/Users/thiag/Documents/New_Ic/software/helloNios_bsp/\libhal_bsp.a(alt_irq_handler.o)
 .comment       0x0000002d       0x2e c:/Users/thiag/Documents/New_Ic/software/helloNios_bsp/\libhal_bsp.a(alt_irq_vars.o)
 .comment       0x0000002d       0x2e c:/Users/thiag/Documents/New_Ic/software/helloNios_bsp/\libhal_bsp.a(alt_load.o)
 .comment       0x0000002d       0x2e c:/Users/thiag/Documents/New_Ic/software/helloNios_bsp/\libhal_bsp.a(alt_main.o)
 .comment       0x0000002d       0x2e c:/Users/thiag/Documents/New_Ic/software/helloNios_bsp/\libhal_bsp.a(alt_write.o)
 .comment       0x0000002d       0x2e c:/Users/thiag/Documents/New_Ic/software/helloNios_bsp/\libhal_bsp.a(alt_sys_init.o)
 .comment       0x0000002d       0x2e c:/Users/thiag/Documents/New_Ic/software/helloNios_bsp/\libhal_bsp.a(altera_avalon_jtag_uart_write.o)
 .comment       0x0000002d       0x2e c:/Users/thiag/Documents/New_Ic/software/helloNios_bsp/\libhal_bsp.a(alt_dcache_flush_all.o)
 .comment       0x0000002d       0x2e c:/Users/thiag/Documents/New_Ic/software/helloNios_bsp/\libhal_bsp.a(alt_errno.o)
 .comment       0x0000002d       0x2e c:/Users/thiag/Documents/New_Ic/software/helloNios_bsp/\libhal_bsp.a(alt_icache_flush_all.o)
 .comment       0x0000002d       0x2e c:/Users/thiag/Documents/New_Ic/software/helloNios_bsp/\libhal_bsp.a(alt_instruction_exception_entry.o)
 .comment       0x0000002d       0x2e c:/Users/thiag/Documents/New_Ic/software/helloNios_bsp/\libhal_bsp.a(altera_nios2_gen2_irq.o)
 .comment       0x0000002d       0x2e c:/intelfpga_lite/23.1std/nios2eds/bin/gnu/h-x86_64-mingw32/bin/../lib/gcc/nios2-elf/12.3.1/../../../../../H-x86_64-mingw32/nios2-elf/lib/mno-hw-mul\libsmallc.a(libc_a-memcpy.o)

.debug
 *(.debug)

.line
 *(.line)

.debug_srcinfo
 *(.debug_srcinfo)

.debug_sfnames
 *(.debug_sfnames)

.debug_aranges  0x00000000      0x360
 *(.debug_aranges)
 .debug_aranges
                0x00000000       0x28 c:/Users/thiag/Documents/New_Ic/software/helloNios_bsp//obj/HAL/src/crt0.o
 .debug_aranges
                0x00000028       0x28 obj/default/hello_world_small.o
 .debug_aranges
                0x00000050       0x20 obj/default/lib_KEY/KEY.o
 .debug_aranges
                0x00000070       0x28 c:/intelfpga_lite/23.1std/nios2eds/bin/gnu/h-x86_64-mingw32/bin/../lib/gcc/nios2-elf/12.3.1/../../../../../H-x86_64-mingw32/nios2-elf/lib/mno-hw-mul\libsmallc.a(libc_a-puts.o)
 .debug_aranges
                0x00000098       0x20 c:/intelfpga_lite/23.1std/nios2eds/bin/gnu/h-x86_64-mingw32/bin/../lib/gcc/nios2-elf/12.3.1/../../../../../H-x86_64-mingw32/nios2-elf/lib/mno-hw-mul\libsmallc.a(libc_a-strlen.o)
 .debug_aranges
                0x000000b8       0x18 c:/intelfpga_lite/23.1std/nios2eds/bin/gnu/h-x86_64-mingw32/bin/../lib/gcc/nios2-elf/12.3.1/../../../../../H-x86_64-mingw32/nios2-elf/lib/mno-hw-mul\libsmallc.a(libc_a-impure.o)
 .debug_aranges
                0x000000d0       0x20 c:/intelfpga_lite/23.1std/nios2eds/bin/gnu/h-x86_64-mingw32/bin/../lib/gcc/nios2-elf/12.3.1/../../../../../H-x86_64-mingw32/nios2-elf/lib/mno-hw-mul\libsmallc.a(libc_a-fvwrite_small_dev.o)
 .debug_aranges
                0x000000f0       0x20 c:/intelfpga_lite/23.1std/nios2eds/bin/gnu/h-x86_64-mingw32/bin/../lib/gcc/nios2-elf/12.3.1/../../../../../H-x86_64-mingw32/nios2-elf/lib/mno-hw-mul\libsmallc.a(libc_a-writer.o)
 .debug_aranges
                0x00000110       0x18 c:/intelfpga_lite/23.1std/nios2eds/bin/gnu/h-x86_64-mingw32/bin/../lib/gcc/nios2-elf/12.3.1/../../../../../H-x86_64-mingw32/nios2-elf/lib/mno-hw-mul\libsmallc.a(libc_a-int_errno.o)
 .debug_aranges
                0x00000128       0x20 c:/Users/thiag/Documents/New_Ic/software/helloNios_bsp/\libhal_bsp.a(alt_iic.o)
 .debug_aranges
                0x00000148       0x20 c:/Users/thiag/Documents/New_Ic/software/helloNios_bsp/\libhal_bsp.a(alt_iic_isr_register.o)
 .debug_aranges
                0x00000168       0x30 c:/Users/thiag/Documents/New_Ic/software/helloNios_bsp/\libhal_bsp.a(alt_irq_entry.o)
 .debug_aranges
                0x00000198       0x20 c:/Users/thiag/Documents/New_Ic/software/helloNios_bsp/\libhal_bsp.a(alt_irq_handler.o)
 .debug_aranges
                0x000001b8       0x18 c:/Users/thiag/Documents/New_Ic/software/helloNios_bsp/\libhal_bsp.a(alt_irq_vars.o)
 .debug_aranges
                0x000001d0       0x20 c:/Users/thiag/Documents/New_Ic/software/helloNios_bsp/\libhal_bsp.a(alt_load.o)
 .debug_aranges
                0x000001f0       0x20 c:/Users/thiag/Documents/New_Ic/software/helloNios_bsp/\libhal_bsp.a(alt_main.o)
 .debug_aranges
                0x00000210       0x20 c:/Users/thiag/Documents/New_Ic/software/helloNios_bsp/\libhal_bsp.a(alt_write.o)
 .debug_aranges
                0x00000230       0x20 c:/Users/thiag/Documents/New_Ic/software/helloNios_bsp/\libhal_bsp.a(alt_sys_init.o)
 .debug_aranges
                0x00000250       0x20 c:/Users/thiag/Documents/New_Ic/software/helloNios_bsp/\libhal_bsp.a(altera_avalon_jtag_uart_write.o)
 .debug_aranges
                0x00000270       0x20 c:/Users/thiag/Documents/New_Ic/software/helloNios_bsp/\libhal_bsp.a(alt_dcache_flush_all.o)
 .debug_aranges
                0x00000290       0x18 c:/Users/thiag/Documents/New_Ic/software/helloNios_bsp/\libhal_bsp.a(alt_errno.o)
 .debug_aranges
                0x000002a8       0x30 c:/Users/thiag/Documents/New_Ic/software/helloNios_bsp/\libhal_bsp.a(alt_exception_entry.o)
 .debug_aranges
                0x000002d8       0x20 c:/Users/thiag/Documents/New_Ic/software/helloNios_bsp/\libhal_bsp.a(alt_icache_flush_all.o)
 .debug_aranges
                0x000002f8       0x28 c:/Users/thiag/Documents/New_Ic/software/helloNios_bsp/\libhal_bsp.a(alt_instruction_exception_entry.o)
 .debug_aranges
                0x00000320       0x20 c:/Users/thiag/Documents/New_Ic/software/helloNios_bsp/\libhal_bsp.a(altera_nios2_gen2_irq.o)
 .debug_aranges
                0x00000340       0x20 c:/intelfpga_lite/23.1std/nios2eds/bin/gnu/h-x86_64-mingw32/bin/../lib/gcc/nios2-elf/12.3.1/../../../../../H-x86_64-mingw32/nios2-elf/lib/mno-hw-mul\libsmallc.a(libc_a-memcpy.o)

.debug_pubnames
 *(.debug_pubnames)

.debug_info     0x00000000     0x31e3
 *(.debug_info .gnu.linkonce.wi.*)
 .debug_info    0x00000000       0x3f c:/Users/thiag/Documents/New_Ic/software/helloNios_bsp//obj/HAL/src/crt0.o
 .debug_info    0x0000003f      0x1d9 obj/default/hello_world_small.o
 .debug_info    0x00000218      0x277 obj/default/lib_KEY/KEY.o
 .debug_info    0x0000048f      0x5ec c:/intelfpga_lite/23.1std/nios2eds/bin/gnu/h-x86_64-mingw32/bin/../lib/gcc/nios2-elf/12.3.1/../../../../../H-x86_64-mingw32/nios2-elf/lib/mno-hw-mul\libsmallc.a(libc_a-puts.o)
 .debug_info    0x00000a7b       0xd1 c:/intelfpga_lite/23.1std/nios2eds/bin/gnu/h-x86_64-mingw32/bin/../lib/gcc/nios2-elf/12.3.1/../../../../../H-x86_64-mingw32/nios2-elf/lib/mno-hw-mul\libsmallc.a(libc_a-strlen.o)
 .debug_info    0x00000b4c      0x4eb c:/intelfpga_lite/23.1std/nios2eds/bin/gnu/h-x86_64-mingw32/bin/../lib/gcc/nios2-elf/12.3.1/../../../../../H-x86_64-mingw32/nios2-elf/lib/mno-hw-mul\libsmallc.a(libc_a-impure.o)
 .debug_info    0x00001037      0x5c4 c:/intelfpga_lite/23.1std/nios2eds/bin/gnu/h-x86_64-mingw32/bin/../lib/gcc/nios2-elf/12.3.1/../../../../../H-x86_64-mingw32/nios2-elf/lib/mno-hw-mul\libsmallc.a(libc_a-fvwrite_small_dev.o)
 .debug_info    0x000015fb      0x5a4 c:/intelfpga_lite/23.1std/nios2eds/bin/gnu/h-x86_64-mingw32/bin/../lib/gcc/nios2-elf/12.3.1/../../../../../H-x86_64-mingw32/nios2-elf/lib/mno-hw-mul\libsmallc.a(libc_a-writer.o)
 .debug_info    0x00001b9f       0x85 c:/intelfpga_lite/23.1std/nios2eds/bin/gnu/h-x86_64-mingw32/bin/../lib/gcc/nios2-elf/12.3.1/../../../../../H-x86_64-mingw32/nios2-elf/lib/mno-hw-mul\libsmallc.a(libc_a-int_errno.o)
 .debug_info    0x00001c24      0x3d8 c:/Users/thiag/Documents/New_Ic/software/helloNios_bsp/\libhal_bsp.a(alt_iic.o)
 .debug_info    0x00001ffc      0x27f c:/Users/thiag/Documents/New_Ic/software/helloNios_bsp/\libhal_bsp.a(alt_iic_isr_register.o)
 .debug_info    0x0000227b       0x22 c:/Users/thiag/Documents/New_Ic/software/helloNios_bsp/\libhal_bsp.a(alt_irq_entry.o)
 .debug_info    0x0000229d      0x195 c:/Users/thiag/Documents/New_Ic/software/helloNios_bsp/\libhal_bsp.a(alt_irq_handler.o)
 .debug_info    0x00002432       0x88 c:/Users/thiag/Documents/New_Ic/software/helloNios_bsp/\libhal_bsp.a(alt_irq_vars.o)
 .debug_info    0x000024ba      0x239 c:/Users/thiag/Documents/New_Ic/software/helloNios_bsp/\libhal_bsp.a(alt_load.o)
 .debug_info    0x000026f3      0x13e c:/Users/thiag/Documents/New_Ic/software/helloNios_bsp/\libhal_bsp.a(alt_main.o)
 .debug_info    0x00002831      0x1a8 c:/Users/thiag/Documents/New_Ic/software/helloNios_bsp/\libhal_bsp.a(alt_write.o)
 .debug_info    0x000029d9      0x127 c:/Users/thiag/Documents/New_Ic/software/helloNios_bsp/\libhal_bsp.a(alt_sys_init.o)
 .debug_info    0x00002b00      0x149 c:/Users/thiag/Documents/New_Ic/software/helloNios_bsp/\libhal_bsp.a(altera_avalon_jtag_uart_write.o)
 .debug_info    0x00002c49       0x8d c:/Users/thiag/Documents/New_Ic/software/helloNios_bsp/\libhal_bsp.a(alt_dcache_flush_all.o)
 .debug_info    0x00002cd6       0xa8 c:/Users/thiag/Documents/New_Ic/software/helloNios_bsp/\libhal_bsp.a(alt_errno.o)
 .debug_info    0x00002d7e       0x22 c:/Users/thiag/Documents/New_Ic/software/helloNios_bsp/\libhal_bsp.a(alt_exception_entry.o)
 .debug_info    0x00002da0       0x8d c:/Users/thiag/Documents/New_Ic/software/helloNios_bsp/\libhal_bsp.a(alt_icache_flush_all.o)
 .debug_info    0x00002e2d      0x208 c:/Users/thiag/Documents/New_Ic/software/helloNios_bsp/\libhal_bsp.a(alt_instruction_exception_entry.o)
 .debug_info    0x00003035       0x8d c:/Users/thiag/Documents/New_Ic/software/helloNios_bsp/\libhal_bsp.a(altera_nios2_gen2_irq.o)
 .debug_info    0x000030c2      0x121 c:/intelfpga_lite/23.1std/nios2eds/bin/gnu/h-x86_64-mingw32/bin/../lib/gcc/nios2-elf/12.3.1/../../../../../H-x86_64-mingw32/nios2-elf/lib/mno-hw-mul\libsmallc.a(libc_a-memcpy.o)

.debug_abbrev   0x00000000     0x172e
 *(.debug_abbrev)
 .debug_abbrev  0x00000000       0x1f c:/Users/thiag/Documents/New_Ic/software/helloNios_bsp//obj/HAL/src/crt0.o
 .debug_abbrev  0x0000001f      0x129 obj/default/hello_world_small.o
 .debug_abbrev  0x00000148      0x108 obj/default/lib_KEY/KEY.o
 .debug_abbrev  0x00000250      0x1db c:/intelfpga_lite/23.1std/nios2eds/bin/gnu/h-x86_64-mingw32/bin/../lib/gcc/nios2-elf/12.3.1/../../../../../H-x86_64-mingw32/nios2-elf/lib/mno-hw-mul\libsmallc.a(libc_a-puts.o)
 .debug_abbrev  0x0000042b       0x8c c:/intelfpga_lite/23.1std/nios2eds/bin/gnu/h-x86_64-mingw32/bin/../lib/gcc/nios2-elf/12.3.1/../../../../../H-x86_64-mingw32/nios2-elf/lib/mno-hw-mul\libsmallc.a(libc_a-strlen.o)
 .debug_abbrev  0x000004b7      0x142 c:/intelfpga_lite/23.1std/nios2eds/bin/gnu/h-x86_64-mingw32/bin/../lib/gcc/nios2-elf/12.3.1/../../../../../H-x86_64-mingw32/nios2-elf/lib/mno-hw-mul\libsmallc.a(libc_a-impure.o)
 .debug_abbrev  0x000005f9      0x1c9 c:/intelfpga_lite/23.1std/nios2eds/bin/gnu/h-x86_64-mingw32/bin/../lib/gcc/nios2-elf/12.3.1/../../../../../H-x86_64-mingw32/nios2-elf/lib/mno-hw-mul\libsmallc.a(libc_a-fvwrite_small_dev.o)
 .debug_abbrev  0x000007c2      0x1ae c:/intelfpga_lite/23.1std/nios2eds/bin/gnu/h-x86_64-mingw32/bin/../lib/gcc/nios2-elf/12.3.1/../../../../../H-x86_64-mingw32/nios2-elf/lib/mno-hw-mul\libsmallc.a(libc_a-writer.o)
 .debug_abbrev  0x00000970       0x39 c:/intelfpga_lite/23.1std/nios2eds/bin/gnu/h-x86_64-mingw32/bin/../lib/gcc/nios2-elf/12.3.1/../../../../../H-x86_64-mingw32/nios2-elf/lib/mno-hw-mul\libsmallc.a(libc_a-int_errno.o)
 .debug_abbrev  0x000009a9      0x1dd c:/Users/thiag/Documents/New_Ic/software/helloNios_bsp/\libhal_bsp.a(alt_iic.o)
 .debug_abbrev  0x00000b86      0x1d9 c:/Users/thiag/Documents/New_Ic/software/helloNios_bsp/\libhal_bsp.a(alt_iic_isr_register.o)
 .debug_abbrev  0x00000d5f       0x12 c:/Users/thiag/Documents/New_Ic/software/helloNios_bsp/\libhal_bsp.a(alt_irq_entry.o)
 .debug_abbrev  0x00000d71      0x147 c:/Users/thiag/Documents/New_Ic/software/helloNios_bsp/\libhal_bsp.a(alt_irq_handler.o)
 .debug_abbrev  0x00000eb8       0x46 c:/Users/thiag/Documents/New_Ic/software/helloNios_bsp/\libhal_bsp.a(alt_irq_vars.o)
 .debug_abbrev  0x00000efe      0x12c c:/Users/thiag/Documents/New_Ic/software/helloNios_bsp/\libhal_bsp.a(alt_load.o)
 .debug_abbrev  0x0000102a       0xeb c:/Users/thiag/Documents/New_Ic/software/helloNios_bsp/\libhal_bsp.a(alt_main.o)
 .debug_abbrev  0x00001115      0x117 c:/Users/thiag/Documents/New_Ic/software/helloNios_bsp/\libhal_bsp.a(alt_write.o)
 .debug_abbrev  0x0000122c      0x107 c:/Users/thiag/Documents/New_Ic/software/helloNios_bsp/\libhal_bsp.a(alt_sys_init.o)
 .debug_abbrev  0x00001333       0xdc c:/Users/thiag/Documents/New_Ic/software/helloNios_bsp/\libhal_bsp.a(altera_avalon_jtag_uart_write.o)
 .debug_abbrev  0x0000140f       0x43 c:/Users/thiag/Documents/New_Ic/software/helloNios_bsp/\libhal_bsp.a(alt_dcache_flush_all.o)
 .debug_abbrev  0x00001452       0x70 c:/Users/thiag/Documents/New_Ic/software/helloNios_bsp/\libhal_bsp.a(alt_errno.o)
 .debug_abbrev  0x000014c2       0x12 c:/Users/thiag/Documents/New_Ic/software/helloNios_bsp/\libhal_bsp.a(alt_exception_entry.o)
 .debug_abbrev  0x000014d4       0x43 c:/Users/thiag/Documents/New_Ic/software/helloNios_bsp/\libhal_bsp.a(alt_icache_flush_all.o)
 .debug_abbrev  0x00001517      0x113 c:/Users/thiag/Documents/New_Ic/software/helloNios_bsp/\libhal_bsp.a(alt_instruction_exception_entry.o)
 .debug_abbrev  0x0000162a       0x43 c:/Users/thiag/Documents/New_Ic/software/helloNios_bsp/\libhal_bsp.a(altera_nios2_gen2_irq.o)
 .debug_abbrev  0x0000166d       0xc1 c:/intelfpga_lite/23.1std/nios2eds/bin/gnu/h-x86_64-mingw32/bin/../lib/gcc/nios2-elf/12.3.1/../../../../../H-x86_64-mingw32/nios2-elf/lib/mno-hw-mul\libsmallc.a(libc_a-memcpy.o)

.debug_line     0x00000000     0x1145
 *(.debug_line)
 .debug_line    0x00000000       0x66 c:/Users/thiag/Documents/New_Ic/software/helloNios_bsp//obj/HAL/src/crt0.o
 .debug_line    0x00000066       0xbf obj/default/hello_world_small.o
 .debug_line    0x00000125      0x25c obj/default/lib_KEY/KEY.o
 .debug_line    0x00000381       0xc2 c:/intelfpga_lite/23.1std/nios2eds/bin/gnu/h-x86_64-mingw32/bin/../lib/gcc/nios2-elf/12.3.1/../../../../../H-x86_64-mingw32/nios2-elf/lib/mno-hw-mul\libsmallc.a(libc_a-puts.o)
 .debug_line    0x00000443       0x7c c:/intelfpga_lite/23.1std/nios2eds/bin/gnu/h-x86_64-mingw32/bin/../lib/gcc/nios2-elf/12.3.1/../../../../../H-x86_64-mingw32/nios2-elf/lib/mno-hw-mul\libsmallc.a(libc_a-strlen.o)
 .debug_line    0x000004bf       0x4c c:/intelfpga_lite/23.1std/nios2eds/bin/gnu/h-x86_64-mingw32/bin/../lib/gcc/nios2-elf/12.3.1/../../../../../H-x86_64-mingw32/nios2-elf/lib/mno-hw-mul\libsmallc.a(libc_a-impure.o)
 .debug_line    0x0000050b       0xd7 c:/intelfpga_lite/23.1std/nios2eds/bin/gnu/h-x86_64-mingw32/bin/../lib/gcc/nios2-elf/12.3.1/../../../../../H-x86_64-mingw32/nios2-elf/lib/mno-hw-mul\libsmallc.a(libc_a-fvwrite_small_dev.o)
 .debug_line    0x000005e2       0xae c:/intelfpga_lite/23.1std/nios2eds/bin/gnu/h-x86_64-mingw32/bin/../lib/gcc/nios2-elf/12.3.1/../../../../../H-x86_64-mingw32/nios2-elf/lib/mno-hw-mul\libsmallc.a(libc_a-writer.o)
 .debug_line    0x00000690       0x3a c:/intelfpga_lite/23.1std/nios2eds/bin/gnu/h-x86_64-mingw32/bin/../lib/gcc/nios2-elf/12.3.1/../../../../../H-x86_64-mingw32/nios2-elf/lib/mno-hw-mul\libsmallc.a(libc_a-int_errno.o)
 .debug_line    0x000006ca      0x152 c:/Users/thiag/Documents/New_Ic/software/helloNios_bsp/\libhal_bsp.a(alt_iic.o)
 .debug_line    0x0000081c      0x115 c:/Users/thiag/Documents/New_Ic/software/helloNios_bsp/\libhal_bsp.a(alt_iic_isr_register.o)
 .debug_line    0x00000931       0x6b c:/Users/thiag/Documents/New_Ic/software/helloNios_bsp/\libhal_bsp.a(alt_irq_entry.o)
 .debug_line    0x0000099c       0xf9 c:/Users/thiag/Documents/New_Ic/software/helloNios_bsp/\libhal_bsp.a(alt_irq_handler.o)
 .debug_line    0x00000a95       0x43 c:/Users/thiag/Documents/New_Ic/software/helloNios_bsp/\libhal_bsp.a(alt_irq_vars.o)
 .debug_line    0x00000ad8       0xd2 c:/Users/thiag/Documents/New_Ic/software/helloNios_bsp/\libhal_bsp.a(alt_load.o)
 .debug_line    0x00000baa       0xa2 c:/Users/thiag/Documents/New_Ic/software/helloNios_bsp/\libhal_bsp.a(alt_main.o)
 .debug_line    0x00000c4c       0xc5 c:/Users/thiag/Documents/New_Ic/software/helloNios_bsp/\libhal_bsp.a(alt_write.o)
 .debug_line    0x00000d11       0x8e c:/Users/thiag/Documents/New_Ic/software/helloNios_bsp/\libhal_bsp.a(alt_sys_init.o)
 .debug_line    0x00000d9f       0x93 c:/Users/thiag/Documents/New_Ic/software/helloNios_bsp/\libhal_bsp.a(altera_avalon_jtag_uart_write.o)
 .debug_line    0x00000e32       0x4e c:/Users/thiag/Documents/New_Ic/software/helloNios_bsp/\libhal_bsp.a(alt_dcache_flush_all.o)
 .debug_line    0x00000e80       0x4c c:/Users/thiag/Documents/New_Ic/software/helloNios_bsp/\libhal_bsp.a(alt_errno.o)
 .debug_line    0x00000ecc       0x9d c:/Users/thiag/Documents/New_Ic/software/helloNios_bsp/\libhal_bsp.a(alt_exception_entry.o)
 .debug_line    0x00000f69       0x4c c:/Users/thiag/Documents/New_Ic/software/helloNios_bsp/\libhal_bsp.a(alt_icache_flush_all.o)
 .debug_line    0x00000fb5       0xb0 c:/Users/thiag/Documents/New_Ic/software/helloNios_bsp/\libhal_bsp.a(alt_instruction_exception_entry.o)
 .debug_line    0x00001065       0x54 c:/Users/thiag/Documents/New_Ic/software/helloNios_bsp/\libhal_bsp.a(altera_nios2_gen2_irq.o)
 .debug_line    0x000010b9       0x8c c:/intelfpga_lite/23.1std/nios2eds/bin/gnu/h-x86_64-mingw32/bin/../lib/gcc/nios2-elf/12.3.1/../../../../../H-x86_64-mingw32/nios2-elf/lib/mno-hw-mul\libsmallc.a(libc_a-memcpy.o)

.debug_frame    0x00000000      0x404
 *(.debug_frame)
 .debug_frame   0x00000000       0x44 obj/default/hello_world_small.o
 .debug_frame   0x00000044       0xa0 obj/default/lib_KEY/KEY.o
 .debug_frame   0x000000e4       0x48 c:/intelfpga_lite/23.1std/nios2eds/bin/gnu/h-x86_64-mingw32/bin/../lib/gcc/nios2-elf/12.3.1/../../../../../H-x86_64-mingw32/nios2-elf/lib/mno-hw-mul\libsmallc.a(libc_a-puts.o)
 .debug_frame   0x0000012c       0x20 c:/intelfpga_lite/23.1std/nios2eds/bin/gnu/h-x86_64-mingw32/bin/../lib/gcc/nios2-elf/12.3.1/../../../../../H-x86_64-mingw32/nios2-elf/lib/mno-hw-mul\libsmallc.a(libc_a-strlen.o)
 .debug_frame   0x0000014c       0x3c c:/intelfpga_lite/23.1std/nios2eds/bin/gnu/h-x86_64-mingw32/bin/../lib/gcc/nios2-elf/12.3.1/../../../../../H-x86_64-mingw32/nios2-elf/lib/mno-hw-mul\libsmallc.a(libc_a-fvwrite_small_dev.o)
 .debug_frame   0x00000188       0x30 c:/intelfpga_lite/23.1std/nios2eds/bin/gnu/h-x86_64-mingw32/bin/../lib/gcc/nios2-elf/12.3.1/../../../../../H-x86_64-mingw32/nios2-elf/lib/mno-hw-mul\libsmallc.a(libc_a-writer.o)
 .debug_frame   0x000001b8       0x50 c:/Users/thiag/Documents/New_Ic/software/helloNios_bsp/\libhal_bsp.a(alt_iic.o)
 .debug_frame   0x00000208       0x38 c:/Users/thiag/Documents/New_Ic/software/helloNios_bsp/\libhal_bsp.a(alt_iic_isr_register.o)
 .debug_frame   0x00000240       0x34 c:/Users/thiag/Documents/New_Ic/software/helloNios_bsp/\libhal_bsp.a(alt_irq_handler.o)
 .debug_frame   0x00000274       0x2c c:/Users/thiag/Documents/New_Ic/software/helloNios_bsp/\libhal_bsp.a(alt_load.o)
 .debug_frame   0x000002a0       0x2c c:/Users/thiag/Documents/New_Ic/software/helloNios_bsp/\libhal_bsp.a(alt_main.o)
 .debug_frame   0x000002cc       0x2c c:/Users/thiag/Documents/New_Ic/software/helloNios_bsp/\libhal_bsp.a(alt_write.o)
 .debug_frame   0x000002f8       0x3c c:/Users/thiag/Documents/New_Ic/software/helloNios_bsp/\libhal_bsp.a(alt_sys_init.o)
 .debug_frame   0x00000334       0x20 c:/Users/thiag/Documents/New_Ic/software/helloNios_bsp/\libhal_bsp.a(altera_avalon_jtag_uart_write.o)
 .debug_frame   0x00000354       0x20 c:/Users/thiag/Documents/New_Ic/software/helloNios_bsp/\libhal_bsp.a(alt_dcache_flush_all.o)
 .debug_frame   0x00000374       0x20 c:/Users/thiag/Documents/New_Ic/software/helloNios_bsp/\libhal_bsp.a(alt_icache_flush_all.o)
 .debug_frame   0x00000394       0x30 c:/Users/thiag/Documents/New_Ic/software/helloNios_bsp/\libhal_bsp.a(alt_instruction_exception_entry.o)
 .debug_frame   0x000003c4       0x20 c:/Users/thiag/Documents/New_Ic/software/helloNios_bsp/\libhal_bsp.a(altera_nios2_gen2_irq.o)
 .debug_frame   0x000003e4       0x20 c:/intelfpga_lite/23.1std/nios2eds/bin/gnu/h-x86_64-mingw32/bin/../lib/gcc/nios2-elf/12.3.1/../../../../../H-x86_64-mingw32/nios2-elf/lib/mno-hw-mul\libsmallc.a(libc_a-memcpy.o)

.debug_str      0x00000000      0xcd3
 *(.debug_str)
 .debug_str     0x00000000       0x5d c:/Users/thiag/Documents/New_Ic/software/helloNios_bsp//obj/HAL/src/crt0.o
                                 0x64 (size before relaxing)
 .debug_str     0x0000005d      0x11c obj/default/hello_world_small.o
                                0x167 (size before relaxing)
 .debug_str     0x00000179       0x4f obj/default/lib_KEY/KEY.o
                                 0xf0 (size before relaxing)
 .debug_str     0x000001c8      0x2f0 c:/intelfpga_lite/23.1std/nios2eds/bin/gnu/h-x86_64-mingw32/bin/../lib/gcc/nios2-elf/12.3.1/../../../../../H-x86_64-mingw32/nios2-elf/lib/mno-hw-mul\libsmallc.a(libc_a-puts.o)
                                0x3b3 (size before relaxing)
 .debug_str     0x000004b8      0x2f0 c:/intelfpga_lite/23.1std/nios2eds/bin/gnu/h-x86_64-mingw32/bin/../lib/gcc/nios2-elf/12.3.1/../../../../../H-x86_64-mingw32/nios2-elf/lib/mno-hw-mul\libsmallc.a(libc_a-strlen.o)
                                0x114 (size before relaxing)
 .debug_str     0x000004b8        0xd c:/intelfpga_lite/23.1std/nios2eds/bin/gnu/h-x86_64-mingw32/bin/../lib/gcc/nios2-elf/12.3.1/../../../../../H-x86_64-mingw32/nios2-elf/lib/mno-hw-mul\libsmallc.a(libc_a-impure.o)
                                0x390 (size before relaxing)
 .debug_str     0x000004c5       0x25 c:/intelfpga_lite/23.1std/nios2eds/bin/gnu/h-x86_64-mingw32/bin/../lib/gcc/nios2-elf/12.3.1/../../../../../H-x86_64-mingw32/nios2-elf/lib/mno-hw-mul\libsmallc.a(libc_a-fvwrite_small_dev.o)
                                0x3bd (size before relaxing)
 .debug_str     0x000004ea       0x25 c:/intelfpga_lite/23.1std/nios2eds/bin/gnu/h-x86_64-mingw32/bin/../lib/gcc/nios2-elf/12.3.1/../../../../../H-x86_64-mingw32/nios2-elf/lib/mno-hw-mul\libsmallc.a(libc_a-writer.o)
                                0x39c (size before relaxing)
 .debug_str     0x000004ea      0x106 c:/intelfpga_lite/23.1std/nios2eds/bin/gnu/h-x86_64-mingw32/bin/../lib/gcc/nios2-elf/12.3.1/../../../../../H-x86_64-mingw32/nios2-elf/lib/mno-hw-mul\libsmallc.a(libc_a-int_errno.o)
 .debug_str     0x000004ea       0xcb c:/Users/thiag/Documents/New_Ic/software/helloNios_bsp/\libhal_bsp.a(alt_iic.o)
                                0x1f6 (size before relaxing)
 .debug_str     0x000005b5       0x18 c:/Users/thiag/Documents/New_Ic/software/helloNios_bsp/\libhal_bsp.a(alt_iic_isr_register.o)
                                0x1b5 (size before relaxing)
 .debug_str     0x000005cd       0x18 c:/Users/thiag/Documents/New_Ic/software/helloNios_bsp/\libhal_bsp.a(alt_irq_entry.o)
                                 0x5e (size before relaxing)
 .debug_str     0x000005e5       0x20 c:/Users/thiag/Documents/New_Ic/software/helloNios_bsp/\libhal_bsp.a(alt_irq_handler.o)
                                0x144 (size before relaxing)
 .debug_str     0x00000605       0x12 c:/Users/thiag/Documents/New_Ic/software/helloNios_bsp/\libhal_bsp.a(alt_irq_vars.o)
                                 0xf3 (size before relaxing)
 .debug_str     0x00000617      0x111 c:/Users/thiag/Documents/New_Ic/software/helloNios_bsp/\libhal_bsp.a(alt_load.o)
                                0x208 (size before relaxing)
 .debug_str     0x00000728       0x4b c:/Users/thiag/Documents/New_Ic/software/helloNios_bsp/\libhal_bsp.a(alt_main.o)
                                0x138 (size before relaxing)
 .debug_str     0x00000773       0x62 c:/Users/thiag/Documents/New_Ic/software/helloNios_bsp/\libhal_bsp.a(alt_write.o)
                                0x162 (size before relaxing)
 .debug_str     0x000007d5       0x5c c:/Users/thiag/Documents/New_Ic/software/helloNios_bsp/\libhal_bsp.a(alt_sys_init.o)
                                0x18a (size before relaxing)
 .debug_str     0x00000831        0x7 c:/Users/thiag/Documents/New_Ic/software/helloNios_bsp/\libhal_bsp.a(altera_avalon_jtag_uart_write.o)
                                0x15c (size before relaxing)
 .debug_str     0x00000838       0xfd c:/Users/thiag/Documents/New_Ic/software/helloNios_bsp/\libhal_bsp.a(alt_dcache_flush_all.o)
 .debug_str     0x00000838        0x8 c:/Users/thiag/Documents/New_Ic/software/helloNios_bsp/\libhal_bsp.a(alt_errno.o)
                                 0xfa (size before relaxing)
 .debug_str     0x00000840       0x1e c:/Users/thiag/Documents/New_Ic/software/helloNios_bsp/\libhal_bsp.a(alt_exception_entry.o)
                                 0x64 (size before relaxing)
 .debug_str     0x0000085e       0xfd c:/Users/thiag/Documents/New_Ic/software/helloNios_bsp/\libhal_bsp.a(alt_icache_flush_all.o)
 .debug_str     0x0000085e      0x461 c:/Users/thiag/Documents/New_Ic/software/helloNios_bsp/\libhal_bsp.a(alt_instruction_exception_entry.o)
                                0x546 (size before relaxing)
 .debug_str     0x00000cbf      0x103 c:/Users/thiag/Documents/New_Ic/software/helloNios_bsp/\libhal_bsp.a(altera_nios2_gen2_irq.o)
 .debug_str     0x00000cbf       0x14 c:/intelfpga_lite/23.1std/nios2eds/bin/gnu/h-x86_64-mingw32/bin/../lib/gcc/nios2-elf/12.3.1/../../../../../H-x86_64-mingw32/nios2-elf/lib/mno-hw-mul\libsmallc.a(libc_a-memcpy.o)
                                0x122 (size before relaxing)

.debug_loc
 *(.debug_loc)

.debug_macinfo
 *(.debug_macinfo)

.debug_weaknames
 *(.debug_weaknames)

.debug_funcnames
 *(.debug_funcnames)

.debug_typenames
 *(.debug_typenames)

.debug_varnames
 *(.debug_varnames)

.debug_alt_sim_info
                0x00000000       0x10
 *(.debug_alt_sim_info)
 .debug_alt_sim_info
                0x00000000       0x10 c:/Users/thiag/Documents/New_Ic/software/helloNios_bsp//obj/HAL/src/crt0.o
                0x00002000                        __alt_data_end = 0x2000
                0x00002000                        PROVIDE (__alt_stack_pointer = __alt_data_end)
                [!provide]                        PROVIDE (__alt_stack_limit = __alt_stack_base)
                [!provide]                        PROVIDE (__alt_heap_start = end)
                [!provide]                        PROVIDE (__alt_heap_limit = 0x2000)
OUTPUT(helloNios.elf elf32-littlenios2)
LOAD linker stubs

.debug_ranges   0x00000000       0x70
 .debug_ranges  0x00000000       0x20 c:/Users/thiag/Documents/New_Ic/software/helloNios_bsp//obj/HAL/src/crt0.o
 .debug_ranges  0x00000020       0x28 c:/Users/thiag/Documents/New_Ic/software/helloNios_bsp/\libhal_bsp.a(alt_irq_entry.o)
 .debug_ranges  0x00000048       0x28 c:/Users/thiag/Documents/New_Ic/software/helloNios_bsp/\libhal_bsp.a(alt_exception_entry.o)

.debug_loclists
                0x00000000      0x846
 .debug_loclists
                0x00000000       0x3a obj/default/hello_world_small.o
 .debug_loclists
                0x0000003a      0x179 obj/default/lib_KEY/KEY.o
 .debug_loclists
                0x000001b3       0x73 c:/intelfpga_lite/23.1std/nios2eds/bin/gnu/h-x86_64-mingw32/bin/../lib/gcc/nios2-elf/12.3.1/../../../../../H-x86_64-mingw32/nios2-elf/lib/mno-hw-mul\libsmallc.a(libc_a-puts.o)
 .debug_loclists
                0x00000226       0x32 c:/intelfpga_lite/23.1std/nios2eds/bin/gnu/h-x86_64-mingw32/bin/../lib/gcc/nios2-elf/12.3.1/../../../../../H-x86_64-mingw32/nios2-elf/lib/mno-hw-mul\libsmallc.a(libc_a-strlen.o)
 .debug_loclists
                0x00000258       0xc5 c:/intelfpga_lite/23.1std/nios2eds/bin/gnu/h-x86_64-mingw32/bin/../lib/gcc/nios2-elf/12.3.1/../../../../../H-x86_64-mingw32/nios2-elf/lib/mno-hw-mul\libsmallc.a(libc_a-fvwrite_small_dev.o)
 .debug_loclists
                0x0000031d       0x88 c:/intelfpga_lite/23.1std/nios2eds/bin/gnu/h-x86_64-mingw32/bin/../lib/gcc/nios2-elf/12.3.1/../../../../../H-x86_64-mingw32/nios2-elf/lib/mno-hw-mul\libsmallc.a(libc_a-writer.o)
 .debug_loclists
                0x000003a5       0xf9 c:/Users/thiag/Documents/New_Ic/software/helloNios_bsp/\libhal_bsp.a(alt_iic.o)
 .debug_loclists
                0x0000049e      0x130 c:/Users/thiag/Documents/New_Ic/software/helloNios_bsp/\libhal_bsp.a(alt_iic_isr_register.o)
 .debug_loclists
                0x000005ce       0x6e c:/Users/thiag/Documents/New_Ic/software/helloNios_bsp/\libhal_bsp.a(alt_irq_handler.o)
 .debug_loclists
                0x0000063c       0x7b c:/Users/thiag/Documents/New_Ic/software/helloNios_bsp/\libhal_bsp.a(alt_write.o)
 .debug_loclists
                0x000006b7       0x1e c:/Users/thiag/Documents/New_Ic/software/helloNios_bsp/\libhal_bsp.a(alt_sys_init.o)
 .debug_loclists
                0x000006d5       0x5e c:/Users/thiag/Documents/New_Ic/software/helloNios_bsp/\libhal_bsp.a(altera_avalon_jtag_uart_write.o)
 .debug_loclists
                0x00000733       0x47 c:/Users/thiag/Documents/New_Ic/software/helloNios_bsp/\libhal_bsp.a(alt_instruction_exception_entry.o)
 .debug_loclists
                0x0000077a       0xcc c:/intelfpga_lite/23.1std/nios2eds/bin/gnu/h-x86_64-mingw32/bin/../lib/gcc/nios2-elf/12.3.1/../../../../../H-x86_64-mingw32/nios2-elf/lib/mno-hw-mul\libsmallc.a(libc_a-memcpy.o)

.debug_rnglists
                0x00000000      0x14a
 .debug_rnglists
                0x00000000       0x19 obj/default/hello_world_small.o
 .debug_rnglists
                0x00000019       0x46 obj/default/lib_KEY/KEY.o
 .debug_rnglists
                0x0000005f       0x1a c:/intelfpga_lite/23.1std/nios2eds/bin/gnu/h-x86_64-mingw32/bin/../lib/gcc/nios2-elf/12.3.1/../../../../../H-x86_64-mingw32/nios2-elf/lib/mno-hw-mul\libsmallc.a(libc_a-puts.o)
 .debug_rnglists
                0x00000079       0x13 c:/intelfpga_lite/23.1std/nios2eds/bin/gnu/h-x86_64-mingw32/bin/../lib/gcc/nios2-elf/12.3.1/../../../../../H-x86_64-mingw32/nios2-elf/lib/mno-hw-mul\libsmallc.a(libc_a-strlen.o)
 .debug_rnglists
                0x0000008c       0x14 c:/intelfpga_lite/23.1std/nios2eds/bin/gnu/h-x86_64-mingw32/bin/../lib/gcc/nios2-elf/12.3.1/../../../../../H-x86_64-mingw32/nios2-elf/lib/mno-hw-mul\libsmallc.a(libc_a-fvwrite_small_dev.o)
 .debug_rnglists
                0x000000a0       0x13 c:/intelfpga_lite/23.1std/nios2eds/bin/gnu/h-x86_64-mingw32/bin/../lib/gcc/nios2-elf/12.3.1/../../../../../H-x86_64-mingw32/nios2-elf/lib/mno-hw-mul\libsmallc.a(libc_a-writer.o)
 .debug_rnglists
                0x000000b3       0x13 c:/Users/thiag/Documents/New_Ic/software/helloNios_bsp/\libhal_bsp.a(alt_iic_isr_register.o)
 .debug_rnglists
                0x000000c6       0x1f c:/Users/thiag/Documents/New_Ic/software/helloNios_bsp/\libhal_bsp.a(alt_irq_handler.o)
 .debug_rnglists
                0x000000e5       0x23 c:/Users/thiag/Documents/New_Ic/software/helloNios_bsp/\libhal_bsp.a(alt_load.o)
 .debug_rnglists
                0x00000108       0x16 c:/Users/thiag/Documents/New_Ic/software/helloNios_bsp/\libhal_bsp.a(alt_write.o)
 .debug_rnglists
                0x0000011e       0x19 c:/Users/thiag/Documents/New_Ic/software/helloNios_bsp/\libhal_bsp.a(alt_instruction_exception_entry.o)
 .debug_rnglists
                0x00000137       0x13 c:/intelfpga_lite/23.1std/nios2eds/bin/gnu/h-x86_64-mingw32/bin/../lib/gcc/nios2-elf/12.3.1/../../../../../H-x86_64-mingw32/nios2-elf/lib/mno-hw-mul\libsmallc.a(libc_a-memcpy.o)

.debug_line_str
                0x00000000      0x866
 .debug_line_str
                0x00000000       0xf8 obj/default/hello_world_small.o
                                0x153 (size before relaxing)
 .debug_line_str
                0x000000f8        0xe obj/default/lib_KEY/KEY.o
                                 0x93 (size before relaxing)
 .debug_line_str
                0x00000106      0x23a c:/intelfpga_lite/23.1std/nios2eds/bin/gnu/h-x86_64-mingw32/bin/../lib/gcc/nios2-elf/12.3.1/../../../../../H-x86_64-mingw32/nios2-elf/lib/mno-hw-mul\libsmallc.a(libc_a-puts.o)
                                0x2d3 (size before relaxing)
 .debug_line_str
                0x00000340       0x69 c:/intelfpga_lite/23.1std/nios2eds/bin/gnu/h-x86_64-mingw32/bin/../lib/gcc/nios2-elf/12.3.1/../../../../../H-x86_64-mingw32/nios2-elf/lib/mno-hw-mul\libsmallc.a(libc_a-strlen.o)
                                0x259 (size before relaxing)
 .debug_line_str
                0x000003a9       0x67 c:/intelfpga_lite/23.1std/nios2eds/bin/gnu/h-x86_64-mingw32/bin/../lib/gcc/nios2-elf/12.3.1/../../../../../H-x86_64-mingw32/nios2-elf/lib/mno-hw-mul\libsmallc.a(libc_a-impure.o)
                                0x25a (size before relaxing)
 .debug_line_str
                0x00000410       0x43 c:/intelfpga_lite/23.1std/nios2eds/bin/gnu/h-x86_64-mingw32/bin/../lib/gcc/nios2-elf/12.3.1/../../../../../H-x86_64-mingw32/nios2-elf/lib/mno-hw-mul\libsmallc.a(libc_a-fvwrite_small_dev.o)
                                0x2e7 (size before relaxing)
 .debug_line_str
                0x00000453       0x41 c:/intelfpga_lite/23.1std/nios2eds/bin/gnu/h-x86_64-mingw32/bin/../lib/gcc/nios2-elf/12.3.1/../../../../../H-x86_64-mingw32/nios2-elf/lib/mno-hw-mul\libsmallc.a(libc_a-writer.o)
                                0x2cf (size before relaxing)
 .debug_line_str
                0x00000494       0x3b c:/intelfpga_lite/23.1std/nios2eds/bin/gnu/h-x86_64-mingw32/bin/../lib/gcc/nios2-elf/12.3.1/../../../../../H-x86_64-mingw32/nios2-elf/lib/mno-hw-mul\libsmallc.a(libc_a-int_errno.o)
                                0x186 (size before relaxing)
 .debug_line_str
                0x000004cf       0xa0 c:/Users/thiag/Documents/New_Ic/software/helloNios_bsp/\libhal_bsp.a(alt_iic.o)
                                0x101 (size before relaxing)
 .debug_line_str
                0x0000056f       0x2f c:/Users/thiag/Documents/New_Ic/software/helloNios_bsp/\libhal_bsp.a(alt_iic_isr_register.o)
                                0x110 (size before relaxing)
 .debug_line_str
                0x0000059e       0x1a c:/Users/thiag/Documents/New_Ic/software/helloNios_bsp/\libhal_bsp.a(alt_irq_handler.o)
                                 0xe2 (size before relaxing)
 .debug_line_str
                0x000005b8       0x17 c:/Users/thiag/Documents/New_Ic/software/helloNios_bsp/\libhal_bsp.a(alt_irq_vars.o)
                                 0xc1 (size before relaxing)
 .debug_line_str
                0x000005cf       0x2a c:/Users/thiag/Documents/New_Ic/software/helloNios_bsp/\libhal_bsp.a(alt_load.o)
                                 0xe5 (size before relaxing)
 .debug_line_str
                0x000005f9       0x31 c:/Users/thiag/Documents/New_Ic/software/helloNios_bsp/\libhal_bsp.a(alt_main.o)
                                 0xe4 (size before relaxing)
 .debug_line_str
                0x0000062a       0xcf c:/Users/thiag/Documents/New_Ic/software/helloNios_bsp/\libhal_bsp.a(alt_write.o)
                                0x17d (size before relaxing)
 .debug_line_str
                0x000006f9       0x4f c:/Users/thiag/Documents/New_Ic/software/helloNios_bsp/\libhal_bsp.a(alt_sys_init.o)
                                 0xfd (size before relaxing)
 .debug_line_str
                0x00000748       0x38 c:/Users/thiag/Documents/New_Ic/software/helloNios_bsp/\libhal_bsp.a(altera_avalon_jtag_uart_write.o)
                                0x124 (size before relaxing)
 .debug_line_str
                0x00000780       0x1f c:/Users/thiag/Documents/New_Ic/software/helloNios_bsp/\libhal_bsp.a(alt_dcache_flush_all.o)
                                 0xc3 (size before relaxing)
 .debug_line_str
                0x0000079f       0x14 c:/Users/thiag/Documents/New_Ic/software/helloNios_bsp/\libhal_bsp.a(alt_errno.o)
                                0x116 (size before relaxing)
 .debug_line_str
                0x000007b3       0x1f c:/Users/thiag/Documents/New_Ic/software/helloNios_bsp/\libhal_bsp.a(alt_icache_flush_all.o)
                                 0xc3 (size before relaxing)
 .debug_line_str
                0x000007d2       0x3b c:/Users/thiag/Documents/New_Ic/software/helloNios_bsp/\libhal_bsp.a(alt_instruction_exception_entry.o)
                                0x119 (size before relaxing)
 .debug_line_str
                0x0000080d       0x20 c:/Users/thiag/Documents/New_Ic/software/helloNios_bsp/\libhal_bsp.a(altera_nios2_gen2_irq.o)
                                 0xc6 (size before relaxing)
 .debug_line_str
                0x0000082d       0x39 c:/intelfpga_lite/23.1std/nios2eds/bin/gnu/h-x86_64-mingw32/bin/../lib/gcc/nios2-elf/12.3.1/../../../../../H-x86_64-mingw32/nios2-elf/lib/mno-hw-mul\libsmallc.a(libc_a-memcpy.o)
                                0x259 (size before relaxing)
