Archive member included to satisfy reference by file (symbol)

c:/intelfpga_lite/23.1std/nios2eds/bin/gnu/h-x86_64-mingw32/bin/../lib/gcc/nios2-elf/12.3.1/../../../../../H-x86_64-mingw32/nios2-elf/lib/mno-hw-mul\libc.a(libc_a-puts.o)
                              obj/default/KEY.o (puts)
c:/intelfpga_lite/23.1std/nios2eds/bin/gnu/h-x86_64-mingw32/bin/../lib/gcc/nios2-elf/12.3.1/../../../../../H-x86_64-mingw32/nios2-elf/lib/mno-hw-mul\libc.a(libc_a-strlen.o)
                              c:/intelfpga_lite/23.1std/nios2eds/bin/gnu/h-x86_64-mingw32/bin/../lib/gcc/nios2-elf/12.3.1/../../../../../H-x86_64-mingw32/nios2-elf/lib/mno-hw-mul\libc.a(libc_a-puts.o) (strlen)
c:/intelfpga_lite/23.1std/nios2eds/bin/gnu/h-x86_64-mingw32/bin/../lib/gcc/nios2-elf/12.3.1/../../../../../H-x86_64-mingw32/nios2-elf/lib/mno-hw-mul\libc.a(libc_a-impure.o)
                              c:/intelfpga_lite/23.1std/nios2eds/bin/gnu/h-x86_64-mingw32/bin/../lib/gcc/nios2-elf/12.3.1/../../../../../H-x86_64-mingw32/nios2-elf/lib/mno-hw-mul\libc.a(libc_a-puts.o) (_impure_ptr)
c:/intelfpga_lite/23.1std/nios2eds/bin/gnu/h-x86_64-mingw32/bin/../lib/gcc/nios2-elf/12.3.1/../../../../../H-x86_64-mingw32/nios2-elf/lib/mno-hw-mul\libc.a(libc_a-findfp.o)
                              c:/intelfpga_lite/23.1std/nios2eds/bin/gnu/h-x86_64-mingw32/bin/../lib/gcc/nios2-elf/12.3.1/../../../../../H-x86_64-mingw32/nios2-elf/lib/mno-hw-mul\libc.a(libc_a-impure.o) (__sf)
c:/intelfpga_lite/23.1std/nios2eds/bin/gnu/h-x86_64-mingw32/bin/../lib/gcc/nios2-elf/12.3.1/../../../../../H-x86_64-mingw32/nios2-elf/lib/mno-hw-mul\libc.a(libc_a-fvwrite.o)
                              c:/intelfpga_lite/23.1std/nios2eds/bin/gnu/h-x86_64-mingw32/bin/../lib/gcc/nios2-elf/12.3.1/../../../../../H-x86_64-mingw32/nios2-elf/lib/mno-hw-mul\libc.a(libc_a-puts.o) (__sfvwrite_r)
c:/intelfpga_lite/23.1std/nios2eds/bin/gnu/h-x86_64-mingw32/bin/../lib/gcc/nios2-elf/12.3.1/../../../../../H-x86_64-mingw32/nios2-elf/lib/mno-hw-mul\libc.a(libc_a-fwalk.o)
                              c:/intelfpga_lite/23.1std/nios2eds/bin/gnu/h-x86_64-mingw32/bin/../lib/gcc/nios2-elf/12.3.1/../../../../../H-x86_64-mingw32/nios2-elf/lib/mno-hw-mul\libc.a(libc_a-findfp.o) (_fwalk_sglue)
c:/intelfpga_lite/23.1std/nios2eds/bin/gnu/h-x86_64-mingw32/bin/../lib/gcc/nios2-elf/12.3.1/../../../../../H-x86_64-mingw32/nios2-elf/lib/mno-hw-mul\libc.a(libc_a-stdio.o)
                              c:/intelfpga_lite/23.1std/nios2eds/bin/gnu/h-x86_64-mingw32/bin/../lib/gcc/nios2-elf/12.3.1/../../../../../H-x86_64-mingw32/nios2-elf/lib/mno-hw-mul\libc.a(libc_a-findfp.o) (__sread)
c:/intelfpga_lite/23.1std/nios2eds/bin/gnu/h-x86_64-mingw32/bin/../lib/gcc/nios2-elf/12.3.1/../../../../../H-x86_64-mingw32/nios2-elf/lib/mno-hw-mul\libc.a(libc_a-wsetup.o)
                              c:/intelfpga_lite/23.1std/nios2eds/bin/gnu/h-x86_64-mingw32/bin/../lib/gcc/nios2-elf/12.3.1/../../../../../H-x86_64-mingw32/nios2-elf/lib/mno-hw-mul\libc.a(libc_a-fvwrite.o) (__swsetup_r)
c:/intelfpga_lite/23.1std/nios2eds/bin/gnu/h-x86_64-mingw32/bin/../lib/gcc/nios2-elf/12.3.1/../../../../../H-x86_64-mingw32/nios2-elf/lib/mno-hw-mul\libc.a(libc_a-memchr.o)
                              c:/intelfpga_lite/23.1std/nios2eds/bin/gnu/h-x86_64-mingw32/bin/../lib/gcc/nios2-elf/12.3.1/../../../../../H-x86_64-mingw32/nios2-elf/lib/mno-hw-mul\libc.a(libc_a-fvwrite.o) (memchr)
c:/intelfpga_lite/23.1std/nios2eds/bin/gnu/h-x86_64-mingw32/bin/../lib/gcc/nios2-elf/12.3.1/../../../../../H-x86_64-mingw32/nios2-elf/lib/mno-hw-mul\libc.a(libc_a-memcpy.o)
                              c:/intelfpga_lite/23.1std/nios2eds/bin/gnu/h-x86_64-mingw32/bin/../lib/gcc/nios2-elf/12.3.1/../../../../../H-x86_64-mingw32/nios2-elf/lib/mno-hw-mul\libc.a(libc_a-fvwrite.o) (memcpy)
c:/intelfpga_lite/23.1std/nios2eds/bin/gnu/h-x86_64-mingw32/bin/../lib/gcc/nios2-elf/12.3.1/../../../../../H-x86_64-mingw32/nios2-elf/lib/mno-hw-mul\libc.a(libc_a-memmove.o)
                              c:/intelfpga_lite/23.1std/nios2eds/bin/gnu/h-x86_64-mingw32/bin/../lib/gcc/nios2-elf/12.3.1/../../../../../H-x86_64-mingw32/nios2-elf/lib/mno-hw-mul\libc.a(libc_a-fvwrite.o) (memmove)
c:/intelfpga_lite/23.1std/nios2eds/bin/gnu/h-x86_64-mingw32/bin/../lib/gcc/nios2-elf/12.3.1/../../../../../H-x86_64-mingw32/nios2-elf/lib/mno-hw-mul\libc.a(libc_a-memset.o)
                              c:/intelfpga_lite/23.1std/nios2eds/bin/gnu/h-x86_64-mingw32/bin/../lib/gcc/nios2-elf/12.3.1/../../../../../H-x86_64-mingw32/nios2-elf/lib/mno-hw-mul\libc.a(libc_a-findfp.o) (memset)
c:/intelfpga_lite/23.1std/nios2eds/bin/gnu/h-x86_64-mingw32/bin/../lib/gcc/nios2-elf/12.3.1/../../../../../H-x86_64-mingw32/nios2-elf/lib/mno-hw-mul\libc.a(libc_a-closer.o)
                              c:/intelfpga_lite/23.1std/nios2eds/bin/gnu/h-x86_64-mingw32/bin/../lib/gcc/nios2-elf/12.3.1/../../../../../H-x86_64-mingw32/nios2-elf/lib/mno-hw-mul\libc.a(libc_a-stdio.o) (_close_r)
[...]
Memory Configuration

Name             Origin             Length             Attributes
reset            0x00001000         0x00000020
onchip_memory2_0 0x00001020         0x00000fe0
*default*        0x00000000         0xffffffff

Linker script and memory map

LOAD c:/Users/thiag/Documents/New_Ic/software/testeNew_bsp//obj/HAL/src/crt0.o
LOAD obj/default/KEY.o
LOAD obj/default/hello_world.o
LOAD c:/intelfpga_lite/23.1std/nios2eds/bin/gnu/h-x86_64-mingw32/bin/../lib/gcc/nios2-elf/12.3.1/../../../../../H-x86_64-mingw32/nios2-elf/lib/mno-hw-mul\libstdc++.a
LOAD c:/intelfpga_lite/23.1std/nios2eds/bin/gnu/h-x86_64-mingw32/bin/../lib/gcc/nios2-elf/12.3.1/../../../../../H-x86_64-mingw32/nios2-elf/lib/mno-hw-mul\libm.a
LOAD c:/intelfpga_lite/23.1std/nios2eds/bin/gnu/h-x86_64-mingw32/bin/../lib/gcc/nios2-elf/12.3.1/mno-hw-mul\libgcc.a
START GROUP
LOAD c:/intelfpga_lite/23.1std/nios2eds/bin/gnu/h-x86_64-mingw32/bin/../lib/gcc/nios2-elf/12.3.1/../../../../../H-x86_64-mingw32/nios2-elf/lib/mno-hw-mul\libc.a
LOAD c:/intelfpga_lite/23.1std/nios2eds/bin/gnu/h-x86_64-mingw32/bin/../lib/gcc/nios2-elf/12.3.1/mno-hw-mul\libgcc.a
LOAD c:/Users/thiag/Documents/New_Ic/software/testeNew_bsp/\libhal_bsp.a
LOAD c:/intelfpga_lite/23.1std/nios2eds/bin/gnu/h-x86_64-mingw32/bin/../lib/gcc/nios2-elf/12.3.1/../../../../../H-x86_64-mingw32/nios2-elf/lib/mno-hw-mul\libm.a
END GROUP
LOAD c:/intelfpga_lite/23.1std/nios2eds/bin/gnu/h-x86_64-mingw32/bin/../lib/gcc/nios2-elf/12.3.1/mno-hw-mul\libgcc.a
                0x00001000                        __alt_mem_onchip_memory2_0 = 0x1000

.entry          0x00001000       0x20
 *(.entry)
 .entry         0x00001000       0x20 c:/Users/thiag/Documents/New_Ic/software/testeNew_bsp//obj/HAL/src/crt0.o
                0x00001000                __reset

.exceptions     0x00001020      0x204
                0x00001020                        PROVIDE (__ram_exceptions_start = ABSOLUTE (.))
                0x00001020                        . = ALIGN (0x20)
 *(.irq)
 *(.exceptions.entry.label)
 .exceptions.entry.label
                0x00001020        0x0 c:/Users/thiag/Documents/New_Ic/software/testeNew_bsp/\libhal_bsp.a(alt_irq_entry.o)
                0x00001020                alt_irq_entry
 .exceptions.entry.label
                0x00001020        0x0 c:/Users/thiag/Documents/New_Ic/software/testeNew_bsp/\libhal_bsp.a(alt_exception_entry.o)
                0x00001020                alt_exception
 *(.exceptions.entry.user)
 *(.exceptions.entry.ecc_fatal)
 *(.exceptions.entry)
 .exceptions.entry
                0x00001020       0x54 c:/Users/thiag/Documents/New_Ic/software/testeNew_bsp/\libhal_bsp.a(alt_exception_entry.o)
 *(.exceptions.irqtest.user)
 *(.exceptions.irqtest)
 .exceptions.irqtest
                0x00001074       0x10 c:/Users/thiag/Documents/New_Ic/software/testeNew_bsp/\libhal_bsp.a(alt_irq_entry.o)
 *(.exceptions.irqhandler.user)
 *(.exceptions.irqhandler)
 .exceptions.irqhandler
                0x00001084        0x4 c:/Users/thiag/Documents/New_Ic/software/testeNew_bsp/\libhal_bsp.a(alt_irq_entry.o)
 *(.exceptions.irqreturn.user)
 *(.exceptions.irqreturn)
 .exceptions.irqreturn
                0x00001088        0x4 c:/Users/thiag/Documents/New_Ic/software/testeNew_bsp/\libhal_bsp.a(alt_irq_entry.o)
 *(.exceptions.notirq.label)
 .exceptions.notirq.label
                0x0000108c        0x0 c:/Users/thiag/Documents/New_Ic/software/testeNew_bsp/\libhal_bsp.a(alt_irq_entry.o)
 *(.exceptions.notirq.user)
 *(.exceptions.notirq)
 .exceptions.notirq
                0x0000108c        0x8 c:/Users/thiag/Documents/New_Ic/software/testeNew_bsp/\libhal_bsp.a(alt_exception_entry.o)
 *(.exceptions.soft.user)
 *(.exceptions.soft)
 *(.exceptions.unknown.user)
 *(.exceptions.unknown)
 .exceptions.unknown
                0x00001094       0x14 c:/Users/thiag/Documents/New_Ic/software/testeNew_bsp/\libhal_bsp.a(alt_exception_entry.o)
 *(.exceptions.exit.label)
 .exceptions.exit.label
                0x000010a8        0x0 c:/Users/thiag/Documents/New_Ic/software/testeNew_bsp/\libhal_bsp.a(alt_irq_entry.o)
 .exceptions.exit.label
                0x000010a8        0x0 c:/Users/thiag/Documents/New_Ic/software/testeNew_bsp/\libhal_bsp.a(alt_exception_entry.o)
 *(.exceptions.exit.user)
 *(.exceptions.exit)
 .exceptions.exit
                0x000010a8       0x54 c:/Users/thiag/Documents/New_Ic/software/testeNew_bsp/\libhal_bsp.a(alt_exception_entry.o)
 *(.exceptions)
 .exceptions    0x000010fc       0xc8 c:/Users/thiag/Documents/New_Ic/software/testeNew_bsp/\libhal_bsp.a(alt_irq_handler.o)
                0x000010fc                alt_irq_handler
 .exceptions    0x000011c4       0x60 c:/Users/thiag/Documents/New_Ic/software/testeNew_bsp/\libhal_bsp.a(alt_instruction_exception_entry.o)
                0x000011c4                alt_instruction_exception_entry
                0x00001224                        PROVIDE (__ram_exceptions_end = ABSOLUTE (.))
                0x00001020                        PROVIDE (__flash_exceptions_start = LOADADDR (.exceptions))

.text           0x00001224     0x60a8
                [!provide]                        PROVIDE (stext = ABSOLUTE (.))
 *(.interp)
 *(.hash)
 *(.dynsym)
 *(.dynstr)
 *(.gnu.version)
 *(.gnu.version_d)
 *(.gnu.version_r)
 *(.rel.init)
 *(.rela.init)
 *(.rel.text .rel.text.* .rel.gnu.linkonce.t.*)
 *(.rela.text .rela.text.* .rela.gnu.linkonce.t.*)
 *(.rel.fini)
 *(.rela.fini)
 *(.rel.rodata .rel.rodata.* .rel.gnu.linkonce.r.*)
 *(.rela.rodata .rela.rodata.* .rela.gnu.linkonce.r.*)
 *(.rel.data .rel.data.* .rel.gnu.linkonce.d.*)
 *(.rela.data .rela.data.* .rela.gnu.linkonce.d.*)
 *(.rel.tdata .rel.tdata.* .rel.gnu.linkonce.td.*)
 *(.rela.tdata .rela.tdata.* .rela.gnu.linkonce.td.*)
 *(.rel.tbss .rel.tbss.* .rel.gnu.linkonce.tb.*)
 *(.rela.tbss .rela.tbss.* .rela.gnu.linkonce.tb.*)
 *(.rel.ctors)
 *(.rela.ctors)
 *(.rel.dtors)
 *(.rela.dtors)
 *(.rel.got)
 *(.rela.got)
 *(.rel.sdata .rel.sdata.* .rel.gnu.linkonce.s.*)
 *(.rela.sdata .rela.sdata.* .rela.gnu.linkonce.s.*)
 *(.rel.sbss .rel.sbss.* .rel.gnu.linkonce.sb.*)
 *(.rela.sbss .rela.sbss.* .rela.gnu.linkonce.sb.*)
 *(.rel.sdata2 .rel.sdata2.* .rel.gnu.linkonce.s2.*)
 *(.rela.sdata2 .rela.sdata2.* .rela.gnu.linkonce.s2.*)
 *(.rel.sbss2 .rel.sbss2.* .rel.gnu.linkonce.sb2.*)
 *(.rela.sbss2 .rela.sbss2.* .rela.gnu.linkonce.sb2.*)
 *(.rel.bss .rel.bss.* .rel.gnu.linkonce.b.*)
 *(.rela.bss .rela.bss.* .rela.gnu.linkonce.b.*)
 *(.rel.plt)
 *(.rela.plt)
 *(.rel.dyn)
 *(.init)
 *(.plt)
 *(.text .stub .text.* .gnu.linkonce.t.*)
 .text          0x00001224       0x3c c:/Users/thiag/Documents/New_Ic/software/testeNew_bsp//obj/HAL/src/crt0.o
                0x00001224                _start
 .text          0x00001260      0xa78 obj/default/KEY.o
                0x00001260                pulse_we
                0x00001290                we_DEC
                0x000012dc                we_CTL
                0x00001328                we_MIRQ
                0x00001374                re_DEC
                0x000013c4                re_CTL
                0x00001414                re_MIRQ
                0x00001464                edge_KEY
                0x00001754                initialize_joystick
                0x00001808                close_joystick
                0x00001854                state_KEY
                0x00001940                interrupt_handler
                0x00001a70                set_KEY_callback
 .text          0x00001cd8       0x14 obj/default/hello_world.o
                0x00001cd8                main
 .text          0x00001cec        0x0 c:/intelfpga_lite/23.1std/nios2eds/bin/gnu/h-x86_64-mingw32/bin/../lib/gcc/nios2-elf/12.3.1/../../../../../H-x86_64-mingw32/nios2-elf/lib/mno-hw-mul\libc.a(libc_a-puts.o)
 .text._puts_r  0x00001cec       0xd0 c:/intelfpga_lite/23.1std/nios2eds/bin/gnu/h-x86_64-mingw32/bin/../lib/gcc/nios2-elf/12.3.1/../../../../../H-x86_64-mingw32/nios2-elf/lib/mno-hw-mul\libc.a(libc_a-puts.o)
                0x00001cec                _puts_r
 .text.puts     0x00001dbc       0x10 c:/intelfpga_lite/23.1std/nios2eds/bin/gnu/h-x86_64-mingw32/bin/../lib/gcc/nios2-elf/12.3.1/../../../../../H-x86_64-mingw32/nios2-elf/lib/mno-hw-mul\libc.a(libc_a-puts.o)
                0x00001dbc                puts
 .text          0x00001dcc        0x0 c:/intelfpga_lite/23.1std/nios2eds/bin/gnu/h-x86_64-mingw32/bin/../lib/gcc/nios2-elf/12.3.1/../../../../../H-x86_64-mingw32/nios2-elf/lib/mno-hw-mul\libc.a(libc_a-strlen.o)
 .text.strlen   0x00001dcc       0x98 c:/intelfpga_lite/23.1std/nios2eds/bin/gnu/h-x86_64-mingw32/bin/../lib/gcc/nios2-elf/12.3.1/../../../../../H-x86_64-mingw32/nios2-elf/lib/mno-hw-mul\libc.a(libc_a-strlen.o)
                0x00001dcc                strlen
 .text          0x00001e64        0x0 c:/intelfpga_lite/23.1std/nios2eds/bin/gnu/h-x86_64-mingw32/bin/../lib/gcc/nios2-elf/12.3.1/../../../../../H-x86_64-mingw32/nios2-elf/lib/mno-hw-mul\libc.a(libc_a-impure.o)
 .text          0x00001e64        0x0 c:/intelfpga_lite/23.1std/nios2eds/bin/gnu/h-x86_64-mingw32/bin/../lib/gcc/nios2-elf/12.3.1/../../../../../H-x86_64-mingw32/nios2-elf/lib/mno-hw-mul\libc.a(libc_a-findfp.o)
 .text.__fp_lock
                0x00001e64        0x8 c:/intelfpga_lite/23.1std/nios2eds/bin/gnu/h-x86_64-mingw32/bin/../lib/gcc/nios2-elf/12.3.1/../../../../../H-x86_64-mingw32/nios2-elf/lib/mno-hw-mul\libc.a(libc_a-findfp.o)
 .text.stdio_exit_handler
                0x00001e6c       0x1c c:/intelfpga_lite/23.1std/nios2eds/bin/gnu/h-x86_64-mingw32/bin/../lib/gcc/nios2-elf/12.3.1/../../../../../H-x86_64-mingw32/nios2-elf/lib/mno-hw-mul\libc.a(libc_a-findfp.o)
 .text.cleanup_stdio
                0x00001e88       0x70 c:/intelfpga_lite/23.1std/nios2eds/bin/gnu/h-x86_64-mingw32/bin/../lib/gcc/nios2-elf/12.3.1/../../../../../H-x86_64-mingw32/nios2-elf/lib/mno-hw-mul\libc.a(libc_a-findfp.o)
 .text.__fp_unlock
                0x00001ef8        0x8 c:/intelfpga_lite/23.1std/nios2eds/bin/gnu/h-x86_64-mingw32/bin/../lib/gcc/nios2-elf/12.3.1/../../../../../H-x86_64-mingw32/nios2-elf/lib/mno-hw-mul\libc.a(libc_a-findfp.o)
 .text.global_stdio_init.part.0
                0x00001f00      0x174 c:/intelfpga_lite/23.1std/nios2eds/bin/gnu/h-x86_64-mingw32/bin/../lib/gcc/nios2-elf/12.3.1/../../../../../H-x86_64-mingw32/nios2-elf/lib/mno-hw-mul\libc.a(libc_a-findfp.o)
 .text.__sfp    0x00002074      0x120 c:/intelfpga_lite/23.1std/nios2eds/bin/gnu/h-x86_64-mingw32/bin/../lib/gcc/nios2-elf/12.3.1/../../../../../H-x86_64-mingw32/nios2-elf/lib/mno-hw-mul\libc.a(libc_a-findfp.o)
                0x00002074                __sfp
 .text.__sinit  0x00002194       0x28 c:/intelfpga_lite/23.1std/nios2eds/bin/gnu/h-x86_64-mingw32/bin/../lib/gcc/nios2-elf/12.3.1/../../../../../H-x86_64-mingw32/nios2-elf/lib/mno-hw-mul\libc.a(libc_a-findfp.o)
                0x00002194                __sinit
 .text.__sfp_lock_acquire
                0x000021bc        0x4 c:/intelfpga_lite/23.1std/nios2eds/bin/gnu/h-x86_64-mingw32/bin/../lib/gcc/nios2-elf/12.3.1/../../../../../H-x86_64-mingw32/nios2-elf/lib/mno-hw-mul\libc.a(libc_a-findfp.o)
                0x000021bc                __sfp_lock_acquire
 .text.__sfp_lock_release
                0x000021c0        0x4 c:/intelfpga_lite/23.1std/nios2eds/bin/gnu/h-x86_64-mingw32/bin/../lib/gcc/nios2-elf/12.3.1/../../../../../H-x86_64-mingw32/nios2-elf/lib/mno-hw-mul\libc.a(libc_a-findfp.o)
                0x000021c0                __sfp_lock_release
 .text.__fp_lock_all
                0x000021c4       0x18 c:/intelfpga_lite/23.1std/nios2eds/bin/gnu/h-x86_64-mingw32/bin/../lib/gcc/nios2-elf/12.3.1/../../../../../H-x86_64-mingw32/nios2-elf/lib/mno-hw-mul\libc.a(libc_a-findfp.o)
                0x000021c4                __fp_lock_all
 .text.__fp_unlock_all
                0x000021dc       0x18 c:/intelfpga_lite/23.1std/nios2eds/bin/gnu/h-x86_64-mingw32/bin/../lib/gcc/nios2-elf/12.3.1/../../../../../H-x86_64-mingw32/nios2-elf/lib/mno-hw-mul\libc.a(libc_a-findfp.o)
                0x000021dc                __fp_unlock_all
 .text          0x000021f4        0x0 c:/intelfpga_lite/23.1std/nios2eds/bin/gnu/h-x86_64-mingw32/bin/../lib/gcc/nios2-elf/12.3.1/../../../../../H-x86_64-mingw32/nios2-elf/lib/mno-hw-mul\libc.a(libc_a-fvwrite.o)
 .text.__sfvwrite_r
                0x000021f4      0x4a0 c:/intelfpga_lite/23.1std/nios2eds/bin/gnu/h-x86_64-mingw32/bin/../lib/gcc/nios2-elf/12.3.1/../../../../../H-x86_64-mingw32/nios2-elf/lib/mno-hw-mul\libc.a(libc_a-fvwrite.o)
                0x000021f4                __sfvwrite_r
 .text          0x00002694        0x0 c:/intelfpga_lite/23.1std/nios2eds/bin/gnu/h-x86_64-mingw32/bin/../lib/gcc/nios2-elf/12.3.1/../../../../../H-x86_64-mingw32/nios2-elf/lib/mno-hw-mul\libc.a(libc_a-fwalk.o)
 .text._fwalk_sglue
                0x00002694       0xa8 c:/intelfpga_lite/23.1std/nios2eds/bin/gnu/h-x86_64-mingw32/bin/../lib/gcc/nios2-elf/12.3.1/../../../../../H-x86_64-mingw32/nios2-elf/lib/mno-hw-mul\libc.a(libc_a-fwalk.o)
                0x00002694                _fwalk_sglue
 .text          0x0000273c        0x0 c:/intelfpga_lite/23.1std/nios2eds/bin/gnu/h-x86_64-mingw32/bin/../lib/gcc/nios2-elf/12.3.1/../../../../../H-x86_64-mingw32/nios2-elf/lib/mno-hw-mul\libc.a(libc_a-stdio.o)
 .text.__sread  0x0000273c       0x54 c:/intelfpga_lite/23.1std/nios2eds/bin/gnu/h-x86_64-mingw32/bin/../lib/gcc/nios2-elf/12.3.1/../../../../../H-x86_64-mingw32/nios2-elf/lib/mno-hw-mul\libc.a(libc_a-stdio.o)
                0x0000273c                __sread
 .text.__seofread
                0x00002790        0x8 c:/intelfpga_lite/23.1std/nios2eds/bin/gnu/h-x86_64-mingw32/bin/../lib/gcc/nios2-elf/12.3.1/../../../../../H-x86_64-mingw32/nios2-elf/lib/mno-hw-mul\libc.a(libc_a-stdio.o)
                0x00002790                __seofread
 .text.__swrite
                0x00002798       0x80 c:/intelfpga_lite/23.1std/nios2eds/bin/gnu/h-x86_64-mingw32/bin/../lib/gcc/nios2-elf/12.3.1/../../../../../H-x86_64-mingw32/nios2-elf/lib/mno-hw-mul\libc.a(libc_a-stdio.o)
                0x00002798                __swrite
 .text.__sseek  0x00002818       0x5c c:/intelfpga_lite/23.1std/nios2eds/bin/gnu/h-x86_64-mingw32/bin/../lib/gcc/nios2-elf/12.3.1/../../../../../H-x86_64-mingw32/nios2-elf/lib/mno-hw-mul\libc.a(libc_a-stdio.o)
                0x00002818                __sseek
 .text.__sclose
                0x00002874        0x8 c:/intelfpga_lite/23.1std/nios2eds/bin/gnu/h-x86_64-mingw32/bin/../lib/gcc/nios2-elf/12.3.1/../../../../../H-x86_64-mingw32/nios2-elf/lib/mno-hw-mul\libc.a(libc_a-stdio.o)
                0x00002874                __sclose
 .text          0x0000287c        0x0 c:/intelfpga_lite/23.1std/nios2eds/bin/gnu/h-x86_64-mingw32/bin/../lib/gcc/nios2-elf/12.3.1/../../../../../H-x86_64-mingw32/nios2-elf/lib/mno-hw-mul\libc.a(libc_a-wsetup.o)
 .text.__swsetup_r
                0x0000287c      0x144 c:/intelfpga_lite/23.1std/nios2eds/bin/gnu/h-x86_64-mingw32/bin/../lib/gcc/nios2-elf/12.3.1/../../../../../H-x86_64-mingw32/nios2-elf/lib/mno-hw-mul\libc.a(libc_a-wsetup.o)
                0x0000287c                __swsetup_r
 .text          0x000029c0        0x0 c:/intelfpga_lite/23.1std/nios2eds/bin/gnu/h-x86_64-mingw32/bin/../lib/gcc/nios2-elf/12.3.1/../../../../../H-x86_64-mingw32/nios2-elf/lib/mno-hw-mul\libc.a(libc_a-memchr.o)
 .text.memchr   0x000029c0       0xfc c:/intelfpga_lite/23.1std/nios2eds/bin/gnu/h-x86_64-mingw32/bin/../lib/gcc/nios2-elf/12.3.1/../../../../../H-x86_64-mingw32/nios2-elf/lib/mno-hw-mul\libc.a(libc_a-memchr.o)
                0x000029c0                memchr
 .text          0x00002abc        0x0 c:/intelfpga_lite/23.1std/nios2eds/bin/gnu/h-x86_64-mingw32/bin/../lib/gcc/nios2-elf/12.3.1/../../../../../H-x86_64-mingw32/nios2-elf/lib/mno-hw-mul\libc.a(libc_a-memcpy.o)
 .text.memcpy   0x00002abc      0x100 c:/intelfpga_lite/23.1std/nios2eds/bin/gnu/h-x86_64-mingw32/bin/../lib/gcc/nios2-elf/12.3.1/../../../../../H-x86_64-mingw32/nios2-elf/lib/mno-hw-mul\libc.a(libc_a-memcpy.o)
                0x00002abc                memcpy
 .text          0x00002bbc        0x0 c:/intelfpga_lite/23.1std/nios2eds/bin/gnu/h-x86_64-mingw32/bin/../lib/gcc/nios2-elf/12.3.1/../../../../../H-x86_64-mingw32/nios2-elf/lib/mno-hw-mul\libc.a(libc_a-memmove.o)
 .text.memmove  0x00002bbc      0x128 c:/intelfpga_lite/23.1std/nios2eds/bin/gnu/h-x86_64-mingw32/bin/../lib/gcc/nios2-elf/12.3.1/../../../../../H-x86_64-mingw32/nios2-elf/lib/mno-hw-mul\libc.a(libc_a-memmove.o)
                0x00002bbc                memmove
 .text          0x00002ce4        0x0 c:/intelfpga_lite/23.1std/nios2eds/bin/gnu/h-x86_64-mingw32/bin/../lib/gcc/nios2-elf/12.3.1/../../../../../H-x86_64-mingw32/nios2-elf/lib/mno-hw-mul\libc.a(libc_a-memset.o)
 .text.memset   0x00002ce4      0x140 c:/intelfpga_lite/23.1std/nios2eds/bin/gnu/h-x86_64-mingw32/bin/../lib/gcc/nios2-elf/12.3.1/../../../../../H-x86_64-mingw32/nios2-elf/lib/mno-hw-mul\libc.a(libc_a-memset.o)
                0x00002ce4                memset
 .text          0x00002e24        0x0 c:/intelfpga_lite/23.1std/nios2eds/bin/gnu/h-x86_64-mingw32/bin/../lib/gcc/nios2-elf/12.3.1/../../../../../H-x86_64-mingw32/nios2-elf/lib/mno-hw-mul\libc.a(libc_a-closer.o)
 .text._close_r
                0x00002e24       0x58 c:/intelfpga_lite/23.1std/nios2eds/bin/gnu/h-x86_64-mingw32/bin/../lib/gcc/nios2-elf/12.3.1/../../../../../H-x86_64-mingw32/nios2-elf/lib/mno-hw-mul\libc.a(libc_a-closer.o)
                0x00002e24                _close_r
 .text          0x00002e7c        0x0 c:/intelfpga_lite/23.1std/nios2eds/bin/gnu/h-x86_64-mingw32/bin/../lib/gcc/nios2-elf/12.3.1/../../../../../H-x86_64-mingw32/nios2-elf/lib/mno-hw-mul\libc.a(libc_a-reent.o)
 .text._reclaim_reent
                0x00002e7c       0xc8 c:/intelfpga_lite/23.1std/nios2eds/bin/gnu/h-x86_64-mingw32/bin/../lib/gcc/nios2-elf/12.3.1/../../../../../H-x86_64-mingw32/nios2-elf/lib/mno-hw-mul\libc.a(libc_a-reent.o)
                0x00002e7c                _reclaim_reent
 .text          0x00002f44        0x0 c:/intelfpga_lite/23.1std/nios2eds/bin/gnu/h-x86_64-mingw32/bin/../lib/gcc/nios2-elf/12.3.1/../../../../../H-x86_64-mingw32/nios2-elf/lib/mno-hw-mul\libc.a(libc_a-lseekr.o)
 .text._lseek_r
                0x00002f44       0x64 c:/intelfpga_lite/23.1std/nios2eds/bin/gnu/h-x86_64-mingw32/bin/../lib/gcc/nios2-elf/12.3.1/../../../../../H-x86_64-mingw32/nios2-elf/lib/mno-hw-mul\libc.a(libc_a-lseekr.o)
                0x00002f44                _lseek_r
 .text          0x00002fa8        0x0 c:/intelfpga_lite/23.1std/nios2eds/bin/gnu/h-x86_64-mingw32/bin/../lib/gcc/nios2-elf/12.3.1/../../../../../H-x86_64-mingw32/nios2-elf/lib/mno-hw-mul\libc.a(libc_a-readr.o)
 .text._read_r  0x00002fa8       0x64 c:/intelfpga_lite/23.1std/nios2eds/bin/gnu/h-x86_64-mingw32/bin/../lib/gcc/nios2-elf/12.3.1/../../../../../H-x86_64-mingw32/nios2-elf/lib/mno-hw-mul\libc.a(libc_a-readr.o)
                0x00002fa8                _read_r
 .text          0x0000300c        0x0 c:/intelfpga_lite/23.1std/nios2eds/bin/gnu/h-x86_64-mingw32/bin/../lib/gcc/nios2-elf/12.3.1/../../../../../H-x86_64-mingw32/nios2-elf/lib/mno-hw-mul\libc.a(libc_a-writer.o)
 .text._write_r
                0x0000300c       0x64 c:/intelfpga_lite/23.1std/nios2eds/bin/gnu/h-x86_64-mingw32/bin/../lib/gcc/nios2-elf/12.3.1/../../../../../H-x86_64-mingw32/nios2-elf/lib/mno-hw-mul\libc.a(libc_a-writer.o)
                0x0000300c                _write_r
 .text          0x00003070        0x0 c:/intelfpga_lite/23.1std/nios2eds/bin/gnu/h-x86_64-mingw32/bin/../lib/gcc/nios2-elf/12.3.1/../../../../../H-x86_64-mingw32/nios2-elf/lib/mno-hw-mul\libc.a(libc_a-exit.o)
 .text.exit     0x00003070       0x30 c:/intelfpga_lite/23.1std/nios2eds/bin/gnu/h-x86_64-mingw32/bin/../lib/gcc/nios2-elf/12.3.1/../../../../../H-x86_64-mingw32/nios2-elf/lib/mno-hw-mul\libc.a(libc_a-exit.o)
                0x00003070                exit
 .text          0x000030a0        0x0 c:/intelfpga_lite/23.1std/nios2eds/bin/gnu/h-x86_64-mingw32/bin/../lib/gcc/nios2-elf/12.3.1/../../../../../H-x86_64-mingw32/nios2-elf/lib/mno-hw-mul\libc.a(libc_a-freer.o)
 .text._malloc_trim_r
                0x000030a0      0x124 c:/intelfpga_lite/23.1std/nios2eds/bin/gnu/h-x86_64-mingw32/bin/../lib/gcc/nios2-elf/12.3.1/../../../../../H-x86_64-mingw32/nios2-elf/lib/mno-hw-mul\libc.a(libc_a-freer.o)
                0x000030a0                _malloc_trim_r
 .text._free_r  0x000031c4      0x308 c:/intelfpga_lite/23.1std/nios2eds/bin/gnu/h-x86_64-mingw32/bin/../lib/gcc/nios2-elf/12.3.1/../../../../../H-x86_64-mingw32/nios2-elf/lib/mno-hw-mul\libc.a(libc_a-freer.o)
                0x000031c4                _free_r
 .text          0x000034cc        0x0 c:/intelfpga_lite/23.1std/nios2eds/bin/gnu/h-x86_64-mingw32/bin/../lib/gcc/nios2-elf/12.3.1/../../../../../H-x86_64-mingw32/nios2-elf/lib/mno-hw-mul\libc.a(libc_a-mallocr.o)
 .text._malloc_r
                0x000034cc      0x7c8 c:/intelfpga_lite/23.1std/nios2eds/bin/gnu/h-x86_64-mingw32/bin/../lib/gcc/nios2-elf/12.3.1/../../../../../H-x86_64-mingw32/nios2-elf/lib/mno-hw-mul\libc.a(libc_a-mallocr.o)
                0x000034cc                _malloc_r
 .text          0x00003c94        0x0 c:/intelfpga_lite/23.1std/nios2eds/bin/gnu/h-x86_64-mingw32/bin/../lib/gcc/nios2-elf/12.3.1/../../../../../H-x86_64-mingw32/nios2-elf/lib/mno-hw-mul\libc.a(libc_a-reallocr.o)
 .text._realloc_r
                0x00003c94      0x5ec c:/intelfpga_lite/23.1std/nios2eds/bin/gnu/h-x86_64-mingw32/bin/../lib/gcc/nios2-elf/12.3.1/../../../../../H-x86_64-mingw32/nios2-elf/lib/mno-hw-mul\libc.a(libc_a-reallocr.o)
                0x00003c94                _realloc_r
 .text          0x00004280        0x0 c:/intelfpga_lite/23.1std/nios2eds/bin/gnu/h-x86_64-mingw32/bin/../lib/gcc/nios2-elf/12.3.1/../../../../../H-x86_64-mingw32/nios2-elf/lib/mno-hw-mul\libc.a(libc_a-fclose.o)
 .text._fclose_r
                0x00004280       0xf0 c:/intelfpga_lite/23.1std/nios2eds/bin/gnu/h-x86_64-mingw32/bin/../lib/gcc/nios2-elf/12.3.1/../../../../../H-x86_64-mingw32/nios2-elf/lib/mno-hw-mul\libc.a(libc_a-fclose.o)
                0x00004280                _fclose_r
 .text.fclose   0x00004370       0x10 c:/intelfpga_lite/23.1std/nios2eds/bin/gnu/h-x86_64-mingw32/bin/../lib/gcc/nios2-elf/12.3.1/../../../../../H-x86_64-mingw32/nios2-elf/lib/mno-hw-mul\libc.a(libc_a-fclose.o)
                0x00004370                fclose
 .text          0x00004380        0x0 c:/intelfpga_lite/23.1std/nios2eds/bin/gnu/h-x86_64-mingw32/bin/../lib/gcc/nios2-elf/12.3.1/../../../../../H-x86_64-mingw32/nios2-elf/lib/mno-hw-mul\libc.a(libc_a-fflush.o)
 .text.__sflush_r
                0x00004380      0x208 c:/intelfpga_lite/23.1std/nios2eds/bin/gnu/h-x86_64-mingw32/bin/../lib/gcc/nios2-elf/12.3.1/../../../../../H-x86_64-mingw32/nios2-elf/lib/mno-hw-mul\libc.a(libc_a-fflush.o)
                0x00004380                __sflush_r
 .text._fflush_r
                0x00004588       0x5c c:/intelfpga_lite/23.1std/nios2eds/bin/gnu/h-x86_64-mingw32/bin/../lib/gcc/nios2-elf/12.3.1/../../../../../H-x86_64-mingw32/nios2-elf/lib/mno-hw-mul\libc.a(libc_a-fflush.o)
                0x00004588                _fflush_r
 .text.fflush   0x000045e4       0x8c c:/intelfpga_lite/23.1std/nios2eds/bin/gnu/h-x86_64-mingw32/bin/../lib/gcc/nios2-elf/12.3.1/../../../../../H-x86_64-mingw32/nios2-elf/lib/mno-hw-mul\libc.a(libc_a-fflush.o)
                0x000045e4                fflush
 .text          0x00004670        0x0 c:/intelfpga_lite/23.1std/nios2eds/bin/gnu/h-x86_64-mingw32/bin/../lib/gcc/nios2-elf/12.3.1/../../../../../H-x86_64-mingw32/nios2-elf/lib/mno-hw-mul\libc.a(libc_a-makebuf.o)
 .text.__smakebuf_r
                0x00004670      0x1a8 c:/intelfpga_lite/23.1std/nios2eds/bin/gnu/h-x86_64-mingw32/bin/../lib/gcc/nios2-elf/12.3.1/../../../../../H-x86_64-mingw32/nios2-elf/lib/mno-hw-mul\libc.a(libc_a-makebuf.o)
                0x00004670                __smakebuf_r
 .text.__swhatbuf_r
                0x00004818       0x8c c:/intelfpga_lite/23.1std/nios2eds/bin/gnu/h-x86_64-mingw32/bin/../lib/gcc/nios2-elf/12.3.1/../../../../../H-x86_64-mingw32/nios2-elf/lib/mno-hw-mul\libc.a(libc_a-makebuf.o)
                0x00004818                __swhatbuf_r
 .text          0x000048a4        0x0 c:/intelfpga_lite/23.1std/nios2eds/bin/gnu/h-x86_64-mingw32/bin/../lib/gcc/nios2-elf/12.3.1/../../../../../H-x86_64-mingw32/nios2-elf/lib/mno-hw-mul\libc.a(libc_a-fstatr.o)
 .text._fstat_r
                0x000048a4       0x60 c:/intelfpga_lite/23.1std/nios2eds/bin/gnu/h-x86_64-mingw32/bin/../lib/gcc/nios2-elf/12.3.1/../../../../../H-x86_64-mingw32/nios2-elf/lib/mno-hw-mul\libc.a(libc_a-fstatr.o)
                0x000048a4                _fstat_r
 .text          0x00004904        0x0 c:/intelfpga_lite/23.1std/nios2eds/bin/gnu/h-x86_64-mingw32/bin/../lib/gcc/nios2-elf/12.3.1/../../../../../H-x86_64-mingw32/nios2-elf/lib/mno-hw-mul\libc.a(libc_a-isattyr.o)
 .text._isatty_r
                0x00004904       0x58 c:/intelfpga_lite/23.1std/nios2eds/bin/gnu/h-x86_64-mingw32/bin/../lib/gcc/nios2-elf/12.3.1/../../../../../H-x86_64-mingw32/nios2-elf/lib/mno-hw-mul\libc.a(libc_a-isattyr.o)
                0x00004904                _isatty_r
 .text          0x0000495c        0x0 c:/intelfpga_lite/23.1std/nios2eds/bin/gnu/h-x86_64-mingw32/bin/../lib/gcc/nios2-elf/12.3.1/../../../../../H-x86_64-mingw32/nios2-elf/lib/mno-hw-mul\libc.a(libc_a-sbrkr.o)
 .text._sbrk_r  0x0000495c       0x58 c:/intelfpga_lite/23.1std/nios2eds/bin/gnu/h-x86_64-mingw32/bin/../lib/gcc/nios2-elf/12.3.1/../../../../../H-x86_64-mingw32/nios2-elf/lib/mno-hw-mul\libc.a(libc_a-sbrkr.o)
                0x0000495c                _sbrk_r
 .text          0x000049b4        0x0 c:/intelfpga_lite/23.1std/nios2eds/bin/gnu/h-x86_64-mingw32/bin/../lib/gcc/nios2-elf/12.3.1/../../../../../H-x86_64-mingw32/nios2-elf/lib/mno-hw-mul\libc.a(libc_a-__call_atexit.o)
 .text.__call_exitprocs
                0x000049b4      0x118 c:/intelfpga_lite/23.1std/nios2eds/bin/gnu/h-x86_64-mingw32/bin/../lib/gcc/nios2-elf/12.3.1/../../../../../H-x86_64-mingw32/nios2-elf/lib/mno-hw-mul\libc.a(libc_a-__call_atexit.o)
                0x000049b4                __call_exitprocs
 .text          0x00004acc      0x1b4 c:/intelfpga_lite/23.1std/nios2eds/bin/gnu/h-x86_64-mingw32/bin/../lib/gcc/nios2-elf/12.3.1/mno-hw-mul\libgcc.a(lib2-divmod.o)
                0x00004acc                __divsi3
                0x00004b4c                __modsi3
                0x00004bc0                __udivsi3
                0x00004c24                __umodsi3
 .text          0x00004c80       0x28 c:/intelfpga_lite/23.1std/nios2eds/bin/gnu/h-x86_64-mingw32/bin/../lib/gcc/nios2-elf/12.3.1/mno-hw-mul\libgcc.a(lib2-mul.o)
                0x00004c80                __mulsi3
 .text          0x00004ca8      0x118 c:/Users/thiag/Documents/New_Ic/software/testeNew_bsp/\libhal_bsp.a(alt_close.o)
                0x00004ce4                close
 .text          0x00004dc0       0x2c c:/Users/thiag/Documents/New_Ic/software/testeNew_bsp/\libhal_bsp.a(alt_dev.o)
 .text          0x00004dec        0x0 c:/Users/thiag/Documents/New_Ic/software/testeNew_bsp/\libhal_bsp.a(alt_errno.o)
 .text          0x00004dec       0x3c c:/Users/thiag/Documents/New_Ic/software/testeNew_bsp/\libhal_bsp.a(alt_exit.o)
                0x00004dec                _exit
 .text          0x00004e28       0xf8 c:/Users/thiag/Documents/New_Ic/software/testeNew_bsp/\libhal_bsp.a(alt_fstat.o)
                0x00004e64                fstat
 .text          0x00004f20      0x1b0 c:/Users/thiag/Documents/New_Ic/software/testeNew_bsp/\libhal_bsp.a(alt_iic.o)
                0x00004f20                alt_ic_isr_register
                0x00004f70                alt_ic_irq_enable
                0x00004ff8                alt_ic_irq_disable
                0x00005084                alt_ic_irq_enabled
 .text          0x000050d0       0xe8 c:/Users/thiag/Documents/New_Ic/software/testeNew_bsp/\libhal_bsp.a(alt_iic_isr_register.o)
                0x000050d0                alt_iic_isr_register
 .text          0x000051b8        0x0 c:/Users/thiag/Documents/New_Ic/software/testeNew_bsp/\libhal_bsp.a(alt_irq_entry.o)
 .text          0x000051b8        0x0 c:/Users/thiag/Documents/New_Ic/software/testeNew_bsp/\libhal_bsp.a(alt_irq_handler.o)
 .text          0x000051b8        0x0 c:/Users/thiag/Documents/New_Ic/software/testeNew_bsp/\libhal_bsp.a(alt_irq_vars.o)
 .text          0x000051b8       0xec c:/Users/thiag/Documents/New_Ic/software/testeNew_bsp/\libhal_bsp.a(alt_isatty.o)
                0x000051f4                isatty
 .text          0x000052a4       0xec c:/Users/thiag/Documents/New_Ic/software/testeNew_bsp/\libhal_bsp.a(alt_load.o)
                0x0000530c                alt_load
 .text          0x00005390      0x11c c:/Users/thiag/Documents/New_Ic/software/testeNew_bsp/\libhal_bsp.a(alt_lseek.o)
                0x000053cc                lseek
 .text          0x000054ac       0x7c c:/Users/thiag/Documents/New_Ic/software/testeNew_bsp/\libhal_bsp.a(alt_main.o)
                0x000054ac                alt_main
 .text          0x00005528       0x48 c:/Users/thiag/Documents/New_Ic/software/testeNew_bsp/\libhal_bsp.a(alt_malloc_lock.o)
                0x00005528                __malloc_lock
                0x0000554c                __malloc_unlock
 .text          0x00005570      0x144 c:/Users/thiag/Documents/New_Ic/software/testeNew_bsp/\libhal_bsp.a(alt_read.o)
                0x000055ac                read
 .text          0x000056b4       0x70 c:/Users/thiag/Documents/New_Ic/software/testeNew_bsp/\libhal_bsp.a(alt_release_fd.o)
                0x000056b4                alt_release_fd
 .text          0x00005724       0xb8 c:/Users/thiag/Documents/New_Ic/software/testeNew_bsp/\libhal_bsp.a(alt_sbrk.o)
                0x00005724                sbrk
 .text          0x000057dc       0x30 c:/Users/thiag/Documents/New_Ic/software/testeNew_bsp/\libhal_bsp.a(alt_usleep.o)
                0x000057dc                usleep
 .text          0x0000580c      0x140 c:/Users/thiag/Documents/New_Ic/software/testeNew_bsp/\libhal_bsp.a(alt_write.o)
                0x00005848                write
 .text          0x0000594c       0xb8 c:/Users/thiag/Documents/New_Ic/software/testeNew_bsp/\libhal_bsp.a(alt_sys_init.o)
                0x00005980                alt_irq_init
                0x000059bc                alt_sys_init
 .text          0x00005a04      0x164 c:/Users/thiag/Documents/New_Ic/software/testeNew_bsp/\libhal_bsp.a(altera_avalon_jtag_uart_fd.o)
                0x00005a04                altera_avalon_jtag_uart_read_fd
                0x00005a64                altera_avalon_jtag_uart_write_fd
                0x00005ac4                altera_avalon_jtag_uart_close_fd
                0x00005b14                altera_avalon_jtag_uart_ioctl_fd
 .text          0x00005b68      0x3e4 c:/Users/thiag/Documents/New_Ic/software/testeNew_bsp/\libhal_bsp.a(altera_avalon_jtag_uart_init.o)
                0x00005b68                altera_avalon_jtag_uart_init
                0x00005ee4                altera_avalon_jtag_uart_close
 .text          0x00005f4c       0xf4 c:/Users/thiag/Documents/New_Ic/software/testeNew_bsp/\libhal_bsp.a(altera_avalon_jtag_uart_ioctl.o)
                0x00005f4c                altera_avalon_jtag_uart_ioctl
 .text          0x00006040      0x220 c:/Users/thiag/Documents/New_Ic/software/testeNew_bsp/\libhal_bsp.a(altera_avalon_jtag_uart_read.o)
                0x00006040                altera_avalon_jtag_uart_read
 .text          0x00006260      0x228 c:/Users/thiag/Documents/New_Ic/software/testeNew_bsp/\libhal_bsp.a(altera_avalon_jtag_uart_write.o)
                0x00006260                altera_avalon_jtag_uart_write
 .text          0x00006488      0x160 c:/Users/thiag/Documents/New_Ic/software/testeNew_bsp/\libhal_bsp.a(alt_alarm_start.o)
                0x00006488                alt_alarm_start
 .text          0x000065e8      0x158 c:/Users/thiag/Documents/New_Ic/software/testeNew_bsp/\libhal_bsp.a(alt_busy_sleep.o)
                0x000065e8                alt_busy_sleep
 .text          0x00006740       0x20 c:/Users/thiag/Documents/New_Ic/software/testeNew_bsp/\libhal_bsp.a(alt_dcache_flush_all.o)
                0x00006740                alt_dcache_flush_all
 .text          0x00006760       0xe4 c:/Users/thiag/Documents/New_Ic/software/testeNew_bsp/\libhal_bsp.a(alt_dev_llist_insert.o)
                0x0000679c                alt_dev_llist_insert
 .text          0x00006844       0x64 c:/Users/thiag/Documents/New_Ic/software/testeNew_bsp/\libhal_bsp.a(alt_do_ctors.o)
                0x00006844                _do_ctors
 .text          0x000068a8       0x64 c:/Users/thiag/Documents/New_Ic/software/testeNew_bsp/\libhal_bsp.a(alt_do_dtors.o)
                0x000068a8                _do_dtors
 .text          0x0000690c        0x0 c:/Users/thiag/Documents/New_Ic/software/testeNew_bsp/\libhal_bsp.a(alt_exception_entry.o)
 .text          0x0000690c       0x20 c:/Users/thiag/Documents/New_Ic/software/testeNew_bsp/\libhal_bsp.a(alt_icache_flush_all.o)
                0x0000690c                alt_icache_flush_all
 .text          0x0000692c       0x74 c:/Users/thiag/Documents/New_Ic/software/testeNew_bsp/\libhal_bsp.a(alt_instruction_exception_entry.o)
                0x0000692c                alt_exception_cause_generated_bad_addr
 .text          0x000069a0      0x150 c:/Users/thiag/Documents/New_Ic/software/testeNew_bsp/\libhal_bsp.a(alt_io_redirect.o)
                0x00006a74                alt_io_redirect
 .text          0x00006af0      0x278 c:/Users/thiag/Documents/New_Ic/software/testeNew_bsp/\libhal_bsp.a(alt_open.o)
                0x00006c08                open
 .text          0x00006d68      0x1d0 c:/Users/thiag/Documents/New_Ic/software/testeNew_bsp/\libhal_bsp.a(alt_tick.o)
                0x00006d68                alt_alarm_stop
                0x00006e0c                alt_tick
 .text          0x00006f38       0x24 c:/Users/thiag/Documents/New_Ic/software/testeNew_bsp/\libhal_bsp.a(altera_nios2_gen2_irq.o)
                0x00006f38                altera_nios2_gen2_irq_init
 .text          0x00006f5c       0x90 c:/Users/thiag/Documents/New_Ic/software/testeNew_bsp/\libhal_bsp.a(alt_find_dev.o)
                0x00006f5c                alt_find_dev
 .text          0x00006fec      0x108 c:/Users/thiag/Documents/New_Ic/software/testeNew_bsp/\libhal_bsp.a(alt_find_file.o)
                0x00006fec                alt_find_file
 .text          0x000070f4       0xb8 c:/Users/thiag/Documents/New_Ic/software/testeNew_bsp/\libhal_bsp.a(alt_get_fd.o)
                0x000070f4                alt_get_fd
 .text          0x000071ac        0x0 c:/intelfpga_lite/23.1std/nios2eds/bin/gnu/h-x86_64-mingw32/bin/../lib/gcc/nios2-elf/12.3.1/../../../../../H-x86_64-mingw32/nios2-elf/lib/mno-hw-mul\libc.a(libc_a-atexit.o)
 .text.atexit   0x000071ac       0x14 c:/intelfpga_lite/23.1std/nios2eds/bin/gnu/h-x86_64-mingw32/bin/../lib/gcc/nios2-elf/12.3.1/../../../../../H-x86_64-mingw32/nios2-elf/lib/mno-hw-mul\libc.a(libc_a-atexit.o)
                0x000071ac                atexit
 .text          0x000071c0        0x0 c:/intelfpga_lite/23.1std/nios2eds/bin/gnu/h-x86_64-mingw32/bin/../lib/gcc/nios2-elf/12.3.1/../../../../../H-x86_64-mingw32/nios2-elf/lib/mno-hw-mul\libc.a(libc_a-memcmp.o)
 .text.memcmp   0x000071c0       0x78 c:/intelfpga_lite/23.1std/nios2eds/bin/gnu/h-x86_64-mingw32/bin/../lib/gcc/nios2-elf/12.3.1/../../../../../H-x86_64-mingw32/nios2-elf/lib/mno-hw-mul\libc.a(libc_a-memcmp.o)
                0x000071c0                memcmp
 .text          0x00007238        0x0 c:/intelfpga_lite/23.1std/nios2eds/bin/gnu/h-x86_64-mingw32/bin/../lib/gcc/nios2-elf/12.3.1/../../../../../H-x86_64-mingw32/nios2-elf/lib/mno-hw-mul\libc.a(libc_a-__atexit.o)
 .text.__register_exitproc
                0x00007238       0x94 c:/intelfpga_lite/23.1std/nios2eds/bin/gnu/h-x86_64-mingw32/bin/../lib/gcc/nios2-elf/12.3.1/../../../../../H-x86_64-mingw32/nios2-elf/lib/mno-hw-mul\libc.a(libc_a-__atexit.o)
                0x00007238                __register_exitproc
 *(.gnu.warning.*)
 *(.fini)
                [!provide]                        PROVIDE (__etext = ABSOLUTE (.))
                [!provide]                        PROVIDE (_etext = ABSOLUTE (.))
                [!provide]                        PROVIDE (etext = ABSOLUTE (.))
 *(.eh_frame_hdr)
                0x000072cc                        . = ALIGN (0x4)
                [!provide]                        PROVIDE (__preinit_array_start = ABSOLUTE (.))
 *(.preinit_array)
                [!provide]                        PROVIDE (__preinit_array_end = ABSOLUTE (.))
                [!provide]                        PROVIDE (__init_array_start = ABSOLUTE (.))
 *(SORT_BY_INIT_PRIORITY(.init_array.*))
 *(.init_array)
                [!provide]                        PROVIDE (__init_array_end = ABSOLUTE (.))
                [!provide]                        PROVIDE (__fini_array_start = ABSOLUTE (.))
 *(.fini_array)
                [!provide]                        PROVIDE (__fini_array_end = ABSOLUTE (.))
 *(.eh_frame)
 *(.gcc_except_table .gcc_except_table.*)
 *(.dynamic)
                0x000072cc                        PROVIDE (__CTOR_LIST__ = ABSOLUTE (.))
 *(.ctors)
 *(SORT_BY_NAME(.ctors.*))
                0x000072cc                        PROVIDE (__CTOR_END__ = ABSOLUTE (.))
                0x000072cc                        PROVIDE (__DTOR_LIST__ = ABSOLUTE (.))
 *(.dtors)
 *(SORT_BY_NAME(.dtors.*))
                0x000072cc                        PROVIDE (__DTOR_END__ = ABSOLUTE (.))
 *(.jcr)
                0x000072cc                        . = ALIGN (0x4)

.rodata         0x000072cc       0x74
                0x000072cc                        PROVIDE (__ram_rodata_start = ABSOLUTE (.))
                0x000072cc                        . = ALIGN (0x4)
 *(.rodata .rodata.* .gnu.linkonce.r.*)
 .rodata        0x000072cc       0x3c obj/default/KEY.o
 .rodata._puts_r.str1.4
                0x00007308        0x2 c:/intelfpga_lite/23.1std/nios2eds/bin/gnu/h-x86_64-mingw32/bin/../lib/gcc/nios2-elf/12.3.1/../../../../../H-x86_64-mingw32/nios2-elf/lib/mno-hw-mul\libc.a(libc_a-puts.o)
 *fill*         0x0000730a        0x2 
 .rodata        0x0000730c        0xa c:/Users/thiag/Documents/New_Ic/software/testeNew_bsp/\libhal_bsp.a(alt_dev.o)
 *fill*         0x00007316        0x2 
 .rodata        0x00007318       0x11 c:/Users/thiag/Documents/New_Ic/software/testeNew_bsp/\libhal_bsp.a(alt_main.o)
 *fill*         0x00007329        0x3 
 .rodata        0x0000732c       0x11 c:/Users/thiag/Documents/New_Ic/software/testeNew_bsp/\libhal_bsp.a(alt_sys_init.o)
 *(.rodata1)
                0x00007340                        . = ALIGN (0x4)
 *fill*         0x0000733d        0x3 
                0x00007340                        PROVIDE (__ram_rodata_end = ABSOLUTE (.))
                0x000072cc                        PROVIDE (__flash_rodata_start = LOADADDR (.rodata))

.rwdata         0x00007340     0x176c load address 0x00008aac
                0x00007340                        PROVIDE (__ram_rwdata_start = ABSOLUTE (.))
                0x00007340                        . = ALIGN (0x4)
 *(.got.plt)
 *(.got)
 *(.data1)
 *(.data .data.* .gnu.linkonce.d.*)
 .data          0x00007340        0x0 c:/Users/thiag/Documents/New_Ic/software/testeNew_bsp//obj/HAL/src/crt0.o
 .data          0x00007340        0x0 obj/default/KEY.o
 .data          0x00007340        0x0 obj/default/hello_world.o
 .data          0x00007340        0x0 c:/intelfpga_lite/23.1std/nios2eds/bin/gnu/h-x86_64-mingw32/bin/../lib/gcc/nios2-elf/12.3.1/../../../../../H-x86_64-mingw32/nios2-elf/lib/mno-hw-mul\libc.a(libc_a-puts.o)
 .data          0x00007340        0x0 c:/intelfpga_lite/23.1std/nios2eds/bin/gnu/h-x86_64-mingw32/bin/../lib/gcc/nios2-elf/12.3.1/../../../../../H-x86_64-mingw32/nios2-elf/lib/mno-hw-mul\libc.a(libc_a-strlen.o)
 .data          0x00007340        0x0 c:/intelfpga_lite/23.1std/nios2eds/bin/gnu/h-x86_64-mingw32/bin/../lib/gcc/nios2-elf/12.3.1/../../../../../H-x86_64-mingw32/nios2-elf/lib/mno-hw-mul\libc.a(libc_a-impure.o)
 .data._impure_data
                0x00007340      0x11c c:/intelfpga_lite/23.1std/nios2eds/bin/gnu/h-x86_64-mingw32/bin/../lib/gcc/nios2-elf/12.3.1/../../../../../H-x86_64-mingw32/nios2-elf/lib/mno-hw-mul\libc.a(libc_a-impure.o)
                0x00007340                _impure_data
 .data          0x0000745c        0x0 c:/intelfpga_lite/23.1std/nios2eds/bin/gnu/h-x86_64-mingw32/bin/../lib/gcc/nios2-elf/12.3.1/../../../../../H-x86_64-mingw32/nios2-elf/lib/mno-hw-mul\libc.a(libc_a-findfp.o)
 .data.__sglue  0x0000745c        0xc c:/intelfpga_lite/23.1std/nios2eds/bin/gnu/h-x86_64-mingw32/bin/../lib/gcc/nios2-elf/12.3.1/../../../../../H-x86_64-mingw32/nios2-elf/lib/mno-hw-mul\libc.a(libc_a-findfp.o)
                0x0000745c                __sglue
 .data          0x00007468        0x0 c:/intelfpga_lite/23.1std/nios2eds/bin/gnu/h-x86_64-mingw32/bin/../lib/gcc/nios2-elf/12.3.1/../../../../../H-x86_64-mingw32/nios2-elf/lib/mno-hw-mul\libc.a(libc_a-fvwrite.o)
 .data          0x00007468        0x0 c:/intelfpga_lite/23.1std/nios2eds/bin/gnu/h-x86_64-mingw32/bin/../lib/gcc/nios2-elf/12.3.1/../../../../../H-x86_64-mingw32/nios2-elf/lib/mno-hw-mul\libc.a(libc_a-fwalk.o)
 .data          0x00007468        0x0 c:/intelfpga_lite/23.1std/nios2eds/bin/gnu/h-x86_64-mingw32/bin/../lib/gcc/nios2-elf/12.3.1/../../../../../H-x86_64-mingw32/nios2-elf/lib/mno-hw-mul\libc.a(libc_a-stdio.o)
 .data          0x00007468        0x0 c:/intelfpga_lite/23.1std/nios2eds/bin/gnu/h-x86_64-mingw32/bin/../lib/gcc/nios2-elf/12.3.1/../../../../../H-x86_64-mingw32/nios2-elf/lib/mno-hw-mul\libc.a(libc_a-wsetup.o)
 .data          0x00007468        0x0 c:/intelfpga_lite/23.1std/nios2eds/bin/gnu/h-x86_64-mingw32/bin/../lib/gcc/nios2-elf/12.3.1/../../../../../H-x86_64-mingw32/nios2-elf/lib/mno-hw-mul\libc.a(libc_a-memchr.o)
 .data          0x00007468        0x0 c:/intelfpga_lite/23.1std/nios2eds/bin/gnu/h-x86_64-mingw32/bin/../lib/gcc/nios2-elf/12.3.1/../../../../../H-x86_64-mingw32/nios2-elf/lib/mno-hw-mul\libc.a(libc_a-memcpy.o)
 .data          0x00007468        0x0 c:/intelfpga_lite/23.1std/nios2eds/bin/gnu/h-x86_64-mingw32/bin/../lib/gcc/nios2-elf/12.3.1/../../../../../H-x86_64-mingw32/nios2-elf/lib/mno-hw-mul\libc.a(libc_a-memmove.o)
 .data          0x00007468        0x0 c:/intelfpga_lite/23.1std/nios2eds/bin/gnu/h-x86_64-mingw32/bin/../lib/gcc/nios2-elf/12.3.1/../../../../../H-x86_64-mingw32/nios2-elf/lib/mno-hw-mul\libc.a(libc_a-memset.o)
 .data          0x00007468        0x0 c:/intelfpga_lite/23.1std/nios2eds/bin/gnu/h-x86_64-mingw32/bin/../lib/gcc/nios2-elf/12.3.1/../../../../../H-x86_64-mingw32/nios2-elf/lib/mno-hw-mul\libc.a(libc_a-closer.o)
 .data          0x00007468        0x0 c:/intelfpga_lite/23.1std/nios2eds/bin/gnu/h-x86_64-mingw32/bin/../lib/gcc/nios2-elf/12.3.1/../../../../../H-x86_64-mingw32/nios2-elf/lib/mno-hw-mul\libc.a(libc_a-reent.o)
 .data          0x00007468        0x0 c:/intelfpga_lite/23.1std/nios2eds/bin/gnu/h-x86_64-mingw32/bin/../lib/gcc/nios2-elf/12.3.1/../../../../../H-x86_64-mingw32/nios2-elf/lib/mno-hw-mul\libc.a(libc_a-lseekr.o)
 .data          0x00007468        0x0 c:/intelfpga_lite/23.1std/nios2eds/bin/gnu/h-x86_64-mingw32/bin/../lib/gcc/nios2-elf/12.3.1/../../../../../H-x86_64-mingw32/nios2-elf/lib/mno-hw-mul\libc.a(libc_a-readr.o)
 .data          0x00007468        0x0 c:/intelfpga_lite/23.1std/nios2eds/bin/gnu/h-x86_64-mingw32/bin/../lib/gcc/nios2-elf/12.3.1/../../../../../H-x86_64-mingw32/nios2-elf/lib/mno-hw-mul\libc.a(libc_a-writer.o)
 .data          0x00007468        0x0 c:/intelfpga_lite/23.1std/nios2eds/bin/gnu/h-x86_64-mingw32/bin/../lib/gcc/nios2-elf/12.3.1/../../../../../H-x86_64-mingw32/nios2-elf/lib/mno-hw-mul\libc.a(libc_a-exit.o)
 .data          0x00007468        0x0 c:/intelfpga_lite/23.1std/nios2eds/bin/gnu/h-x86_64-mingw32/bin/../lib/gcc/nios2-elf/12.3.1/../../../../../H-x86_64-mingw32/nios2-elf/lib/mno-hw-mul\libc.a(libc_a-freer.o)
 .data          0x00007468        0x0 c:/intelfpga_lite/23.1std/nios2eds/bin/gnu/h-x86_64-mingw32/bin/../lib/gcc/nios2-elf/12.3.1/../../../../../H-x86_64-mingw32/nios2-elf/lib/mno-hw-mul\libc.a(libc_a-mallocr.o)
 .data.__malloc_av_
                0x00007468      0x408 c:/intelfpga_lite/23.1std/nios2eds/bin/gnu/h-x86_64-mingw32/bin/../lib/gcc/nios2-elf/12.3.1/../../../../../H-x86_64-mingw32/nios2-elf/lib/mno-hw-mul\libc.a(libc_a-mallocr.o)
                0x00007468                __malloc_av_
 .data          0x00007870        0x0 c:/intelfpga_lite/23.1std/nios2eds/bin/gnu/h-x86_64-mingw32/bin/../lib/gcc/nios2-elf/12.3.1/../../../../../H-x86_64-mingw32/nios2-elf/lib/mno-hw-mul\libc.a(libc_a-reallocr.o)
 .data          0x00007870        0x0 c:/intelfpga_lite/23.1std/nios2eds/bin/gnu/h-x86_64-mingw32/bin/../lib/gcc/nios2-elf/12.3.1/../../../../../H-x86_64-mingw32/nios2-elf/lib/mno-hw-mul\libc.a(libc_a-fclose.o)
 .data          0x00007870        0x0 c:/intelfpga_lite/23.1std/nios2eds/bin/gnu/h-x86_64-mingw32/bin/../lib/gcc/nios2-elf/12.3.1/../../../../../H-x86_64-mingw32/nios2-elf/lib/mno-hw-mul\libc.a(libc_a-fflush.o)
 .data          0x00007870        0x0 c:/intelfpga_lite/23.1std/nios2eds/bin/gnu/h-x86_64-mingw32/bin/../lib/gcc/nios2-elf/12.3.1/../../../../../H-x86_64-mingw32/nios2-elf/lib/mno-hw-mul\libc.a(libc_a-makebuf.o)
 .data          0x00007870        0x0 c:/intelfpga_lite/23.1std/nios2eds/bin/gnu/h-x86_64-mingw32/bin/../lib/gcc/nios2-elf/12.3.1/../../../../../H-x86_64-mingw32/nios2-elf/lib/mno-hw-mul\libc.a(libc_a-fstatr.o)
 .data          0x00007870        0x0 c:/intelfpga_lite/23.1std/nios2eds/bin/gnu/h-x86_64-mingw32/bin/../lib/gcc/nios2-elf/12.3.1/../../../../../H-x86_64-mingw32/nios2-elf/lib/mno-hw-mul\libc.a(libc_a-isattyr.o)
 .data          0x00007870        0x0 c:/intelfpga_lite/23.1std/nios2eds/bin/gnu/h-x86_64-mingw32/bin/../lib/gcc/nios2-elf/12.3.1/../../../../../H-x86_64-mingw32/nios2-elf/lib/mno-hw-mul\libc.a(libc_a-sbrkr.o)
 .data          0x00007870        0x0 c:/intelfpga_lite/23.1std/nios2eds/bin/gnu/h-x86_64-mingw32/bin/../lib/gcc/nios2-elf/12.3.1/../../../../../H-x86_64-mingw32/nios2-elf/lib/mno-hw-mul\libc.a(libc_a-__call_atexit.o)
 .data          0x00007870        0x0 c:/intelfpga_lite/23.1std/nios2eds/bin/gnu/h-x86_64-mingw32/bin/../lib/gcc/nios2-elf/12.3.1/mno-hw-mul\libgcc.a(lib2-divmod.o)
 .data          0x00007870        0x0 c:/intelfpga_lite/23.1std/nios2eds/bin/gnu/h-x86_64-mingw32/bin/../lib/gcc/nios2-elf/12.3.1/mno-hw-mul\libgcc.a(lib2-mul.o)
 .data          0x00007870        0x0 c:/Users/thiag/Documents/New_Ic/software/testeNew_bsp/\libhal_bsp.a(alt_close.o)
 .data          0x00007870      0x1a8 c:/Users/thiag/Documents/New_Ic/software/testeNew_bsp/\libhal_bsp.a(alt_dev.o)
                0x00007870                alt_dev_null
                0x00007898                alt_fd_list
 .data          0x00007a18        0x0 c:/Users/thiag/Documents/New_Ic/software/testeNew_bsp/\libhal_bsp.a(alt_errno.o)
 .data          0x00007a18        0x0 c:/Users/thiag/Documents/New_Ic/software/testeNew_bsp/\libhal_bsp.a(alt_exit.o)
 .data          0x00007a18        0x0 c:/Users/thiag/Documents/New_Ic/software/testeNew_bsp/\libhal_bsp.a(alt_fstat.o)
 .data          0x00007a18        0x0 c:/Users/thiag/Documents/New_Ic/software/testeNew_bsp/\libhal_bsp.a(alt_iic.o)
 .data          0x00007a18        0x0 c:/Users/thiag/Documents/New_Ic/software/testeNew_bsp/\libhal_bsp.a(alt_iic_isr_register.o)
 .data          0x00007a18        0x0 c:/Users/thiag/Documents/New_Ic/software/testeNew_bsp/\libhal_bsp.a(alt_irq_entry.o)
 .data          0x00007a18        0x0 c:/Users/thiag/Documents/New_Ic/software/testeNew_bsp/\libhal_bsp.a(alt_irq_handler.o)
 .data          0x00007a18        0x0 c:/Users/thiag/Documents/New_Ic/software/testeNew_bsp/\libhal_bsp.a(alt_irq_vars.o)
 .data          0x00007a18        0x0 c:/Users/thiag/Documents/New_Ic/software/testeNew_bsp/\libhal_bsp.a(alt_isatty.o)
 .data          0x00007a18        0x0 c:/Users/thiag/Documents/New_Ic/software/testeNew_bsp/\libhal_bsp.a(alt_load.o)
 .data          0x00007a18        0x0 c:/Users/thiag/Documents/New_Ic/software/testeNew_bsp/\libhal_bsp.a(alt_lseek.o)
 .data          0x00007a18        0x0 c:/Users/thiag/Documents/New_Ic/software/testeNew_bsp/\libhal_bsp.a(alt_main.o)
 .data          0x00007a18        0x0 c:/Users/thiag/Documents/New_Ic/software/testeNew_bsp/\libhal_bsp.a(alt_malloc_lock.o)
 .data          0x00007a18        0x0 c:/Users/thiag/Documents/New_Ic/software/testeNew_bsp/\libhal_bsp.a(alt_read.o)
 .data          0x00007a18        0x0 c:/Users/thiag/Documents/New_Ic/software/testeNew_bsp/\libhal_bsp.a(alt_release_fd.o)
 .data          0x00007a18        0x0 c:/Users/thiag/Documents/New_Ic/software/testeNew_bsp/\libhal_bsp.a(alt_sbrk.o)
 .data          0x00007a18        0x0 c:/Users/thiag/Documents/New_Ic/software/testeNew_bsp/\libhal_bsp.a(alt_usleep.o)
 .data          0x00007a18        0x0 c:/Users/thiag/Documents/New_Ic/software/testeNew_bsp/\libhal_bsp.a(alt_write.o)
 .data          0x00007a18     0x1060 c:/Users/thiag/Documents/New_Ic/software/testeNew_bsp/\libhal_bsp.a(alt_sys_init.o)
 .data          0x00008a78        0x0 c:/Users/thiag/Documents/New_Ic/software/testeNew_bsp/\libhal_bsp.a(altera_avalon_jtag_uart_fd.o)
 .data          0x00008a78        0x0 c:/Users/thiag/Documents/New_Ic/software/testeNew_bsp/\libhal_bsp.a(altera_avalon_jtag_uart_init.o)
 .data          0x00008a78        0x0 c:/Users/thiag/Documents/New_Ic/software/testeNew_bsp/\libhal_bsp.a(altera_avalon_jtag_uart_ioctl.o)
 .data          0x00008a78        0x0 c:/Users/thiag/Documents/New_Ic/software/testeNew_bsp/\libhal_bsp.a(altera_avalon_jtag_uart_read.o)
 .data          0x00008a78        0x0 c:/Users/thiag/Documents/New_Ic/software/testeNew_bsp/\libhal_bsp.a(altera_avalon_jtag_uart_write.o)
 .data          0x00008a78        0x0 c:/Users/thiag/Documents/New_Ic/software/testeNew_bsp/\libhal_bsp.a(alt_alarm_start.o)
 .data          0x00008a78        0x0 c:/Users/thiag/Documents/New_Ic/software/testeNew_bsp/\libhal_bsp.a(alt_busy_sleep.o)
 .data          0x00008a78        0x0 c:/Users/thiag/Documents/New_Ic/software/testeNew_bsp/\libhal_bsp.a(alt_dcache_flush_all.o)
 .data          0x00008a78        0x0 c:/Users/thiag/Documents/New_Ic/software/testeNew_bsp/\libhal_bsp.a(alt_dev_llist_insert.o)
 .data          0x00008a78        0x0 c:/Users/thiag/Documents/New_Ic/software/testeNew_bsp/\libhal_bsp.a(alt_do_ctors.o)
 .data          0x00008a78        0x0 c:/Users/thiag/Documents/New_Ic/software/testeNew_bsp/\libhal_bsp.a(alt_do_dtors.o)
 .data          0x00008a78        0x0 c:/Users/thiag/Documents/New_Ic/software/testeNew_bsp/\libhal_bsp.a(alt_exception_entry.o)
 .data          0x00008a78        0x0 c:/Users/thiag/Documents/New_Ic/software/testeNew_bsp/\libhal_bsp.a(alt_icache_flush_all.o)
 .data          0x00008a78        0x0 c:/Users/thiag/Documents/New_Ic/software/testeNew_bsp/\libhal_bsp.a(alt_instruction_exception_entry.o)
 .data          0x00008a78        0x0 c:/Users/thiag/Documents/New_Ic/software/testeNew_bsp/\libhal_bsp.a(alt_io_redirect.o)
 .data          0x00008a78        0x0 c:/Users/thiag/Documents/New_Ic/software/testeNew_bsp/\libhal_bsp.a(alt_open.o)
 .data          0x00008a78        0x0 c:/Users/thiag/Documents/New_Ic/software/testeNew_bsp/\libhal_bsp.a(alt_tick.o)
 .data          0x00008a78        0x0 c:/Users/thiag/Documents/New_Ic/software/testeNew_bsp/\libhal_bsp.a(altera_nios2_gen2_irq.o)
 .data          0x00008a78        0x0 c:/Users/thiag/Documents/New_Ic/software/testeNew_bsp/\libhal_bsp.a(alt_find_dev.o)
 .data          0x00008a78        0x0 c:/Users/thiag/Documents/New_Ic/software/testeNew_bsp/\libhal_bsp.a(alt_find_file.o)
 .data          0x00008a78        0x0 c:/Users/thiag/Documents/New_Ic/software/testeNew_bsp/\libhal_bsp.a(alt_get_fd.o)
 .data          0x00008a78        0x0 c:/intelfpga_lite/23.1std/nios2eds/bin/gnu/h-x86_64-mingw32/bin/../lib/gcc/nios2-elf/12.3.1/../../../../../H-x86_64-mingw32/nios2-elf/lib/mno-hw-mul\libc.a(libc_a-atexit.o)
 .data          0x00008a78        0x0 c:/intelfpga_lite/23.1std/nios2eds/bin/gnu/h-x86_64-mingw32/bin/../lib/gcc/nios2-elf/12.3.1/../../../../../H-x86_64-mingw32/nios2-elf/lib/mno-hw-mul\libc.a(libc_a-memcmp.o)
 .data          0x00008a78        0x0 c:/intelfpga_lite/23.1std/nios2eds/bin/gnu/h-x86_64-mingw32/bin/../lib/gcc/nios2-elf/12.3.1/../../../../../H-x86_64-mingw32/nios2-elf/lib/mno-hw-mul\libc.a(libc_a-__atexit.o)
                0x00010a78                        _gp = ABSOLUTE ((. + 0x8000))
                [!provide]                        PROVIDE (gp = _gp)
 *(.rwdata .rwdata.*)
 *(.sdata .sdata.* .gnu.linkonce.s.*)
 .sdata._impure_ptr
                0x00008a78        0x4 c:/intelfpga_lite/23.1std/nios2eds/bin/gnu/h-x86_64-mingw32/bin/../lib/gcc/nios2-elf/12.3.1/../../../../../H-x86_64-mingw32/nios2-elf/lib/mno-hw-mul\libc.a(libc_a-impure.o)
                0x00008a78                _impure_ptr
 .sdata.__malloc_sbrk_base
                0x00008a7c        0x4 c:/intelfpga_lite/23.1std/nios2eds/bin/gnu/h-x86_64-mingw32/bin/../lib/gcc/nios2-elf/12.3.1/../../../../../H-x86_64-mingw32/nios2-elf/lib/mno-hw-mul\libc.a(libc_a-mallocr.o)
                0x00008a7c                __malloc_sbrk_base
 .sdata.__malloc_trim_threshold
                0x00008a80        0x4 c:/intelfpga_lite/23.1std/nios2eds/bin/gnu/h-x86_64-mingw32/bin/../lib/gcc/nios2-elf/12.3.1/../../../../../H-x86_64-mingw32/nios2-elf/lib/mno-hw-mul\libc.a(libc_a-mallocr.o)
                0x00008a80                __malloc_trim_threshold
 .sdata         0x00008a84       0x14 c:/Users/thiag/Documents/New_Ic/software/testeNew_bsp/\libhal_bsp.a(alt_dev.o)
                0x00008a84                alt_fs_list
                0x00008a8c                alt_dev_list
                0x00008a94                alt_max_fd
 .sdata         0x00008a98        0x4 c:/Users/thiag/Documents/New_Ic/software/testeNew_bsp/\libhal_bsp.a(alt_errno.o)
                0x00008a98                alt_errno
 .sdata         0x00008a9c        0x4 c:/Users/thiag/Documents/New_Ic/software/testeNew_bsp/\libhal_bsp.a(alt_irq_vars.o)
                0x00008a9c                alt_priority_mask
 .sdata         0x00008aa0        0x4 c:/Users/thiag/Documents/New_Ic/software/testeNew_bsp/\libhal_bsp.a(alt_sbrk.o)
 .sdata         0x00008aa4        0x8 c:/Users/thiag/Documents/New_Ic/software/testeNew_bsp/\libhal_bsp.a(alt_tick.o)
                0x00008aa4                alt_alarm_list
 *(.sdata2 .sdata2.* .gnu.linkonce.s2.*)
                0x00008aac                        . = ALIGN (0x4)
                0x00008aac                        _edata = ABSOLUTE (.)
                [!provide]                        PROVIDE (edata = ABSOLUTE (.))
                0x00008aac                        PROVIDE (__ram_rwdata_end = ABSOLUTE (.))
                0x00008aac                        PROVIDE (__flash_rwdata_start = LOADADDR (.rwdata))

.bss            0x0000a218      0x468
                0x0000a218                        __bss_start = ABSOLUTE (.)
                [!provide]                        PROVIDE (__sbss_start = ABSOLUTE (.))
                [!provide]                        PROVIDE (___sbss_start = ABSOLUTE (.))
 *(.dynsbss)
 *(.sbss .sbss.* .gnu.linkonce.sb.*)
 .sbss          0x0000a218       0x40 obj/default/KEY.o
                0x0000a218                callback_button0
                0x0000a21c                edge0
                0x0000a220                callback_button1
                0x0000a224                edge1
                0x0000a228                callback_button2
                0x0000a22c                edge2
                0x0000a230                callback_button3
                0x0000a234                edge3
                0x0000a238                callback_button4
                0x0000a23c                edge4
                0x0000a240                callback_button5
                0x0000a244                edge5
                0x0000a248                callback_button6
                0x0000a24c                edge6
                0x0000a250                callback_button7
                0x0000a254                edge7
 .sbss.errno    0x0000a258        0x4 c:/intelfpga_lite/23.1std/nios2eds/bin/gnu/h-x86_64-mingw32/bin/../lib/gcc/nios2-elf/12.3.1/../../../../../H-x86_64-mingw32/nios2-elf/lib/mno-hw-mul\libc.a(libc_a-reent.o)
                0x0000a258                errno
 .sbss.__stdio_exit_handler
                0x0000a25c        0x4 c:/intelfpga_lite/23.1std/nios2eds/bin/gnu/h-x86_64-mingw32/bin/../lib/gcc/nios2-elf/12.3.1/../../../../../H-x86_64-mingw32/nios2-elf/lib/mno-hw-mul\libc.a(libc_a-exit.o)
                0x0000a25c                __stdio_exit_handler
 .sbss.__malloc_max_total_mem
                0x0000a260        0x4 c:/intelfpga_lite/23.1std/nios2eds/bin/gnu/h-x86_64-mingw32/bin/../lib/gcc/nios2-elf/12.3.1/../../../../../H-x86_64-mingw32/nios2-elf/lib/mno-hw-mul\libc.a(libc_a-mallocr.o)
                0x0000a260                __malloc_max_total_mem
 .sbss.__malloc_max_sbrked_mem
                0x0000a264        0x4 c:/intelfpga_lite/23.1std/nios2eds/bin/gnu/h-x86_64-mingw32/bin/../lib/gcc/nios2-elf/12.3.1/../../../../../H-x86_64-mingw32/nios2-elf/lib/mno-hw-mul\libc.a(libc_a-mallocr.o)
                0x0000a264                __malloc_max_sbrked_mem
 .sbss.__malloc_top_pad
                0x0000a268        0x4 c:/intelfpga_lite/23.1std/nios2eds/bin/gnu/h-x86_64-mingw32/bin/../lib/gcc/nios2-elf/12.3.1/../../../../../H-x86_64-mingw32/nios2-elf/lib/mno-hw-mul\libc.a(libc_a-mallocr.o)
                0x0000a268                __malloc_top_pad
 .sbss.__atexit
                0x0000a26c        0x4 c:/intelfpga_lite/23.1std/nios2eds/bin/gnu/h-x86_64-mingw32/bin/../lib/gcc/nios2-elf/12.3.1/../../../../../H-x86_64-mingw32/nios2-elf/lib/mno-hw-mul\libc.a(libc_a-__call_atexit.o)
                0x0000a26c                __atexit
 .sbss          0x0000a270        0x4 c:/Users/thiag/Documents/New_Ic/software/testeNew_bsp/\libhal_bsp.a(alt_irq_vars.o)
                0x0000a270                alt_irq_active
 .sbss          0x0000a274        0xc c:/Users/thiag/Documents/New_Ic/software/testeNew_bsp/\libhal_bsp.a(alt_main.o)
                0x0000a274                alt_argc
                0x0000a278                alt_argv
                0x0000a27c                alt_envp
 .sbss          0x0000a280        0x4 c:/Users/thiag/Documents/New_Ic/software/testeNew_bsp/\libhal_bsp.a(alt_instruction_exception_entry.o)
                0x0000a280                alt_instruction_exception_handler
 .sbss          0x0000a284        0xc c:/Users/thiag/Documents/New_Ic/software/testeNew_bsp/\libhal_bsp.a(alt_tick.o)
                0x0000a284                _alt_tick_rate
                0x0000a288                _alt_nticks
 *(.sbss2 .sbss2.* .gnu.linkonce.sb2.*)
 *(.scommon)
                [!provide]                        PROVIDE (__sbss_end = ABSOLUTE (.))
                [!provide]                        PROVIDE (___sbss_end = ABSOLUTE (.))
 *(.dynbss)
 *(.bss .bss.* .gnu.linkonce.b.*)
 .bss           0x0000a290        0x0 c:/Users/thiag/Documents/New_Ic/software/testeNew_bsp//obj/HAL/src/crt0.o
 .bss           0x0000a290        0x0 obj/default/KEY.o
 .bss           0x0000a290        0x0 obj/default/hello_world.o
 .bss           0x0000a290        0x0 c:/intelfpga_lite/23.1std/nios2eds/bin/gnu/h-x86_64-mingw32/bin/../lib/gcc/nios2-elf/12.3.1/../../../../../H-x86_64-mingw32/nios2-elf/lib/mno-hw-mul\libc.a(libc_a-puts.o)
 .bss           0x0000a290        0x0 c:/intelfpga_lite/23.1std/nios2eds/bin/gnu/h-x86_64-mingw32/bin/../lib/gcc/nios2-elf/12.3.1/../../../../../H-x86_64-mingw32/nios2-elf/lib/mno-hw-mul\libc.a(libc_a-strlen.o)
 .bss           0x0000a290        0x0 c:/intelfpga_lite/23.1std/nios2eds/bin/gnu/h-x86_64-mingw32/bin/../lib/gcc/nios2-elf/12.3.1/../../../../../H-x86_64-mingw32/nios2-elf/lib/mno-hw-mul\libc.a(libc_a-impure.o)
 .bss           0x0000a290        0x0 c:/intelfpga_lite/23.1std/nios2eds/bin/gnu/h-x86_64-mingw32/bin/../lib/gcc/nios2-elf/12.3.1/../../../../../H-x86_64-mingw32/nios2-elf/lib/mno-hw-mul\libc.a(libc_a-findfp.o)
 .bss.__sf      0x0000a290      0x138 c:/intelfpga_lite/23.1std/nios2eds/bin/gnu/h-x86_64-mingw32/bin/../lib/gcc/nios2-elf/12.3.1/../../../../../H-x86_64-mingw32/nios2-elf/lib/mno-hw-mul\libc.a(libc_a-findfp.o)
                0x0000a290                __sf
 .bss           0x0000a3c8        0x0 c:/intelfpga_lite/23.1std/nios2eds/bin/gnu/h-x86_64-mingw32/bin/../lib/gcc/nios2-elf/12.3.1/../../../../../H-x86_64-mingw32/nios2-elf/lib/mno-hw-mul\libc.a(libc_a-fvwrite.o)
 .bss           0x0000a3c8        0x0 c:/intelfpga_lite/23.1std/nios2eds/bin/gnu/h-x86_64-mingw32/bin/../lib/gcc/nios2-elf/12.3.1/../../../../../H-x86_64-mingw32/nios2-elf/lib/mno-hw-mul\libc.a(libc_a-fwalk.o)
 .bss           0x0000a3c8        0x0 c:/intelfpga_lite/23.1std/nios2eds/bin/gnu/h-x86_64-mingw32/bin/../lib/gcc/nios2-elf/12.3.1/../../../../../H-x86_64-mingw32/nios2-elf/lib/mno-hw-mul\libc.a(libc_a-stdio.o)
 .bss           0x0000a3c8        0x0 c:/intelfpga_lite/23.1std/nios2eds/bin/gnu/h-x86_64-mingw32/bin/../lib/gcc/nios2-elf/12.3.1/../../../../../H-x86_64-mingw32/nios2-elf/lib/mno-hw-mul\libc.a(libc_a-wsetup.o)
 .bss           0x0000a3c8        0x0 c:/intelfpga_lite/23.1std/nios2eds/bin/gnu/h-x86_64-mingw32/bin/../lib/gcc/nios2-elf/12.3.1/../../../../../H-x86_64-mingw32/nios2-elf/lib/mno-hw-mul\libc.a(libc_a-memchr.o)
 .bss           0x0000a3c8        0x0 c:/intelfpga_lite/23.1std/nios2eds/bin/gnu/h-x86_64-mingw32/bin/../lib/gcc/nios2-elf/12.3.1/../../../../../H-x86_64-mingw32/nios2-elf/lib/mno-hw-mul\libc.a(libc_a-memcpy.o)
 .bss           0x0000a3c8        0x0 c:/intelfpga_lite/23.1std/nios2eds/bin/gnu/h-x86_64-mingw32/bin/../lib/gcc/nios2-elf/12.3.1/../../../../../H-x86_64-mingw32/nios2-elf/lib/mno-hw-mul\libc.a(libc_a-memmove.o)
 .bss           0x0000a3c8        0x0 c:/intelfpga_lite/23.1std/nios2eds/bin/gnu/h-x86_64-mingw32/bin/../lib/gcc/nios2-elf/12.3.1/../../../../../H-x86_64-mingw32/nios2-elf/lib/mno-hw-mul\libc.a(libc_a-memset.o)
 .bss           0x0000a3c8        0x0 c:/intelfpga_lite/23.1std/nios2eds/bin/gnu/h-x86_64-mingw32/bin/../lib/gcc/nios2-elf/12.3.1/../../../../../H-x86_64-mingw32/nios2-elf/lib/mno-hw-mul\libc.a(libc_a-closer.o)
 .bss           0x0000a3c8        0x0 c:/intelfpga_lite/23.1std/nios2eds/bin/gnu/h-x86_64-mingw32/bin/../lib/gcc/nios2-elf/12.3.1/../../../../../H-x86_64-mingw32/nios2-elf/lib/mno-hw-mul\libc.a(libc_a-reent.o)
 .bss           0x0000a3c8        0x0 c:/intelfpga_lite/23.1std/nios2eds/bin/gnu/h-x86_64-mingw32/bin/../lib/gcc/nios2-elf/12.3.1/../../../../../H-x86_64-mingw32/nios2-elf/lib/mno-hw-mul\libc.a(libc_a-lseekr.o)
 .bss           0x0000a3c8        0x0 c:/intelfpga_lite/23.1std/nios2eds/bin/gnu/h-x86_64-mingw32/bin/../lib/gcc/nios2-elf/12.3.1/../../../../../H-x86_64-mingw32/nios2-elf/lib/mno-hw-mul\libc.a(libc_a-readr.o)
 .bss           0x0000a3c8        0x0 c:/intelfpga_lite/23.1std/nios2eds/bin/gnu/h-x86_64-mingw32/bin/../lib/gcc/nios2-elf/12.3.1/../../../../../H-x86_64-mingw32/nios2-elf/lib/mno-hw-mul\libc.a(libc_a-writer.o)
 .bss           0x0000a3c8        0x0 c:/intelfpga_lite/23.1std/nios2eds/bin/gnu/h-x86_64-mingw32/bin/../lib/gcc/nios2-elf/12.3.1/../../../../../H-x86_64-mingw32/nios2-elf/lib/mno-hw-mul\libc.a(libc_a-exit.o)
 .bss           0x0000a3c8        0x0 c:/intelfpga_lite/23.1std/nios2eds/bin/gnu/h-x86_64-mingw32/bin/../lib/gcc/nios2-elf/12.3.1/../../../../../H-x86_64-mingw32/nios2-elf/lib/mno-hw-mul\libc.a(libc_a-freer.o)
 .bss           0x0000a3c8        0x0 c:/intelfpga_lite/23.1std/nios2eds/bin/gnu/h-x86_64-mingw32/bin/../lib/gcc/nios2-elf/12.3.1/../../../../../H-x86_64-mingw32/nios2-elf/lib/mno-hw-mul\libc.a(libc_a-mallocr.o)
 .bss.__malloc_current_mallinfo
                0x0000a3c8       0x28 c:/intelfpga_lite/23.1std/nios2eds/bin/gnu/h-x86_64-mingw32/bin/../lib/gcc/nios2-elf/12.3.1/../../../../../H-x86_64-mingw32/nios2-elf/lib/mno-hw-mul\libc.a(libc_a-mallocr.o)
                0x0000a3c8                __malloc_current_mallinfo
 .bss           0x0000a3f0        0x0 c:/intelfpga_lite/23.1std/nios2eds/bin/gnu/h-x86_64-mingw32/bin/../lib/gcc/nios2-elf/12.3.1/../../../../../H-x86_64-mingw32/nios2-elf/lib/mno-hw-mul\libc.a(libc_a-reallocr.o)
 .bss           0x0000a3f0        0x0 c:/intelfpga_lite/23.1std/nios2eds/bin/gnu/h-x86_64-mingw32/bin/../lib/gcc/nios2-elf/12.3.1/../../../../../H-x86_64-mingw32/nios2-elf/lib/mno-hw-mul\libc.a(libc_a-fclose.o)
 .bss           0x0000a3f0        0x0 c:/intelfpga_lite/23.1std/nios2eds/bin/gnu/h-x86_64-mingw32/bin/../lib/gcc/nios2-elf/12.3.1/../../../../../H-x86_64-mingw32/nios2-elf/lib/mno-hw-mul\libc.a(libc_a-fflush.o)
 .bss           0x0000a3f0        0x0 c:/intelfpga_lite/23.1std/nios2eds/bin/gnu/h-x86_64-mingw32/bin/../lib/gcc/nios2-elf/12.3.1/../../../../../H-x86_64-mingw32/nios2-elf/lib/mno-hw-mul\libc.a(libc_a-makebuf.o)
 .bss           0x0000a3f0        0x0 c:/intelfpga_lite/23.1std/nios2eds/bin/gnu/h-x86_64-mingw32/bin/../lib/gcc/nios2-elf/12.3.1/../../../../../H-x86_64-mingw32/nios2-elf/lib/mno-hw-mul\libc.a(libc_a-fstatr.o)
 .bss           0x0000a3f0        0x0 c:/intelfpga_lite/23.1std/nios2eds/bin/gnu/h-x86_64-mingw32/bin/../lib/gcc/nios2-elf/12.3.1/../../../../../H-x86_64-mingw32/nios2-elf/lib/mno-hw-mul\libc.a(libc_a-isattyr.o)
 .bss           0x0000a3f0        0x0 c:/intelfpga_lite/23.1std/nios2eds/bin/gnu/h-x86_64-mingw32/bin/../lib/gcc/nios2-elf/12.3.1/../../../../../H-x86_64-mingw32/nios2-elf/lib/mno-hw-mul\libc.a(libc_a-sbrkr.o)
 .bss           0x0000a3f0        0x0 c:/intelfpga_lite/23.1std/nios2eds/bin/gnu/h-x86_64-mingw32/bin/../lib/gcc/nios2-elf/12.3.1/../../../../../H-x86_64-mingw32/nios2-elf/lib/mno-hw-mul\libc.a(libc_a-__call_atexit.o)
 .bss           0x0000a3f0        0x0 c:/intelfpga_lite/23.1std/nios2eds/bin/gnu/h-x86_64-mingw32/bin/../lib/gcc/nios2-elf/12.3.1/mno-hw-mul\libgcc.a(lib2-divmod.o)
 .bss           0x0000a3f0        0x0 c:/intelfpga_lite/23.1std/nios2eds/bin/gnu/h-x86_64-mingw32/bin/../lib/gcc/nios2-elf/12.3.1/mno-hw-mul\libgcc.a(lib2-mul.o)
 .bss           0x0000a3f0        0x0 c:/Users/thiag/Documents/New_Ic/software/testeNew_bsp/\libhal_bsp.a(alt_close.o)
 .bss           0x0000a3f0        0x0 c:/Users/thiag/Documents/New_Ic/software/testeNew_bsp/\libhal_bsp.a(alt_dev.o)
 .bss           0x0000a3f0        0x0 c:/Users/thiag/Documents/New_Ic/software/testeNew_bsp/\libhal_bsp.a(alt_errno.o)
 .bss           0x0000a3f0        0x0 c:/Users/thiag/Documents/New_Ic/software/testeNew_bsp/\libhal_bsp.a(alt_exit.o)
 .bss           0x0000a3f0        0x0 c:/Users/thiag/Documents/New_Ic/software/testeNew_bsp/\libhal_bsp.a(alt_fstat.o)
 .bss           0x0000a3f0        0x0 c:/Users/thiag/Documents/New_Ic/software/testeNew_bsp/\libhal_bsp.a(alt_iic.o)
 .bss           0x0000a3f0        0x0 c:/Users/thiag/Documents/New_Ic/software/testeNew_bsp/\libhal_bsp.a(alt_iic_isr_register.o)
 .bss           0x0000a3f0        0x0 c:/Users/thiag/Documents/New_Ic/software/testeNew_bsp/\libhal_bsp.a(alt_irq_entry.o)
 .bss           0x0000a3f0      0x100 c:/Users/thiag/Documents/New_Ic/software/testeNew_bsp/\libhal_bsp.a(alt_irq_handler.o)
                0x0000a3f0                alt_irq
 .bss           0x0000a4f0        0x0 c:/Users/thiag/Documents/New_Ic/software/testeNew_bsp/\libhal_bsp.a(alt_irq_vars.o)
 .bss           0x0000a4f0        0x0 c:/Users/thiag/Documents/New_Ic/software/testeNew_bsp/\libhal_bsp.a(alt_isatty.o)
 .bss           0x0000a4f0        0x0 c:/Users/thiag/Documents/New_Ic/software/testeNew_bsp/\libhal_bsp.a(alt_load.o)
 .bss           0x0000a4f0        0x0 c:/Users/thiag/Documents/New_Ic/software/testeNew_bsp/\libhal_bsp.a(alt_lseek.o)
 .bss           0x0000a4f0        0x0 c:/Users/thiag/Documents/New_Ic/software/testeNew_bsp/\libhal_bsp.a(alt_main.o)
 .bss           0x0000a4f0        0x0 c:/Users/thiag/Documents/New_Ic/software/testeNew_bsp/\libhal_bsp.a(alt_malloc_lock.o)
 .bss           0x0000a4f0        0x0 c:/Users/thiag/Documents/New_Ic/software/testeNew_bsp/\libhal_bsp.a(alt_read.o)
 .bss           0x0000a4f0        0x0 c:/Users/thiag/Documents/New_Ic/software/testeNew_bsp/\libhal_bsp.a(alt_release_fd.o)
 .bss           0x0000a4f0        0x0 c:/Users/thiag/Documents/New_Ic/software/testeNew_bsp/\libhal_bsp.a(alt_sbrk.o)
 .bss           0x0000a4f0        0x0 c:/Users/thiag/Documents/New_Ic/software/testeNew_bsp/\libhal_bsp.a(alt_usleep.o)
 .bss           0x0000a4f0        0x0 c:/Users/thiag/Documents/New_Ic/software/testeNew_bsp/\libhal_bsp.a(alt_write.o)
 .bss           0x0000a4f0        0x0 c:/Users/thiag/Documents/New_Ic/software/testeNew_bsp/\libhal_bsp.a(alt_sys_init.o)
 .bss           0x0000a4f0        0x0 c:/Users/thiag/Documents/New_Ic/software/testeNew_bsp/\libhal_bsp.a(altera_avalon_jtag_uart_fd.o)
 .bss           0x0000a4f0        0x0 c:/Users/thiag/Documents/New_Ic/software/testeNew_bsp/\libhal_bsp.a(altera_avalon_jtag_uart_init.o)
 .bss           0x0000a4f0        0x0 c:/Users/thiag/Documents/New_Ic/software/testeNew_bsp/\libhal_bsp.a(altera_avalon_jtag_uart_ioctl.o)
 .bss           0x0000a4f0        0x0 c:/Users/thiag/Documents/New_Ic/software/testeNew_bsp/\libhal_bsp.a(altera_avalon_jtag_uart_read.o)
 .bss           0x0000a4f0        0x0 c:/Users/thiag/Documents/New_Ic/software/testeNew_bsp/\libhal_bsp.a(altera_avalon_jtag_uart_write.o)
 .bss           0x0000a4f0        0x0 c:/Users/thiag/Documents/New_Ic/software/testeNew_bsp/\libhal_bsp.a(alt_alarm_start.o)
 .bss           0x0000a4f0        0x0 c:/Users/thiag/Documents/New_Ic/software/testeNew_bsp/\libhal_bsp.a(alt_busy_sleep.o)
 .bss           0x0000a4f0        0x0 c:/Users/thiag/Documents/New_Ic/software/testeNew_bsp/\libhal_bsp.a(alt_dcache_flush_all.o)
 .bss           0x0000a4f0        0x0 c:/Users/thiag/Documents/New_Ic/software/testeNew_bsp/\libhal_bsp.a(alt_dev_llist_insert.o)
 .bss           0x0000a4f0        0x0 c:/Users/thiag/Documents/New_Ic/software/testeNew_bsp/\libhal_bsp.a(alt_do_ctors.o)
 .bss           0x0000a4f0        0x0 c:/Users/thiag/Documents/New_Ic/software/testeNew_bsp/\libhal_bsp.a(alt_do_dtors.o)
 .bss           0x0000a4f0        0x0 c:/Users/thiag/Documents/New_Ic/software/testeNew_bsp/\libhal_bsp.a(alt_exception_entry.o)
 .bss           0x0000a4f0        0x0 c:/Users/thiag/Documents/New_Ic/software/testeNew_bsp/\libhal_bsp.a(alt_icache_flush_all.o)
 .bss           0x0000a4f0        0x0 c:/Users/thiag/Documents/New_Ic/software/testeNew_bsp/\libhal_bsp.a(alt_instruction_exception_entry.o)
 .bss           0x0000a4f0        0x0 c:/Users/thiag/Documents/New_Ic/software/testeNew_bsp/\libhal_bsp.a(alt_io_redirect.o)
 .bss           0x0000a4f0        0x0 c:/Users/thiag/Documents/New_Ic/software/testeNew_bsp/\libhal_bsp.a(alt_open.o)
 .bss           0x0000a4f0        0x0 c:/Users/thiag/Documents/New_Ic/software/testeNew_bsp/\libhal_bsp.a(alt_tick.o)
 .bss           0x0000a4f0        0x0 c:/Users/thiag/Documents/New_Ic/software/testeNew_bsp/\libhal_bsp.a(altera_nios2_gen2_irq.o)
 .bss           0x0000a4f0        0x0 c:/Users/thiag/Documents/New_Ic/software/testeNew_bsp/\libhal_bsp.a(alt_find_dev.o)
 .bss           0x0000a4f0        0x0 c:/Users/thiag/Documents/New_Ic/software/testeNew_bsp/\libhal_bsp.a(alt_find_file.o)
 .bss           0x0000a4f0        0x0 c:/Users/thiag/Documents/New_Ic/software/testeNew_bsp/\libhal_bsp.a(alt_get_fd.o)
 .bss           0x0000a4f0        0x0 c:/intelfpga_lite/23.1std/nios2eds/bin/gnu/h-x86_64-mingw32/bin/../lib/gcc/nios2-elf/12.3.1/../../../../../H-x86_64-mingw32/nios2-elf/lib/mno-hw-mul\libc.a(libc_a-atexit.o)
 .bss           0x0000a4f0        0x0 c:/intelfpga_lite/23.1std/nios2eds/bin/gnu/h-x86_64-mingw32/bin/../lib/gcc/nios2-elf/12.3.1/../../../../../H-x86_64-mingw32/nios2-elf/lib/mno-hw-mul\libc.a(libc_a-memcmp.o)
 .bss           0x0000a4f0        0x0 c:/intelfpga_lite/23.1std/nios2eds/bin/gnu/h-x86_64-mingw32/bin/../lib/gcc/nios2-elf/12.3.1/../../../../../H-x86_64-mingw32/nios2-elf/lib/mno-hw-mul\libc.a(libc_a-__atexit.o)
 .bss.__atexit0
                0x0000a4f0      0x190 c:/intelfpga_lite/23.1std/nios2eds/bin/gnu/h-x86_64-mingw32/bin/../lib/gcc/nios2-elf/12.3.1/../../../../../H-x86_64-mingw32/nios2-elf/lib/mno-hw-mul\libc.a(libc_a-__atexit.o)
                0x0000a4f0                __atexit0
 *(COMMON)
                0x0000a680                        . = ALIGN (0x4)
                0x0000a680                        __bss_end = ABSOLUTE (.)

.onchip_memory2_0
                0x0000a680        0x0
                [!provide]                        PROVIDE (_alt_partition_onchip_memory2_0_start = ABSOLUTE (.))
 *(.onchip_memory2_0 .onchip_memory2_0. onchip_memory2_0.*)
                0x0000a680                        . = ALIGN (0x4)
                [!provide]                        PROVIDE (_alt_partition_onchip_memory2_0_end = ABSOLUTE (.))
                0x0000a680                        _end = ABSOLUTE (.)
                0x0000a680                        end = ABSOLUTE (.)
                0x0000a680                        __alt_stack_base = ABSOLUTE (.)
                [!provide]                        PROVIDE (_alt_partition_onchip_memory2_0_load_addr = LOADADDR (.onchip_memory2_0))

.stab
 *(.stab)

.stabstr
 *(.stabstr)

.stab.excl
 *(.stab.excl)

.stab.exclstr
 *(.stab.exclstr)

.stab.index
 *(.stab.index)

.stab.indexstr
 *(.stab.indexstr)

.comment        0x00000000       0x2d
 *(.comment)
 .comment       0x00000000       0x2d obj/default/KEY.o
                                 0x2e (size before relaxing)
 .comment       0x0000002d       0x2e obj/default/hello_world.o
 .comment       0x0000002d       0x2e c:/intelfpga_lite/23.1std/nios2eds/bin/gnu/h-x86_64-mingw32/bin/../lib/gcc/nios2-elf/12.3.1/../../../../../H-x86_64-mingw32/nios2-elf/lib/mno-hw-mul\libc.a(libc_a-puts.o)
 .comment       0x0000002d       0x2e c:/intelfpga_lite/23.1std/nios2eds/bin/gnu/h-x86_64-mingw32/bin/../lib/gcc/nios2-elf/12.3.1/../../../../../H-x86_64-mingw32/nios2-elf/lib/mno-hw-mul\libc.a(libc_a-strlen.o)
 .comment       0x0000002d       0x2e c:/intelfpga_lite/23.1std/nios2eds/bin/gnu/h-x86_64-mingw32/bin/../lib/gcc/nios2-elf/12.3.1/../../../../../H-x86_64-mingw32/nios2-elf/lib/mno-hw-mul\libc.a(libc_a-impure.o)
 .comment       0x0000002d       0x2e c:/intelfpga_lite/23.1std/nios2eds/bin/gnu/h-x86_64-mingw32/bin/../lib/gcc/nios2-elf/12.3.1/../../../../../H-x86_64-mingw32/nios2-elf/lib/mno-hw-mul\libc.a(libc_a-findfp.o)
 .comment       0x0000002d       0x2e c:/intelfpga_lite/23.1std/nios2eds/bin/gnu/h-x86_64-mingw32/bin/../lib/gcc/nios2-elf/12.3.1/../../../../../H-x86_64-mingw32/nios2-elf/lib/mno-hw-mul\libc.a(libc_a-fvwrite.o)
 .comment       0x0000002d       0x2e c:/intelfpga_lite/23.1std/nios2eds/bin/gnu/h-x86_64-mingw32/bin/../lib/gcc/nios2-elf/12.3.1/../../../../../H-x86_64-mingw32/nios2-elf/lib/mno-hw-mul\libc.a(libc_a-fwalk.o)
 .comment       0x0000002d       0x2e c:/intelfpga_lite/23.1std/nios2eds/bin/gnu/h-x86_64-mingw32/bin/../lib/gcc/nios2-elf/12.3.1/../../../../../H-x86_64-mingw32/nios2-elf/lib/mno-hw-mul\libc.a(libc_a-stdio.o)
 .comment       0x0000002d       0x2e c:/intelfpga_lite/23.1std/nios2eds/bin/gnu/h-x86_64-mingw32/bin/../lib/gcc/nios2-elf/12.3.1/../../../../../H-x86_64-mingw32/nios2-elf/lib/mno-hw-mul\libc.a(libc_a-wsetup.o)
 .comment       0x0000002d       0x2e c:/intelfpga_lite/23.1std/nios2eds/bin/gnu/h-x86_64-mingw32/bin/../lib/gcc/nios2-elf/12.3.1/../../../../../H-x86_64-mingw32/nios2-elf/lib/mno-hw-mul\libc.a(libc_a-memchr.o)
 .comment       0x0000002d       0x2e c:/intelfpga_lite/23.1std/nios2eds/bin/gnu/h-x86_64-mingw32/bin/../lib/gcc/nios2-elf/12.3.1/../../../../../H-x86_64-mingw32/nios2-elf/lib/mno-hw-mul\libc.a(libc_a-memcpy.o)
 .comment       0x0000002d       0x2e c:/intelfpga_lite/23.1std/nios2eds/bin/gnu/h-x86_64-mingw32/bin/../lib/gcc/nios2-elf/12.3.1/../../../../../H-x86_64-mingw32/nios2-elf/lib/mno-hw-mul\libc.a(libc_a-memmove.o)
 .comment       0x0000002d       0x2e c:/intelfpga_lite/23.1std/nios2eds/bin/gnu/h-x86_64-mingw32/bin/../lib/gcc/nios2-elf/12.3.1/../../../../../H-x86_64-mingw32/nios2-elf/lib/mno-hw-mul\libc.a(libc_a-memset.o)
 .comment       0x0000002d       0x2e c:/intelfpga_lite/23.1std/nios2eds/bin/gnu/h-x86_64-mingw32/bin/../lib/gcc/nios2-elf/12.3.1/../../../../../H-x86_64-mingw32/nios2-elf/lib/mno-hw-mul\libc.a(libc_a-closer.o)
 .comment       0x0000002d       0x2e c:/intelfpga_lite/23.1std/nios2eds/bin/gnu/h-x86_64-mingw32/bin/../lib/gcc/nios2-elf/12.3.1/../../../../../H-x86_64-mingw32/nios2-elf/lib/mno-hw-mul\libc.a(libc_a-reent.o)
 .comment       0x0000002d       0x2e c:/intelfpga_lite/23.1std/nios2eds/bin/gnu/h-x86_64-mingw32/bin/../lib/gcc/nios2-elf/12.3.1/../../../../../H-x86_64-mingw32/nios2-elf/lib/mno-hw-mul\libc.a(libc_a-lseekr.o)
 .comment       0x0000002d       0x2e c:/intelfpga_lite/23.1std/nios2eds/bin/gnu/h-x86_64-mingw32/bin/../lib/gcc/nios2-elf/12.3.1/../../../../../H-x86_64-mingw32/nios2-elf/lib/mno-hw-mul\libc.a(libc_a-readr.o)
 .comment       0x0000002d       0x2e c:/intelfpga_lite/23.1std/nios2eds/bin/gnu/h-x86_64-mingw32/bin/../lib/gcc/nios2-elf/12.3.1/../../../../../H-x86_64-mingw32/nios2-elf/lib/mno-hw-mul\libc.a(libc_a-writer.o)
 .comment       0x0000002d       0x2e c:/intelfpga_lite/23.1std/nios2eds/bin/gnu/h-x86_64-mingw32/bin/../lib/gcc/nios2-elf/12.3.1/../../../../../H-x86_64-mingw32/nios2-elf/lib/mno-hw-mul\libc.a(libc_a-exit.o)
 .comment       0x0000002d       0x2e c:/intelfpga_lite/23.1std/nios2eds/bin/gnu/h-x86_64-mingw32/bin/../lib/gcc/nios2-elf/12.3.1/../../../../../H-x86_64-mingw32/nios2-elf/lib/mno-hw-mul\libc.a(libc_a-freer.o)
 .comment       0x0000002d       0x2e c:/intelfpga_lite/23.1std/nios2eds/bin/gnu/h-x86_64-mingw32/bin/../lib/gcc/nios2-elf/12.3.1/../../../../../H-x86_64-mingw32/nios2-elf/lib/mno-hw-mul\libc.a(libc_a-mallocr.o)
 .comment       0x0000002d       0x2e c:/intelfpga_lite/23.1std/nios2eds/bin/gnu/h-x86_64-mingw32/bin/../lib/gcc/nios2-elf/12.3.1/../../../../../H-x86_64-mingw32/nios2-elf/lib/mno-hw-mul\libc.a(libc_a-reallocr.o)
 .comment       0x0000002d       0x2e c:/intelfpga_lite/23.1std/nios2eds/bin/gnu/h-x86_64-mingw32/bin/../lib/gcc/nios2-elf/12.3.1/../../../../../H-x86_64-mingw32/nios2-elf/lib/mno-hw-mul\libc.a(libc_a-fclose.o)
 .comment       0x0000002d       0x2e c:/intelfpga_lite/23.1std/nios2eds/bin/gnu/h-x86_64-mingw32/bin/../lib/gcc/nios2-elf/12.3.1/../../../../../H-x86_64-mingw32/nios2-elf/lib/mno-hw-mul\libc.a(libc_a-fflush.o)
 .comment       0x0000002d       0x2e c:/intelfpga_lite/23.1std/nios2eds/bin/gnu/h-x86_64-mingw32/bin/../lib/gcc/nios2-elf/12.3.1/../../../../../H-x86_64-mingw32/nios2-elf/lib/mno-hw-mul\libc.a(libc_a-makebuf.o)
 .comment       0x0000002d       0x2e c:/intelfpga_lite/23.1std/nios2eds/bin/gnu/h-x86_64-mingw32/bin/../lib/gcc/nios2-elf/12.3.1/../../../../../H-x86_64-mingw32/nios2-elf/lib/mno-hw-mul\libc.a(libc_a-fstatr.o)
 .comment       0x0000002d       0x2e c:/intelfpga_lite/23.1std/nios2eds/bin/gnu/h-x86_64-mingw32/bin/../lib/gcc/nios2-elf/12.3.1/../../../../../H-x86_64-mingw32/nios2-elf/lib/mno-hw-mul\libc.a(libc_a-isattyr.o)
 .comment       0x0000002d       0x2e c:/intelfpga_lite/23.1std/nios2eds/bin/gnu/h-x86_64-mingw32/bin/../lib/gcc/nios2-elf/12.3.1/../../../../../H-x86_64-mingw32/nios2-elf/lib/mno-hw-mul\libc.a(libc_a-sbrkr.o)
 .comment       0x0000002d       0x2e c:/intelfpga_lite/23.1std/nios2eds/bin/gnu/h-x86_64-mingw32/bin/../lib/gcc/nios2-elf/12.3.1/../../../../../H-x86_64-mingw32/nios2-elf/lib/mno-hw-mul\libc.a(libc_a-__call_atexit.o)
 .comment       0x0000002d       0x2e c:/intelfpga_lite/23.1std/nios2eds/bin/gnu/h-x86_64-mingw32/bin/../lib/gcc/nios2-elf/12.3.1/mno-hw-mul\libgcc.a(lib2-divmod.o)
 .comment       0x0000002d       0x2e c:/intelfpga_lite/23.1std/nios2eds/bin/gnu/h-x86_64-mingw32/bin/../lib/gcc/nios2-elf/12.3.1/mno-hw-mul\libgcc.a(lib2-mul.o)
 .comment       0x0000002d       0x2e c:/Users/thiag/Documents/New_Ic/software/testeNew_bsp/\libhal_bsp.a(alt_close.o)
 .comment       0x0000002d       0x2e c:/Users/thiag/Documents/New_Ic/software/testeNew_bsp/\libhal_bsp.a(alt_dev.o)
 .comment       0x0000002d       0x2e c:/Users/thiag/Documents/New_Ic/software/testeNew_bsp/\libhal_bsp.a(alt_errno.o)
 .comment       0x0000002d       0x2e c:/Users/thiag/Documents/New_Ic/software/testeNew_bsp/\libhal_bsp.a(alt_exit.o)
 .comment       0x0000002d       0x2e c:/Users/thiag/Documents/New_Ic/software/testeNew_bsp/\libhal_bsp.a(alt_fstat.o)
 .comment       0x0000002d       0x2e c:/Users/thiag/Documents/New_Ic/software/testeNew_bsp/\libhal_bsp.a(alt_iic.o)
 .comment       0x0000002d       0x2e c:/Users/thiag/Documents/New_Ic/software/testeNew_bsp/\libhal_bsp.a(alt_iic_isr_register.o)
 .comment       0x0000002d       0x2e c:/Users/thiag/Documents/New_Ic/software/testeNew_bsp/\libhal_bsp.a(alt_irq_handler.o)
 .comment       0x0000002d       0x2e c:/Users/thiag/Documents/New_Ic/software/testeNew_bsp/\libhal_bsp.a(alt_irq_vars.o)
 .comment       0x0000002d       0x2e c:/Users/thiag/Documents/New_Ic/software/testeNew_bsp/\libhal_bsp.a(alt_isatty.o)
 .comment       0x0000002d       0x2e c:/Users/thiag/Documents/New_Ic/software/testeNew_bsp/\libhal_bsp.a(alt_load.o)
 .comment       0x0000002d       0x2e c:/Users/thiag/Documents/New_Ic/software/testeNew_bsp/\libhal_bsp.a(alt_lseek.o)
 .comment       0x0000002d       0x2e c:/Users/thiag/Documents/New_Ic/software/testeNew_bsp/\libhal_bsp.a(alt_main.o)
 .comment       0x0000002d       0x2e c:/Users/thiag/Documents/New_Ic/software/testeNew_bsp/\libhal_bsp.a(alt_malloc_lock.o)
 .comment       0x0000002d       0x2e c:/Users/thiag/Documents/New_Ic/software/testeNew_bsp/\libhal_bsp.a(alt_read.o)
 .comment       0x0000002d       0x2e c:/Users/thiag/Documents/New_Ic/software/testeNew_bsp/\libhal_bsp.a(alt_release_fd.o)
 .comment       0x0000002d       0x2e c:/Users/thiag/Documents/New_Ic/software/testeNew_bsp/\libhal_bsp.a(alt_sbrk.o)
 .comment       0x0000002d       0x2e c:/Users/thiag/Documents/New_Ic/software/testeNew_bsp/\libhal_bsp.a(alt_usleep.o)
 .comment       0x0000002d       0x2e c:/Users/thiag/Documents/New_Ic/software/testeNew_bsp/\libhal_bsp.a(alt_write.o)
 .comment       0x0000002d       0x2e c:/Users/thiag/Documents/New_Ic/software/testeNew_bsp/\libhal_bsp.a(alt_sys_init.o)
 .comment       0x0000002d       0x2e c:/Users/thiag/Documents/New_Ic/software/testeNew_bsp/\libhal_bsp.a(altera_avalon_jtag_uart_fd.o)
 .comment       0x0000002d       0x2e c:/Users/thiag/Documents/New_Ic/software/testeNew_bsp/\libhal_bsp.a(altera_avalon_jtag_uart_init.o)
 .comment       0x0000002d       0x2e c:/Users/thiag/Documents/New_Ic/software/testeNew_bsp/\libhal_bsp.a(altera_avalon_jtag_uart_ioctl.o)
 .comment       0x0000002d       0x2e c:/Users/thiag/Documents/New_Ic/software/testeNew_bsp/\libhal_bsp.a(altera_avalon_jtag_uart_read.o)
 .comment       0x0000002d       0x2e c:/Users/thiag/Documents/New_Ic/software/testeNew_bsp/\libhal_bsp.a(altera_avalon_jtag_uart_write.o)
 .comment       0x0000002d       0x2e c:/Users/thiag/Documents/New_Ic/software/testeNew_bsp/\libhal_bsp.a(alt_alarm_start.o)
 .comment       0x0000002d       0x2e c:/Users/thiag/Documents/New_Ic/software/testeNew_bsp/\libhal_bsp.a(alt_busy_sleep.o)
 .comment       0x0000002d       0x2e c:/Users/thiag/Documents/New_Ic/software/testeNew_bsp/\libhal_bsp.a(alt_dcache_flush_all.o)
 .comment       0x0000002d       0x2e c:/Users/thiag/Documents/New_Ic/software/testeNew_bsp/\libhal_bsp.a(alt_dev_llist_insert.o)
 .comment       0x0000002d       0x2e c:/Users/thiag/Documents/New_Ic/software/testeNew_bsp/\libhal_bsp.a(alt_do_ctors.o)
 .comment       0x0000002d       0x2e c:/Users/thiag/Documents/New_Ic/software/testeNew_bsp/\libhal_bsp.a(alt_do_dtors.o)
 .comment       0x0000002d       0x2e c:/Users/thiag/Documents/New_Ic/software/testeNew_bsp/\libhal_bsp.a(alt_icache_flush_all.o)
 .comment       0x0000002d       0x2e c:/Users/thiag/Documents/New_Ic/software/testeNew_bsp/\libhal_bsp.a(alt_instruction_exception_entry.o)
 .comment       0x0000002d       0x2e c:/Users/thiag/Documents/New_Ic/software/testeNew_bsp/\libhal_bsp.a(alt_io_redirect.o)
 .comment       0x0000002d       0x2e c:/Users/thiag/Documents/New_Ic/software/testeNew_bsp/\libhal_bsp.a(alt_open.o)
 .comment       0x0000002d       0x2e c:/Users/thiag/Documents/New_Ic/software/testeNew_bsp/\libhal_bsp.a(alt_tick.o)
 .comment       0x0000002d       0x2e c:/Users/thiag/Documents/New_Ic/software/testeNew_bsp/\libhal_bsp.a(altera_nios2_gen2_irq.o)
 .comment       0x0000002d       0x2e c:/Users/thiag/Documents/New_Ic/software/testeNew_bsp/\libhal_bsp.a(alt_find_dev.o)
 .comment       0x0000002d       0x2e c:/Users/thiag/Documents/New_Ic/software/testeNew_bsp/\libhal_bsp.a(alt_find_file.o)
 .comment       0x0000002d       0x2e c:/Users/thiag/Documents/New_Ic/software/testeNew_bsp/\libhal_bsp.a(alt_get_fd.o)
 .comment       0x0000002d       0x2e c:/intelfpga_lite/23.1std/nios2eds/bin/gnu/h-x86_64-mingw32/bin/../lib/gcc/nios2-elf/12.3.1/../../../../../H-x86_64-mingw32/nios2-elf/lib/mno-hw-mul\libc.a(libc_a-atexit.o)
 .comment       0x0000002d       0x2e c:/intelfpga_lite/23.1std/nios2eds/bin/gnu/h-x86_64-mingw32/bin/../lib/gcc/nios2-elf/12.3.1/../../../../../H-x86_64-mingw32/nios2-elf/lib/mno-hw-mul\libc.a(libc_a-memcmp.o)
 .comment       0x0000002d       0x2e c:/intelfpga_lite/23.1std/nios2eds/bin/gnu/h-x86_64-mingw32/bin/../lib/gcc/nios2-elf/12.3.1/../../../../../H-x86_64-mingw32/nios2-elf/lib/mno-hw-mul\libc.a(libc_a-__atexit.o)

.debug
 *(.debug)

.line
 *(.line)

.debug_srcinfo
 *(.debug_srcinfo)

.debug_sfnames
 *(.debug_sfnames)

.debug_aranges  0x00000000      0xa78
 *(.debug_aranges)
 .debug_aranges
                0x00000000       0x28 c:/Users/thiag/Documents/New_Ic/software/testeNew_bsp//obj/HAL/src/crt0.o
 .debug_aranges
                0x00000028       0x20 obj/default/KEY.o
 .debug_aranges
                0x00000048       0x20 obj/default/hello_world.o
 .debug_aranges
                0x00000068       0x28 c:/intelfpga_lite/23.1std/nios2eds/bin/gnu/h-x86_64-mingw32/bin/../lib/gcc/nios2-elf/12.3.1/../../../../../H-x86_64-mingw32/nios2-elf/lib/mno-hw-mul\libc.a(libc_a-puts.o)
 .debug_aranges
                0x00000090       0x20 c:/intelfpga_lite/23.1std/nios2eds/bin/gnu/h-x86_64-mingw32/bin/../lib/gcc/nios2-elf/12.3.1/../../../../../H-x86_64-mingw32/nios2-elf/lib/mno-hw-mul\libc.a(libc_a-strlen.o)
 .debug_aranges
                0x000000b0       0x18 c:/intelfpga_lite/23.1std/nios2eds/bin/gnu/h-x86_64-mingw32/bin/../lib/gcc/nios2-elf/12.3.1/../../../../../H-x86_64-mingw32/nios2-elf/lib/mno-hw-mul\libc.a(libc_a-impure.o)
 .debug_aranges
                0x000000c8       0x70 c:/intelfpga_lite/23.1std/nios2eds/bin/gnu/h-x86_64-mingw32/bin/../lib/gcc/nios2-elf/12.3.1/../../../../../H-x86_64-mingw32/nios2-elf/lib/mno-hw-mul\libc.a(libc_a-findfp.o)
 .debug_aranges
                0x00000138       0x20 c:/intelfpga_lite/23.1std/nios2eds/bin/gnu/h-x86_64-mingw32/bin/../lib/gcc/nios2-elf/12.3.1/../../../../../H-x86_64-mingw32/nios2-elf/lib/mno-hw-mul\libc.a(libc_a-fvwrite.o)
 .debug_aranges
                0x00000158       0x20 c:/intelfpga_lite/23.1std/nios2eds/bin/gnu/h-x86_64-mingw32/bin/../lib/gcc/nios2-elf/12.3.1/../../../../../H-x86_64-mingw32/nios2-elf/lib/mno-hw-mul\libc.a(libc_a-fwalk.o)
 .debug_aranges
                0x00000178       0x40 c:/intelfpga_lite/23.1std/nios2eds/bin/gnu/h-x86_64-mingw32/bin/../lib/gcc/nios2-elf/12.3.1/../../../../../H-x86_64-mingw32/nios2-elf/lib/mno-hw-mul\libc.a(libc_a-stdio.o)
 .debug_aranges
                0x000001b8       0x20 c:/intelfpga_lite/23.1std/nios2eds/bin/gnu/h-x86_64-mingw32/bin/../lib/gcc/nios2-elf/12.3.1/../../../../../H-x86_64-mingw32/nios2-elf/lib/mno-hw-mul\libc.a(libc_a-wsetup.o)
 .debug_aranges
                0x000001d8       0x20 c:/intelfpga_lite/23.1std/nios2eds/bin/gnu/h-x86_64-mingw32/bin/../lib/gcc/nios2-elf/12.3.1/../../../../../H-x86_64-mingw32/nios2-elf/lib/mno-hw-mul\libc.a(libc_a-memchr.o)
 .debug_aranges
                0x000001f8       0x20 c:/intelfpga_lite/23.1std/nios2eds/bin/gnu/h-x86_64-mingw32/bin/../lib/gcc/nios2-elf/12.3.1/../../../../../H-x86_64-mingw32/nios2-elf/lib/mno-hw-mul\libc.a(libc_a-memcpy.o)
 .debug_aranges
                0x00000218       0x20 c:/intelfpga_lite/23.1std/nios2eds/bin/gnu/h-x86_64-mingw32/bin/../lib/gcc/nios2-elf/12.3.1/../../../../../H-x86_64-mingw32/nios2-elf/lib/mno-hw-mul\libc.a(libc_a-memmove.o)
 .debug_aranges
                0x00000238       0x20 c:/intelfpga_lite/23.1std/nios2eds/bin/gnu/h-x86_64-mingw32/bin/../lib/gcc/nios2-elf/12.3.1/../../../../../H-x86_64-mingw32/nios2-elf/lib/mno-hw-mul\libc.a(libc_a-memset.o)
 .debug_aranges
                0x00000258       0x20 c:/intelfpga_lite/23.1std/nios2eds/bin/gnu/h-x86_64-mingw32/bin/../lib/gcc/nios2-elf/12.3.1/../../../../../H-x86_64-mingw32/nios2-elf/lib/mno-hw-mul\libc.a(libc_a-closer.o)
 .debug_aranges
                0x00000278       0x20 c:/intelfpga_lite/23.1std/nios2eds/bin/gnu/h-x86_64-mingw32/bin/../lib/gcc/nios2-elf/12.3.1/../../../../../H-x86_64-mingw32/nios2-elf/lib/mno-hw-mul\libc.a(libc_a-reent.o)
 .debug_aranges
                0x00000298       0x20 c:/intelfpga_lite/23.1std/nios2eds/bin/gnu/h-x86_64-mingw32/bin/../lib/gcc/nios2-elf/12.3.1/../../../../../H-x86_64-mingw32/nios2-elf/lib/mno-hw-mul\libc.a(libc_a-lseekr.o)
 .debug_aranges
                0x000002b8       0x20 c:/intelfpga_lite/23.1std/nios2eds/bin/gnu/h-x86_64-mingw32/bin/../lib/gcc/nios2-elf/12.3.1/../../../../../H-x86_64-mingw32/nios2-elf/lib/mno-hw-mul\libc.a(libc_a-readr.o)
 .debug_aranges
                0x000002d8       0x20 c:/intelfpga_lite/23.1std/nios2eds/bin/gnu/h-x86_64-mingw32/bin/../lib/gcc/nios2-elf/12.3.1/../../../../../H-x86_64-mingw32/nios2-elf/lib/mno-hw-mul\libc.a(libc_a-writer.o)
 .debug_aranges
                0x000002f8       0x20 c:/intelfpga_lite/23.1std/nios2eds/bin/gnu/h-x86_64-mingw32/bin/../lib/gcc/nios2-elf/12.3.1/../../../../../H-x86_64-mingw32/nios2-elf/lib/mno-hw-mul\libc.a(libc_a-exit.o)
 .debug_aranges
                0x00000318       0x28 c:/intelfpga_lite/23.1std/nios2eds/bin/gnu/h-x86_64-mingw32/bin/../lib/gcc/nios2-elf/12.3.1/../../../../../H-x86_64-mingw32/nios2-elf/lib/mno-hw-mul\libc.a(libc_a-freer.o)
 .debug_aranges
                0x00000340       0x20 c:/intelfpga_lite/23.1std/nios2eds/bin/gnu/h-x86_64-mingw32/bin/../lib/gcc/nios2-elf/12.3.1/../../../../../H-x86_64-mingw32/nios2-elf/lib/mno-hw-mul\libc.a(libc_a-mallocr.o)
 .debug_aranges
                0x00000360       0x20 c:/intelfpga_lite/23.1std/nios2eds/bin/gnu/h-x86_64-mingw32/bin/../lib/gcc/nios2-elf/12.3.1/../../../../../H-x86_64-mingw32/nios2-elf/lib/mno-hw-mul\libc.a(libc_a-reallocr.o)
 .debug_aranges
                0x00000380       0x28 c:/intelfpga_lite/23.1std/nios2eds/bin/gnu/h-x86_64-mingw32/bin/../lib/gcc/nios2-elf/12.3.1/../../../../../H-x86_64-mingw32/nios2-elf/lib/mno-hw-mul\libc.a(libc_a-fclose.o)
 .debug_aranges
                0x000003a8       0x30 c:/intelfpga_lite/23.1std/nios2eds/bin/gnu/h-x86_64-mingw32/bin/../lib/gcc/nios2-elf/12.3.1/../../../../../H-x86_64-mingw32/nios2-elf/lib/mno-hw-mul\libc.a(libc_a-fflush.o)
 .debug_aranges
                0x000003d8       0x28 c:/intelfpga_lite/23.1std/nios2eds/bin/gnu/h-x86_64-mingw32/bin/../lib/gcc/nios2-elf/12.3.1/../../../../../H-x86_64-mingw32/nios2-elf/lib/mno-hw-mul\libc.a(libc_a-makebuf.o)
 .debug_aranges
                0x00000400       0x20 c:/intelfpga_lite/23.1std/nios2eds/bin/gnu/h-x86_64-mingw32/bin/../lib/gcc/nios2-elf/12.3.1/../../../../../H-x86_64-mingw32/nios2-elf/lib/mno-hw-mul\libc.a(libc_a-fstatr.o)
 .debug_aranges
                0x00000420       0x20 c:/intelfpga_lite/23.1std/nios2eds/bin/gnu/h-x86_64-mingw32/bin/../lib/gcc/nios2-elf/12.3.1/../../../../../H-x86_64-mingw32/nios2-elf/lib/mno-hw-mul\libc.a(libc_a-isattyr.o)
 .debug_aranges
                0x00000440       0x20 c:/intelfpga_lite/23.1std/nios2eds/bin/gnu/h-x86_64-mingw32/bin/../lib/gcc/nios2-elf/12.3.1/../../../../../H-x86_64-mingw32/nios2-elf/lib/mno-hw-mul\libc.a(libc_a-sbrkr.o)
 .debug_aranges
                0x00000460       0x20 c:/intelfpga_lite/23.1std/nios2eds/bin/gnu/h-x86_64-mingw32/bin/../lib/gcc/nios2-elf/12.3.1/../../../../../H-x86_64-mingw32/nios2-elf/lib/mno-hw-mul\libc.a(libc_a-__call_atexit.o)
 .debug_aranges
                0x00000480       0x20 c:/intelfpga_lite/23.1std/nios2eds/bin/gnu/h-x86_64-mingw32/bin/../lib/gcc/nios2-elf/12.3.1/mno-hw-mul\libgcc.a(lib2-divmod.o)
 .debug_aranges
                0x000004a0       0x20 c:/intelfpga_lite/23.1std/nios2eds/bin/gnu/h-x86_64-mingw32/bin/../lib/gcc/nios2-elf/12.3.1/mno-hw-mul\libgcc.a(lib2-mul.o)
 .debug_aranges
                0x000004c0       0x20 c:/Users/thiag/Documents/New_Ic/software/testeNew_bsp/\libhal_bsp.a(alt_close.o)
 .debug_aranges
                0x000004e0       0x20 c:/Users/thiag/Documents/New_Ic/software/testeNew_bsp/\libhal_bsp.a(alt_dev.o)
 .debug_aranges
                0x00000500       0x18 c:/Users/thiag/Documents/New_Ic/software/testeNew_bsp/\libhal_bsp.a(alt_errno.o)
 .debug_aranges
                0x00000518       0x20 c:/Users/thiag/Documents/New_Ic/software/testeNew_bsp/\libhal_bsp.a(alt_exit.o)
 .debug_aranges
                0x00000538       0x20 c:/Users/thiag/Documents/New_Ic/software/testeNew_bsp/\libhal_bsp.a(alt_fstat.o)
 .debug_aranges
                0x00000558       0x20 c:/Users/thiag/Documents/New_Ic/software/testeNew_bsp/\libhal_bsp.a(alt_iic.o)
 .debug_aranges
                0x00000578       0x20 c:/Users/thiag/Documents/New_Ic/software/testeNew_bsp/\libhal_bsp.a(alt_iic_isr_register.o)
 .debug_aranges
                0x00000598       0x30 c:/Users/thiag/Documents/New_Ic/software/testeNew_bsp/\libhal_bsp.a(alt_irq_entry.o)
 .debug_aranges
                0x000005c8       0x20 c:/Users/thiag/Documents/New_Ic/software/testeNew_bsp/\libhal_bsp.a(alt_irq_handler.o)
 .debug_aranges
                0x000005e8       0x18 c:/Users/thiag/Documents/New_Ic/software/testeNew_bsp/\libhal_bsp.a(alt_irq_vars.o)
 .debug_aranges
                0x00000600       0x20 c:/Users/thiag/Documents/New_Ic/software/testeNew_bsp/\libhal_bsp.a(alt_isatty.o)
 .debug_aranges
                0x00000620       0x20 c:/Users/thiag/Documents/New_Ic/software/testeNew_bsp/\libhal_bsp.a(alt_load.o)
 .debug_aranges
                0x00000640       0x20 c:/Users/thiag/Documents/New_Ic/software/testeNew_bsp/\libhal_bsp.a(alt_lseek.o)
 .debug_aranges
                0x00000660       0x20 c:/Users/thiag/Documents/New_Ic/software/testeNew_bsp/\libhal_bsp.a(alt_main.o)
 .debug_aranges
                0x00000680       0x20 c:/Users/thiag/Documents/New_Ic/software/testeNew_bsp/\libhal_bsp.a(alt_malloc_lock.o)
 .debug_aranges