Archive member included to satisfy reference by file (symbol)

c:/Users/thiag/Downloads/CoLendaFPGA/CoLendaFPGA/DE0-Nano/software/sas_bsp/\libhal_bsp.a(alt_iic.o)
                              obj/default/lib_JOYSTICK/joystick_io.o (alt_ic_isr_register)
c:/Users/thiag/Downloads/CoLendaFPGA/CoLendaFPGA/DE0-Nano/software/sas_bsp/\libhal_bsp.a(alt_iic_isr_register.o)
                              c:/Users/thiag/Downloads/CoLendaFPGA/CoLendaFPGA/DE0-Nano/software/sas_bsp/\libhal_bsp.a(alt_iic.o) (alt_iic_isr_register)
c:/Users/thiag/Downloads/CoLendaFPGA/CoLendaFPGA/DE0-Nano/software/sas_bsp/\libhal_bsp.a(alt_irq_entry.o)
                              c:/Users/thiag/Downloads/CoLendaFPGA/CoLendaFPGA/DE0-Nano/software/sas_bsp/\libhal_bsp.a(alt_iic_isr_register.o) (alt_irq_entry)
c:/Users/thiag/Downloads/CoLendaFPGA/CoLendaFPGA/DE0-Nano/software/sas_bsp/\libhal_bsp.a(alt_irq_handler.o)
                              c:/Users/thiag/Downloads/CoLendaFPGA/CoLendaFPGA/DE0-Nano/software/sas_bsp/\libhal_bsp.a(alt_iic_isr_register.o) (alt_irq_handler)
c:/Users/thiag/Downloads/CoLendaFPGA/CoLendaFPGA/DE0-Nano/software/sas_bsp/\libhal_bsp.a(alt_irq_vars.o)
                              c:/Users/thiag/Downloads/CoLendaFPGA/CoLendaFPGA/DE0-Nano/software/sas_bsp/\libhal_bsp.a(alt_iic.o) (alt_irq_active)
c:/Users/thiag/Downloads/CoLendaFPGA/CoLendaFPGA/DE0-Nano/software/sas_bsp/\libhal_bsp.a(alt_load.o)
                              c:/Users/thiag/Downloads/CoLendaFPGA/CoLendaFPGA/DE0-Nano/software/sas_bsp//obj/HAL/src/crt0.o (alt_load)
c:/Users/thiag/Downloads/CoLendaFPGA/CoLendaFPGA/DE0-Nano/software/sas_bsp/\libhal_bsp.a(alt_main.o)
                              c:/Users/thiag/Downloads/CoLendaFPGA/CoLendaFPGA/DE0-Nano/software/sas_bsp//obj/HAL/src/crt0.o (alt_main)
c:/Users/thiag/Downloads/CoLendaFPGA/CoLendaFPGA/DE0-Nano/software/sas_bsp/\libhal_bsp.a(alt_sys_init.o)
                              c:/Users/thiag/Downloads/CoLendaFPGA/CoLendaFPGA/DE0-Nano/software/sas_bsp/\libhal_bsp.a(alt_main.o) (alt_irq_init)
c:/Users/thiag/Downloads/CoLendaFPGA/CoLendaFPGA/DE0-Nano/software/sas_bsp/\libhal_bsp.a(alt_dcache_flush_all.o)
                              c:/Users/thiag/Downloads/CoLendaFPGA/CoLendaFPGA/DE0-Nano/software/sas_bsp/\libhal_bsp.a(alt_load.o) (alt_dcache_flush_all)
c:/Users/thiag/Downloads/CoLendaFPGA/CoLendaFPGA/DE0-Nano/software/sas_bsp/\libhal_bsp.a(alt_exception_entry.o)
                              c:/Users/thiag/Downloads/CoLendaFPGA/CoLendaFPGA/DE0-Nano/software/sas_bsp/\libhal_bsp.a(alt_irq_entry.o) (alt_exception)
c:/Users/thiag/Downloads/CoLendaFPGA/CoLendaFPGA/DE0-Nano/software/sas_bsp/\libhal_bsp.a(alt_icache_flush_all.o)
                              c:/Users/thiag/Downloads/CoLendaFPGA/CoLendaFPGA/DE0-Nano/software/sas_bsp/\libhal_bsp.a(alt_load.o) (alt_icache_flush_all)
c:/Users/thiag/Downloads/CoLendaFPGA/CoLendaFPGA/DE0-Nano/software/sas_bsp/\libhal_bsp.a(alt_instruction_exception_entry.o)
                              c:/Users/thiag/Downloads/CoLendaFPGA/CoLendaFPGA/DE0-Nano/software/sas_bsp/\libhal_bsp.a(alt_exception_entry.o) (alt_instruction_exception_entry)
c:/Users/thiag/Downloads/CoLendaFPGA/CoLendaFPGA/DE0-Nano/software/sas_bsp/\libhal_bsp.a(altera_nios2_gen2_irq.o)
                              c:/Users/thiag/Downloads/CoLendaFPGA/CoLendaFPGA/DE0-Nano/software/sas_bsp/\libhal_bsp.a(alt_sys_init.o) (altera_nios2_gen2_irq_init)
c:/intelfpga_lite/23.1std/nios2eds/bin/gnu/h-x86_64-mingw32/bin/../lib/gcc/nios2-elf/12.3.1/../../../../../H-x86_64-mingw32/nios2-elf/lib/mno-hw-mul\libsmallc.a(libc_a-memcpy.o)
                              c:/Users/thiag/Downloads/CoLendaFPGA/CoLendaFPGA/DE0-Nano/software/sas_bsp/\libhal_bsp.a(alt_load.o) (memcpy)

Memory Configuration

Name             Origin             Length             Attributes
reset            0x00008000         0x00000020
onchip_memory2_0 0x00008020         0x00007510
*default*        0x00000000         0xffffffff

Linker script and memory map

LOAD c:/Users/thiag/Downloads/CoLendaFPGA/CoLendaFPGA/DE0-Nano/software/sas_bsp//obj/HAL/src/crt0.o
LOAD obj/default/lib_JOYSTICK/joystick_io.o
LOAD obj/default/lib_graphic_processor/graphic_processor.o
LOAD obj/default/new_asteroids_game.o
LOAD c:/intelfpga_lite/23.1std/nios2eds/bin/gnu/h-x86_64-mingw32/bin/../lib/gcc/nios2-elf/12.3.1/../../../../../H-x86_64-mingw32/nios2-elf/lib/mno-hw-mul\libstdc++.a
LOAD c:/intelfpga_lite/23.1std/nios2eds/bin/gnu/h-x86_64-mingw32/bin/../lib/gcc/nios2-elf/12.3.1/../../../../../H-x86_64-mingw32/nios2-elf/lib/mno-hw-mul\libm.a
LOAD c:/intelfpga_lite/23.1std/nios2eds/bin/gnu/h-x86_64-mingw32/bin/../lib/gcc/nios2-elf/12.3.1/mno-hw-mul\libgcc.a
START GROUP
LOAD c:/intelfpga_lite/23.1std/nios2eds/bin/gnu/h-x86_64-mingw32/bin/../lib/gcc/nios2-elf/12.3.1/../../../../../H-x86_64-mingw32/nios2-elf/lib/mno-hw-mul\libsmallc.a
LOAD c:/intelfpga_lite/23.1std/nios2eds/bin/gnu/h-x86_64-mingw32/bin/../lib/gcc/nios2-elf/12.3.1/mno-hw-mul\libgcc.a
LOAD c:/Users/thiag/Downloads/CoLendaFPGA/CoLendaFPGA/DE0-Nano/software/sas_bsp/\libhal_bsp.a
LOAD c:/intelfpga_lite/23.1std/nios2eds/bin/gnu/h-x86_64-mingw32/bin/../lib/gcc/nios2-elf/12.3.1/../../../../../H-x86_64-mingw32/nios2-elf/lib/mno-hw-mul\libm.a
END GROUP
LOAD c:/intelfpga_lite/23.1std/nios2eds/bin/gnu/h-x86_64-mingw32/bin/../lib/gcc/nios2-elf/12.3.1/mno-hw-mul\libgcc.a
                0x00008000                        __alt_mem_onchip_memory2_0 = 0x8000

.entry          0x00008000       0x20
 *(.entry)
 .entry         0x00008000       0x20 c:/Users/thiag/Downloads/CoLendaFPGA/CoLendaFPGA/DE0-Nano/software/sas_bsp//obj/HAL/src/crt0.o
                0x00008000                __reset
                0x0000800c                _exit

.exceptions     0x00008020      0x160
                0x00008020                        PROVIDE (__ram_exceptions_start = ABSOLUTE (.))
                0x00008020                        . = ALIGN (0x20)
 *(.irq)
 *(.exceptions.entry.label)
 .exceptions.entry.label
                0x00008020        0x0 c:/Users/thiag/Downloads/CoLendaFPGA/CoLendaFPGA/DE0-Nano/software/sas_bsp/\libhal_bsp.a(alt_irq_entry.o)
                0x00008020                alt_irq_entry
 .exceptions.entry.label
                0x00008020        0x0 c:/Users/thiag/Downloads/CoLendaFPGA/CoLendaFPGA/DE0-Nano/software/sas_bsp/\libhal_bsp.a(alt_exception_entry.o)
                0x00008020                alt_exception
 *(.exceptions.entry.user)
 *(.exceptions.entry.ecc_fatal)
 *(.exceptions.entry)
 .exceptions.entry
                0x00008020       0x54 c:/Users/thiag/Downloads/CoLendaFPGA/CoLendaFPGA/DE0-Nano/software/sas_bsp/\libhal_bsp.a(alt_exception_entry.o)
 *(.exceptions.irqtest.user)
 *(.exceptions.irqtest)
 .exceptions.irqtest
                0x00008074       0x10 c:/Users/thiag/Downloads/CoLendaFPGA/CoLendaFPGA/DE0-Nano/software/sas_bsp/\libhal_bsp.a(alt_irq_entry.o)
 *(.exceptions.irqhandler.user)
 *(.exceptions.irqhandler)
 .exceptions.irqhandler
                0x00008084        0x4 c:/Users/thiag/Downloads/CoLendaFPGA/CoLendaFPGA/DE0-Nano/software/sas_bsp/\libhal_bsp.a(alt_irq_entry.o)
 *(.exceptions.irqreturn.user)
 *(.exceptions.irqreturn)
 .exceptions.irqreturn
                0x00008088        0x4 c:/Users/thiag/Downloads/CoLendaFPGA/CoLendaFPGA/DE0-Nano/software/sas_bsp/\libhal_bsp.a(alt_irq_entry.o)
 *(.exceptions.notirq.label)
 .exceptions.notirq.label
                0x0000808c        0x0 c:/Users/thiag/Downloads/CoLendaFPGA/CoLendaFPGA/DE0-Nano/software/sas_bsp/\libhal_bsp.a(alt_irq_entry.o)
 *(.exceptions.notirq.user)
 *(.exceptions.notirq)
 .exceptions.notirq
                0x0000808c        0x8 c:/Users/thiag/Downloads/CoLendaFPGA/CoLendaFPGA/DE0-Nano/software/sas_bsp/\libhal_bsp.a(alt_exception_entry.o)
 *(.exceptions.soft.user)
 *(.exceptions.soft)
 *(.exceptions.unknown.user)
 *(.exceptions.unknown)
 .exceptions.unknown
                0x00008094       0x14 c:/Users/thiag/Downloads/CoLendaFPGA/CoLendaFPGA/DE0-Nano/software/sas_bsp/\libhal_bsp.a(alt_exception_entry.o)
 *(.exceptions.exit.label)
 .exceptions.exit.label
                0x000080a8        0x0 c:/Users/thiag/Downloads/CoLendaFPGA/CoLendaFPGA/DE0-Nano/software/sas_bsp/\libhal_bsp.a(alt_irq_entry.o)
 .exceptions.exit.label
                0x000080a8        0x0 c:/Users/thiag/Downloads/CoLendaFPGA/CoLendaFPGA/DE0-Nano/software/sas_bsp/\libhal_bsp.a(alt_exception_entry.o)
 *(.exceptions.exit.user)
 *(.exceptions.exit)
 .exceptions.exit
                0x000080a8       0x54 c:/Users/thiag/Downloads/CoLendaFPGA/CoLendaFPGA/DE0-Nano/software/sas_bsp/\libhal_bsp.a(alt_exception_entry.o)
 *(.exceptions)
 .exceptions    0x000080fc       0x60 c:/Users/thiag/Downloads/CoLendaFPGA/CoLendaFPGA/DE0-Nano/software/sas_bsp/\libhal_bsp.a(alt_irq_handler.o)
                0x000080fc                alt_irq_handler
 .exceptions    0x0000815c       0x24 c:/Users/thiag/Downloads/CoLendaFPGA/CoLendaFPGA/DE0-Nano/software/sas_bsp/\libhal_bsp.a(alt_instruction_exception_entry.o)
                0x0000815c                alt_instruction_exception_entry
                0x00008180                        PROVIDE (__ram_exceptions_end = ABSOLUTE (.))
                0x00008020                        PROVIDE (__flash_exceptions_start = LOADADDR (.exceptions))

.text           0x00008180      0x8b4
                [!provide]                        PROVIDE (stext = ABSOLUTE (.))
 *(.interp)
 *(.hash)
 *(.dynsym)
 *(.dynstr)
 *(.gnu.version)
 *(.gnu.version_d)
 *(.gnu.version_r)
 *(.rel.init)
 *(.rela.init)
 *(.rel.text .rel.text.* .rel.gnu.linkonce.t.*)
 *(.rela.text .rela.text.* .rela.gnu.linkonce.t.*)
 *(.rel.fini)
 *(.rela.fini)
 *(.rel.rodata .rel.rodata.* .rel.gnu.linkonce.r.*)
 *(.rela.rodata .rela.rodata.* .rela.gnu.linkonce.r.*)
 *(.rel.data .rel.data.* .rel.gnu.linkonce.d.*)
 *(.rela.data .rela.data.* .rela.gnu.linkonce.d.*)
 *(.rel.tdata .rel.tdata.* .rel.gnu.linkonce.td.*)
 *(.rela.tdata .rela.tdata.* .rela.gnu.linkonce.td.*)
 *(.rel.tbss .rel.tbss.* .rel.gnu.linkonce.tb.*)
 *(.rela.tbss .rela.tbss.* .rela.gnu.linkonce.tb.*)
 *(.rel.ctors)
 *(.rela.ctors)
 *(.rel.dtors)
 *(.rela.dtors)
 *(.rel.got)
 *(.rela.got)
 *(.rel.sdata .rel.sdata.* .rel.gnu.linkonce.s.*)
 *(.rela.sdata .rela.sdata.* .rela.gnu.linkonce.s.*)
 *(.rel.sbss .rel.sbss.* .rel.gnu.linkonce.sb.*)
 *(.rela.sbss .rela.sbss.* .rela.gnu.linkonce.sb.*)
 *(.rel.sdata2 .rel.sdata2.* .rel.gnu.linkonce.s2.*)
 *(.rela.sdata2 .rela.sdata2.* .rela.gnu.linkonce.s2.*)
 *(.rel.sbss2 .rel.sbss2.* .rel.gnu.linkonce.sb2.*)
 *(.rela.sbss2 .rela.sbss2.* .rela.gnu.linkonce.sb2.*)
 *(.rel.bss .rel.bss.* .rel.gnu.linkonce.b.*)
 *(.rela.bss .rela.bss.* .rela.gnu.linkonce.b.*)
 *(.rel.plt)
 *(.rela.plt)
 *(.rel.dyn)
 *(.init)
 *(.plt)
 *(.text .stub .text.* .gnu.linkonce.t.*)
 .text          0x00008180       0x3c c:/Users/thiag/Downloads/CoLendaFPGA/CoLendaFPGA/DE0-Nano/software/sas_bsp//obj/HAL/src/crt0.o
                0x00008180                _start
 .text          0x000081bc      0x2c4 obj/default/lib_JOYSTICK/joystick_io.o
                0x00008290                read_KEY
                0x000082d0                read_JOYSTICK
                0x00008314                initialize_joystick
                0x00008398                close_joystick
                0x000083b8                peripheral_enable_callback
                0x0000841c                peripheral_disable_callback
                0x00008478                set_callback
 .text          0x00008480      0x2f4 obj/default/lib_graphic_processor/graphic_processor.o
                0x000084b8                set_sprite
                0x000084dc                set_background_color
                0x000084f4                set_background_block
                0x00008524                increase_coordinate
                0x00008728                collision
 .text          0x00008774        0x0 obj/default/new_asteroids_game.o
 .text.startup  0x00008774       0x9c obj/default/new_asteroids_game.o
                0x00008774                main
 .text          0x00008810       0x8c c:/Users/thiag/Downloads/CoLendaFPGA/CoLendaFPGA/DE0-Nano/software/sas_bsp/\libhal_bsp.a(alt_iic.o)
                0x00008810                alt_ic_isr_register
                0x00008814                alt_ic_irq_enable
                0x0000884c                alt_ic_irq_disable
                0x00008884                alt_ic_irq_enabled
 .text          0x0000889c       0x68 c:/Users/thiag/Downloads/CoLendaFPGA/CoLendaFPGA/DE0-Nano/software/sas_bsp/\libhal_bsp.a(alt_iic_isr_register.o)
                0x0000889c                alt_iic_isr_register
 .text          0x00008904        0x0 c:/Users/thiag/Downloads/CoLendaFPGA/CoLendaFPGA/DE0-Nano/software/sas_bsp/\libhal_bsp.a(alt_irq_entry.o)
 .text          0x00008904        0x0 c:/Users/thiag/Downloads/CoLendaFPGA/CoLendaFPGA/DE0-Nano/software/sas_bsp/\libhal_bsp.a(alt_irq_handler.o)
 .text          0x00008904        0x0 c:/Users/thiag/Downloads/CoLendaFPGA/CoLendaFPGA/DE0-Nano/software/sas_bsp/\libhal_bsp.a(alt_irq_vars.o)
 .text          0x00008904       0x84 c:/Users/thiag/Downloads/CoLendaFPGA/CoLendaFPGA/DE0-Nano/software/sas_bsp/\libhal_bsp.a(alt_load.o)
                0x00008904                alt_load
 .text          0x00008988       0x2c c:/Users/thiag/Downloads/CoLendaFPGA/CoLendaFPGA/DE0-Nano/software/sas_bsp/\libhal_bsp.a(alt_main.o)
                0x00008988                alt_main
 .text          0x000089b4       0x24 c:/Users/thiag/Downloads/CoLendaFPGA/CoLendaFPGA/DE0-Nano/software/sas_bsp/\libhal_bsp.a(alt_sys_init.o)
                0x000089b4                alt_irq_init
                0x000089d4                alt_sys_init
 .text          0x000089d8        0x4 c:/Users/thiag/Downloads/CoLendaFPGA/CoLendaFPGA/DE0-Nano/software/sas_bsp/\libhal_bsp.a(alt_dcache_flush_all.o)
                0x000089d8                alt_dcache_flush_all
 .text          0x000089dc        0x0 c:/Users/thiag/Downloads/CoLendaFPGA/CoLendaFPGA/DE0-Nano/software/sas_bsp/\libhal_bsp.a(alt_exception_entry.o)
 .text          0x000089dc        0x4 c:/Users/thiag/Downloads/CoLendaFPGA/CoLendaFPGA/DE0-Nano/software/sas_bsp/\libhal_bsp.a(alt_icache_flush_all.o)
                0x000089dc                alt_icache_flush_all
 .text          0x000089e0       0x24 c:/Users/thiag/Downloads/CoLendaFPGA/CoLendaFPGA/DE0-Nano/software/sas_bsp/\libhal_bsp.a(alt_instruction_exception_entry.o)
                0x000089e0                alt_exception_cause_generated_bad_addr
 .text          0x00008a04        0x8 c:/Users/thiag/Downloads/CoLendaFPGA/CoLendaFPGA/DE0-Nano/software/sas_bsp/\libhal_bsp.a(altera_nios2_gen2_irq.o)
                0x00008a04                altera_nios2_gen2_irq_init
 .text          0x00008a0c        0x0 c:/intelfpga_lite/23.1std/nios2eds/bin/gnu/h-x86_64-mingw32/bin/../lib/gcc/nios2-elf/12.3.1/../../../../../H-x86_64-mingw32/nios2-elf/lib/mno-hw-mul\libsmallc.a(libc_a-memcpy.o)
 .text.memcpy   0x00008a0c       0x28 c:/intelfpga_lite/23.1std/nios2eds/bin/gnu/h-x86_64-mingw32/bin/../lib/gcc/nios2-elf/12.3.1/../../../../../H-x86_64-mingw32/nios2-elf/lib/mno-hw-mul\libsmallc.a(libc_a-memcpy.o)
                0x00008a0c                memcpy
 *(.gnu.warning.*)
 *(.fini)
                [!provide]                        PROVIDE (__etext = ABSOLUTE (.))
                [!provide]                        PROVIDE (_etext = ABSOLUTE (.))
                [!provide]                        PROVIDE (etext = ABSOLUTE (.))
 *(.eh_frame_hdr)
                0x00008a34                        . = ALIGN (0x4)
                [!provide]                        PROVIDE (__preinit_array_start = ABSOLUTE (.))
 *(.preinit_array)
                [!provide]                        PROVIDE (__preinit_array_end = ABSOLUTE (.))
                [!provide]                        PROVIDE (__init_array_start = ABSOLUTE (.))
 *(SORT_BY_INIT_PRIORITY(.init_array.*))
 *(.init_array)
                [!provide]                        PROVIDE (__init_array_end = ABSOLUTE (.))
                [!provide]                        PROVIDE (__fini_array_start = ABSOLUTE (.))
 *(.fini_array)
                [!provide]                        PROVIDE (__fini_array_end = ABSOLUTE (.))
 *(.eh_frame)
 *(.gcc_except_table .gcc_except_table.*)
 *(.dynamic)
                [!provide]                        PROVIDE (__CTOR_LIST__ = ABSOLUTE (.))
 *(.ctors)
 *(SORT_BY_NAME(.ctors.*))
                [!provide]                        PROVIDE (__CTOR_END__ = ABSOLUTE (.))
                [!provide]                        PROVIDE (__DTOR_LIST__ = ABSOLUTE (.))
 *(.dtors)
 *(SORT_BY_NAME(.dtors.*))
                [!provide]                        PROVIDE (__DTOR_END__ = ABSOLUTE (.))
 *(.jcr)
                0x00008a34                        . = ALIGN (0x4)

.rodata         0x00008a34     0xe100
                0x00008a34                        PROVIDE (__ram_rodata_start = ABSOLUTE (.))
                0x00008a34                        . = ALIGN (0x4)
 *(.rodata .rodata.* .gnu.linkonce.r.*)
 .rodata        0x00008a34     0xe100 obj/default/new_asteroids_game.o
 *(.rodata1)
                0x00016b34                        . = ALIGN (0x4)
                0x00016b34                        PROVIDE (__ram_rodata_end = ABSOLUTE (.))
                0x00008a34                        PROVIDE (__flash_rodata_start = LOADADDR (.rodata))

.rwdata         0x00016b34        0x8 load address 0x00016b3c
                0x00016b34                        PROVIDE (__ram_rwdata_start = ABSOLUTE (.))
                0x00016b34                        . = ALIGN (0x4)
 *(.got.plt)
 *(.got)
 *(.data1)
 *(.data .data.* .gnu.linkonce.d.*)
 .data          0x00016b34        0x0 c:/Users/thiag/Downloads/CoLendaFPGA/CoLendaFPGA/DE0-Nano/software/sas_bsp//obj/HAL/src/crt0.o
 .data          0x00016b34        0x0 obj/default/lib_JOYSTICK/joystick_io.o
 .data          0x00016b34        0x0 obj/default/lib_graphic_processor/graphic_processor.o
 .data          0x00016b34        0x0 obj/default/new_asteroids_game.o
 .data          0x00016b34        0x0 c:/Users/thiag/Downloads/CoLendaFPGA/CoLendaFPGA/DE0-Nano/software/sas_bsp/\libhal_bsp.a(alt_iic.o)
 .data          0x00016b34        0x0 c:/Users/thiag/Downloads/CoLendaFPGA/CoLendaFPGA/DE0-Nano/software/sas_bsp/\libhal_bsp.a(alt_iic_isr_register.o)
 .data          0x00016b34        0x0 c:/Users/thiag/Downloads/CoLendaFPGA/CoLendaFPGA/DE0-Nano/software/sas_bsp/\libhal_bsp.a(alt_irq_entry.o)
 .data          0x00016b34        0x0 c:/Users/thiag/Downloads/CoLendaFPGA/CoLendaFPGA/DE0-Nano/software/sas_bsp/\libhal_bsp.a(alt_irq_handler.o)
 .data          0x00016b34        0x0 c:/Users/thiag/Downloads/CoLendaFPGA/CoLendaFPGA/DE0-Nano/software/sas_bsp/\libhal_bsp.a(alt_irq_vars.o)
 .data          0x00016b34        0x0 c:/Users/thiag/Downloads/CoLendaFPGA/CoLendaFPGA/DE0-Nano/software/sas_bsp/\libhal_bsp.a(alt_load.o)
 .data          0x00016b34        0x0 c:/Users/thiag/Downloads/CoLendaFPGA/CoLendaFPGA/DE0-Nano/software/sas_bsp/\libhal_bsp.a(alt_main.o)
 .data          0x00016b34        0x0 c:/Users/thiag/Downloads/CoLendaFPGA/CoLendaFPGA/DE0-Nano/software/sas_bsp/\libhal_bsp.a(alt_sys_init.o)
 .data          0x00016b34        0x0 c:/Users/thiag/Downloads/CoLendaFPGA/CoLendaFPGA/DE0-Nano/software/sas_bsp/\libhal_bsp.a(alt_dcache_flush_all.o)
 .data          0x00016b34        0x0 c:/Users/thiag/Downloads/CoLendaFPGA/CoLendaFPGA/DE0-Nano/software/sas_bsp/\libhal_bsp.a(alt_exception_entry.o)
 .data          0x00016b34        0x0 c:/Users/thiag/Downloads/CoLendaFPGA/CoLendaFPGA/DE0-Nano/software/sas_bsp/\libhal_bsp.a(alt_icache_flush_all.o)
 .data          0x00016b34        0x0 c:/Users/thiag/Downloads/CoLendaFPGA/CoLendaFPGA/DE0-Nano/software/sas_bsp/\libhal_bsp.a(alt_instruction_exception_entry.o)
 .data          0x00016b34        0x0 c:/Users/thiag/Downloads/CoLendaFPGA/CoLendaFPGA/DE0-Nano/software/sas_bsp/\libhal_bsp.a(altera_nios2_gen2_irq.o)
 .data          0x00016b34        0x0 c:/intelfpga_lite/23.1std/nios2eds/bin/gnu/h-x86_64-mingw32/bin/../lib/gcc/nios2-elf/12.3.1/../../../../../H-x86_64-mingw32/nios2-elf/lib/mno-hw-mul\libsmallc.a(libc_a-memcpy.o)
                0x0001eb34                        _gp = ABSOLUTE ((. + 0x8000))
                [!provide]                        PROVIDE (gp = _gp)
 *(.rwdata .rwdata.*)
 *(.sdata .sdata.* .gnu.linkonce.s.*)
 .sdata         0x00016b34        0x4 c:/Users/thiag/Downloads/CoLendaFPGA/CoLendaFPGA/DE0-Nano/software/sas_bsp/\libhal_bsp.a(alt_irq_vars.o)
                0x00016b34                alt_priority_mask
 .sdata         0x00016b38        0x4 c:/Users/thiag/Downloads/CoLendaFPGA/CoLendaFPGA/DE0-Nano/software/sas_bsp/\libhal_bsp.a(alt_sys_init.o)
                0x00016b38                jtag_uart_0
 *(.sdata2 .sdata2.* .gnu.linkonce.s2.*)
                0x00016b3c                        . = ALIGN (0x4)
                0x00016b3c                        _edata = ABSOLUTE (.)
                [!provide]                        PROVIDE (edata = ABSOLUTE (.))
                0x00016b3c                        PROVIDE (__ram_rwdata_end = ABSOLUTE (.))
                0x00016b3c                        PROVIDE (__flash_rwdata_start = LOADADDR (.rwdata))

.bss            0x00016b44      0x118
                0x00016b44                        __bss_start = ABSOLUTE (.)
                [!provide]                        PROVIDE (__sbss_start = ABSOLUTE (.))
                [!provide]                        PROVIDE (___sbss_start = ABSOLUTE (.))
 *(.dynsbss)
 *(.sbss .sbss.* .gnu.linkonce.sb.*)
 .sbss          0x00016b44        0x4 obj/default/lib_JOYSTICK/joystick_io.o
 .sbss          0x00016b48        0x4 c:/Users/thiag/Downloads/CoLendaFPGA/CoLendaFPGA/DE0-Nano/software/sas_bsp/\libhal_bsp.a(alt_irq_vars.o)
                0x00016b48                alt_irq_active
 .sbss          0x00016b4c        0xc c:/Users/thiag/Downloads/CoLendaFPGA/CoLendaFPGA/DE0-Nano/software/sas_bsp/\libhal_bsp.a(alt_main.o)
                0x00016b4c                alt_envp
                0x00016b50                alt_argv
                0x00016b54                alt_argc
 .sbss          0x00016b58        0x4 c:/Users/thiag/Downloads/CoLendaFPGA/CoLendaFPGA/DE0-Nano/software/sas_bsp/\libhal_bsp.a(alt_instruction_exception_entry.o)
                0x00016b58                alt_instruction_exception_handler
 *(.sbss2 .sbss2.* .gnu.linkonce.sb2.*)
 *(.scommon)
                [!provide]                        PROVIDE (__sbss_end = ABSOLUTE (.))
                [!provide]                        PROVIDE (___sbss_end = ABSOLUTE (.))
 *(.dynbss)
 *(.bss .bss.* .gnu.linkonce.b.*)
 .bss           0x00016b5c        0x0 c:/Users/thiag/Downloads/CoLendaFPGA/CoLendaFPGA/DE0-Nano/software/sas_bsp//obj/HAL/src/crt0.o
 .bss           0x00016b5c        0x0 obj/default/lib_JOYSTICK/joystick_io.o
 .bss           0x00016b5c        0x0 obj/default/lib_graphic_processor/graphic_processor.o
 .bss           0x00016b5c        0x0 obj/default/new_asteroids_game.o
 .bss           0x00016b5c        0x0 c:/Users/thiag/Downloads/CoLendaFPGA/CoLendaFPGA/DE0-Nano/software/sas_bsp/\libhal_bsp.a(alt_iic.o)
 .bss           0x00016b5c        0x0 c:/Users/thiag/Downloads/CoLendaFPGA/CoLendaFPGA/DE0-Nano/software/sas_bsp/\libhal_bsp.a(alt_iic_isr_register.o)
 .bss           0x00016b5c        0x0 c:/Users/thiag/Downloads/CoLendaFPGA/CoLendaFPGA/DE0-Nano/software/sas_bsp/\libhal_bsp.a(alt_irq_entry.o)
 .bss           0x00016b5c      0x100 c:/Users/thiag/Downloads/CoLendaFPGA/CoLendaFPGA/DE0-Nano/software/sas_bsp/\libhal_bsp.a(alt_irq_handler.o)
                0x00016b5c                alt_irq
 .bss           0x00016c5c        0x0 c:/Users/thiag/Downloads/CoLendaFPGA/CoLendaFPGA/DE0-Nano/software/sas_bsp/\libhal_bsp.a(alt_irq_vars.o)
 .bss           0x00016c5c        0x0 c:/Users/thiag/Downloads/CoLendaFPGA/CoLendaFPGA/DE0-Nano/software/sas_bsp/\libhal_bsp.a(alt_load.o)
 .bss           0x00016c5c        0x0 c:/Users/thiag/Downloads/CoLendaFPGA/CoLendaFPGA/DE0-Nano/software/sas_bsp/\libhal_bsp.a(alt_main.o)
 .bss           0x00016c5c        0x0 c:/Users/thiag/Downloads/CoLendaFPGA/CoLendaFPGA/DE0-Nano/software/sas_bsp/\libhal_bsp.a(alt_sys_init.o)
 .bss           0x00016c5c        0x0 c:/Users/thiag/Downloads/CoLendaFPGA/CoLendaFPGA/DE0-Nano/software/sas_bsp/\libhal_bsp.a(alt_dcache_flush_all.o)
 .bss           0x00016c5c        0x0 c:/Users/thiag/Downloads/CoLendaFPGA/CoLendaFPGA/DE0-Nano/software/sas_bsp/\libhal_bsp.a(alt_exception_entry.o)
 .bss           0x00016c5c        0x0 c:/Users/thiag/Downloads/CoLendaFPGA/CoLendaFPGA/DE0-Nano/software/sas_bsp/\libhal_bsp.a(alt_icache_flush_all.o)
 .bss           0x00016c5c        0x0 c:/Users/thiag/Downloads/CoLendaFPGA/CoLendaFPGA/DE0-Nano/software/sas_bsp/\libhal_bsp.a(alt_instruction_exception_entry.o)
 .bss           0x00016c5c        0x0 c:/Users/thiag/Downloads/CoLendaFPGA/CoLendaFPGA/DE0-Nano/software/sas_bsp/\libhal_bsp.a(altera_nios2_gen2_irq.o)
 .bss           0x00016c5c        0x0 c:/intelfpga_lite/23.1std/nios2eds/bin/gnu/h-x86_64-mingw32/bin/../lib/gcc/nios2-elf/12.3.1/../../../../../H-x86_64-mingw32/nios2-elf/lib/mno-hw-mul\libsmallc.a(libc_a-memcpy.o)
 *(COMMON)
                0x00016c5c                        . = ALIGN (0x4)
                0x00016c5c                        __bss_end = ABSOLUTE (.)

.onchip_memory2_0
                0x00016c5c        0x0
                [!provide]                        PROVIDE (_alt_partition_onchip_memory2_0_start = ABSOLUTE (.))
 *(.onchip_memory2_0 .onchip_memory2_0. onchip_memory2_0.*)
                0x00016c5c                        . = ALIGN (0x4)
                [!provide]                        PROVIDE (_alt_partition_onchip_memory2_0_end = ABSOLUTE (.))
                0x00016c5c                        _end = ABSOLUTE (.)
                0x00016c5c                        end = ABSOLUTE (.)
                0x00016c5c                        __alt_stack_base = ABSOLUTE (.)
                [!provide]                        PROVIDE (_alt_partition_onchip_memory2_0_load_addr = LOADADDR (.onchip_memory2_0))

.stab
 *(.stab)

.stabstr
 *(.stabstr)

.stab.excl
 *(.stab.excl)

.stab.exclstr
 *(.stab.exclstr)

.stab.index
 *(.stab.index)

.stab.indexstr
 *(.stab.indexstr)

.comment        0x00000000       0x2d
 *(.comment)
 .comment       0x00000000       0x2d obj/default/lib_JOYSTICK/joystick_io.o
                                 0x2e (size before relaxing)
 .comment       0x0000002d       0x2e obj/default/lib_graphic_processor/graphic_processor.o
 .comment       0x0000002d       0x2e obj/default/new_asteroids_game.o
 .comment       0x0000002d       0x2e c:/Users/thiag/Downloads/CoLendaFPGA/CoLendaFPGA/DE0-Nano/software/sas_bsp/\libhal_bsp.a(alt_iic.o)
 .comment       0x0000002d       0x2e c:/Users/thiag/Downloads/CoLendaFPGA/CoLendaFPGA/DE0-Nano/software/sas_bsp/\libhal_bsp.a(alt_iic_isr_register.o)
 .comment       0x0000002d       0x2e c:/Users/thiag/Downloads/CoLendaFPGA/CoLendaFPGA/DE0-Nano/software/sas_bsp/\libhal_bsp.a(alt_irq_handler.o)
 .comment       0x0000002d       0x2e c:/Users/thiag/Downloads/CoLendaFPGA/CoLendaFPGA/DE0-Nano/software/sas_bsp/\libhal_bsp.a(alt_irq_vars.o)
 .comment       0x0000002d       0x2e c:/Users/thiag/Downloads/CoLendaFPGA/CoLendaFPGA/DE0-Nano/software/sas_bsp/\libhal_bsp.a(alt_load.o)
 .comment       0x0000002d       0x2e c:/Users/thiag/Downloads/CoLendaFPGA/CoLendaFPGA/DE0-Nano/software/sas_bsp/\libhal_bsp.a(alt_main.o)
 .comment       0x0000002d       0x2e c:/Users/thiag/Downloads/CoLendaFPGA/CoLendaFPGA/DE0-Nano/software/sas_bsp/\libhal_bsp.a(alt_sys_init.o)
 .comment       0x0000002d       0x2e c:/Users/thiag/Downloads/CoLendaFPGA/CoLendaFPGA/DE0-Nano/software/sas_bsp/\libhal_bsp.a(alt_dcache_flush_all.o)
 .comment       0x0000002d       0x2e c:/Users/thiag/Downloads/CoLendaFPGA/CoLendaFPGA/DE0-Nano/software/sas_bsp/\libhal_bsp.a(alt_icache_flush_all.o)
 .comment       0x0000002d       0x2e c:/Users/thiag/Downloads/CoLendaFPGA/CoLendaFPGA/DE0-Nano/software/sas_bsp/\libhal_bsp.a(alt_instruction_exception_entry.o)
 .comment       0x0000002d       0x2e c:/Users/thiag/Downloads/CoLendaFPGA/CoLendaFPGA/DE0-Nano/software/sas_bsp/\libhal_bsp.a(altera_nios2_gen2_irq.o)
 .comment       0x0000002d       0x2e c:/intelfpga_lite/23.1std/nios2eds/bin/gnu/h-x86_64-mingw32/bin/../lib/gcc/nios2-elf/12.3.1/../../../../../H-x86_64-mingw32/nios2-elf/lib/mno-hw-mul\libsmallc.a(libc_a-memcpy.o)

.debug
 *(.debug)

.line
 *(.line)

.debug_srcinfo
 *(.debug_srcinfo)

.debug_sfnames
 *(.debug_sfnames)

.debug_aranges  0x00000000      0x268
 *(.debug_aranges)
 .debug_aranges
                0x00000000       0x28 c:/Users/thiag/Downloads/CoLendaFPGA/CoLendaFPGA/DE0-Nano/software/sas_bsp//obj/HAL/src/crt0.o
 .debug_aranges
                0x00000028       0x20 obj/default/lib_JOYSTICK/joystick_io.o
 .debug_aranges
                0x00000048       0x20 obj/default/lib_graphic_processor/graphic_processor.o
 .debug_aranges
                0x00000068       0x20 obj/default/new_asteroids_game.o
 .debug_aranges
                0x00000088       0x20 c:/Users/thiag/Downloads/CoLendaFPGA/CoLendaFPGA/DE0-Nano/software/sas_bsp/\libhal_bsp.a(alt_iic.o)
 .debug_aranges
                0x000000a8       0x20 c:/Users/thiag/Downloads/CoLendaFPGA/CoLendaFPGA/DE0-Nano/software/sas_bsp/\libhal_bsp.a(alt_iic_isr_register.o)
 .debug_aranges
                0x000000c8       0x30 c:/Users/thiag/Downloads/CoLendaFPGA/CoLendaFPGA/DE0-Nano/software/sas_bsp/\libhal_bsp.a(alt_irq_entry.o)
 .debug_aranges
                0x000000f8       0x20 c:/Users/thiag/Downloads/CoLendaFPGA/CoLendaFPGA/DE0-Nano/software/sas_bsp/\libhal_bsp.a(alt_irq_handler.o)
 .debug_aranges
                0x00000118       0x18 c:/Users/thiag/Downloads/CoLendaFPGA/CoLendaFPGA/DE0-Nano/software/sas_bsp/\libhal_bsp.a(alt_irq_vars.o)
 .debug_aranges
                0x00000130       0x20 c:/Users/thiag/Downloads/CoLendaFPGA/CoLendaFPGA/DE0-Nano/software/sas_bsp/\libhal_bsp.a(alt_load.o)
 .debug_aranges
                0x00000150       0x20 c:/Users/thiag/Downloads/CoLendaFPGA/CoLendaFPGA/DE0-Nano/software/sas_bsp/\libhal_bsp.a(alt_main.o)
 .debug_aranges
                0x00000170       0x20 c:/Users/thiag/Downloads/CoLendaFPGA/CoLendaFPGA/DE0-Nano/software/sas_bsp/\libhal_bsp.a(alt_sys_init.o)
 .debug_aranges
                0x00000190       0x20 c:/Users/thiag/Downloads/CoLendaFPGA/CoLendaFPGA/DE0-Nano/software/sas_bsp/\libhal_bsp.a(alt_dcache_flush_all.o)
 .debug_aranges
                0x000001b0       0x30 c:/Users/thiag/Downloads/CoLendaFPGA/CoLendaFPGA/DE0-Nano/software/sas_bsp/\libhal_bsp.a(alt_exception_entry.o)
 .debug_aranges
                0x000001e0       0x20 c:/Users/thiag/Downloads/CoLendaFPGA/CoLendaFPGA/DE0-Nano/software/sas_bsp/\libhal_bsp.a(alt_icache_flush_all.o)
 .debug_aranges
                0x00000200       0x28 c:/Users/thiag/Downloads/CoLendaFPGA/CoLendaFPGA/DE0-Nano/software/sas_bsp/\libhal_bsp.a(alt_instruction_exception_entry.o)
 .debug_aranges
                0x00000228       0x20 c:/Users/thiag/Downloads/CoLendaFPGA/CoLendaFPGA/DE0-Nano/software/sas_bsp/\libhal_bsp.a(altera_nios2_gen2_irq.o)
 .debug_aranges
                0x00000248       0x20 c:/intelfpga_lite/23.1std/nios2eds/bin/gnu/h-x86_64-mingw32/bin/../lib/gcc/nios2-elf/12.3.1/../../../../../H-x86_64-mingw32/nios2-elf/lib/mno-hw-mul\libsmallc.a(libc_a-memcpy.o)

.debug_pubnames
 *(.debug_pubnames)

.debug_info     0x00000000     0x210f
 *(.debug_info .gnu.linkonce.wi.*)
 .debug_info    0x00000000       0x3f c:/Users/thiag/Downloads/CoLendaFPGA/CoLendaFPGA/DE0-Nano/software/sas_bsp//obj/HAL/src/crt0.o
 .debug_info    0x0000003f      0x734 obj/default/lib_JOYSTICK/joystick_io.o
 .debug_info    0x00000773      0x5c9 obj/default/lib_graphic_processor/graphic_processor.o
 .debug_info    0x00000d3c      0x1ad obj/default/new_asteroids_game.o
 .debug_info    0x00000ee9      0x3d8 c:/Users/thiag/Downloads/CoLendaFPGA/CoLendaFPGA/DE0-Nano/software/sas_bsp/\libhal_bsp.a(alt_iic.o)
 .debug_info    0x000012c1      0x27f c:/Users/thiag/Downloads/CoLendaFPGA/CoLendaFPGA/DE0-Nano/software/sas_bsp/\libhal_bsp.a(alt_iic_isr_register.o)
 .debug_info    0x00001540       0x22 c:/Users/thiag/Downloads/CoLendaFPGA/CoLendaFPGA/DE0-Nano/software/sas_bsp/\libhal_bsp.a(alt_irq_entry.o)
 .debug_info    0x00001562      0x195 c:/Users/thiag/Downloads/CoLendaFPGA/CoLendaFPGA/DE0-Nano/software/sas_bsp/\libhal_bsp.a(alt_irq_handler.o)
 .debug_info    0x000016f7       0x88 c:/Users/thiag/Downloads/CoLendaFPGA/CoLendaFPGA/DE0-Nano/software/sas_bsp/\libhal_bsp.a(alt_irq_vars.o)
 .debug_info    0x0000177f      0x239 c:/Users/thiag/Downloads/CoLendaFPGA/CoLendaFPGA/DE0-Nano/software/sas_bsp/\libhal_bsp.a(alt_load.o)
 .debug_info    0x000019b8      0x13e c:/Users/thiag/Downloads/CoLendaFPGA/CoLendaFPGA/DE0-Nano/software/sas_bsp/\libhal_bsp.a(alt_main.o)
 .debug_info    0x00001af6      0x127 c:/Users/thiag/Downloads/CoLendaFPGA/CoLendaFPGA/DE0-Nano/software/sas_bsp/\libhal_bsp.a(alt_sys_init.o)
 .debug_info    0x00001c1d       0x8d c:/Users/thiag/Downloads/CoLendaFPGA/CoLendaFPGA/DE0-Nano/software/sas_bsp/\libhal_bsp.a(alt_dcache_flush_all.o)
 .debug_info    0x00001caa       0x22 c:/Users/thiag/Downloads/CoLendaFPGA/CoLendaFPGA/DE0-Nano/software/sas_bsp/\libhal_bsp.a(alt_exception_entry.o)
 .debug_info    0x00001ccc       0x8d c:/Users/thiag/Downloads/CoLendaFPGA/CoLendaFPGA/DE0-Nano/software/sas_bsp/\libhal_bsp.a(alt_icache_flush_all.o)
 .debug_info    0x00001d59      0x208 c:/Users/thiag/Downloads/CoLendaFPGA/CoLendaFPGA/DE0-Nano/software/sas_bsp/\libhal_bsp.a(alt_instruction_exception_entry.o)
 .debug_info    0x00001f61       0x8d c:/Users/thiag/Downloads/CoLendaFPGA/CoLendaFPGA/DE0-Nano/software/sas_bsp/\libhal_bsp.a(altera_nios2_gen2_irq.o)
 .debug_info    0x00001fee      0x121 c:/intelfpga_lite/23.1std/nios2eds/bin/gnu/h-x86_64-mingw32/bin/../lib/gcc/nios2-elf/12.3.1/../../../../../H-x86_64-mingw32/nios2-elf/lib/mno-hw-mul\libsmallc.a(libc_a-memcpy.o)

.debug_abbrev   0x00000000     0x1093
 *(.debug_abbrev)
 .debug_abbrev  0x00000000       0x1f c:/Users/thiag/Downloads/CoLendaFPGA/CoLendaFPGA/DE0-Nano/software/sas_bsp//obj/HAL/src/crt0.o
 .debug_abbrev  0x0000001f      0x253 obj/default/lib_JOYSTICK/joystick_io.o
 .debug_abbrev  0x00000272      0x1fc obj/default/lib_graphic_processor/graphic_processor.o
 .debug_abbrev  0x0000046e      0x103 obj/default/new_asteroids_game.o
 .debug_abbrev  0x00000571      0x1dd c:/Users/thiag/Downloads/CoLendaFPGA/CoLendaFPGA/DE0-Nano/software/sas_bsp/\libhal_bsp.a(alt_iic.o)
 .debug_abbrev  0x0000074e      0x1d9 c:/Users/thiag/Downloads/CoLendaFPGA/CoLendaFPGA/DE0-Nano/software/sas_bsp/\libhal_bsp.a(alt_iic_isr_register.o)
 .debug_abbrev  0x00000927       0x12 c:/Users/thiag/Downloads/CoLendaFPGA/CoLendaFPGA/DE0-Nano/software/sas_bsp/\libhal_bsp.a(alt_irq_entry.o)
 .debug_abbrev  0x00000939      0x147 c:/Users/thiag/Downloads/CoLendaFPGA/CoLendaFPGA/DE0-Nano/software/sas_bsp/\libhal_bsp.a(alt_irq_handler.o)
 .debug_abbrev  0x00000a80       0x46 c:/Users/thiag/Downloads/CoLendaFPGA/CoLendaFPGA/DE0-Nano/software/sas_bsp/\libhal_bsp.a(alt_irq_vars.o)
 .debug_abbrev  0x00000ac6      0x12c c:/Users/thiag/Downloads/CoLendaFPGA/CoLendaFPGA/DE0-Nano/software/sas_bsp/\libhal_bsp.a(alt_load.o)
 .debug_abbrev  0x00000bf2       0xeb c:/Users/thiag/Downloads/CoLendaFPGA/CoLendaFPGA/DE0-Nano/software/sas_bsp/\libhal_bsp.a(alt_main.o)
 .debug_abbrev  0x00000cdd      0x107 c:/Users/thiag/Downloads/CoLendaFPGA/CoLendaFPGA/DE0-Nano/software/sas_bsp/\libhal_bsp.a(alt_sys_init.o)
 .debug_abbrev  0x00000de4       0x43 c:/Users/thiag/Downloads/CoLendaFPGA/CoLendaFPGA/DE0-Nano/software/sas_bsp/\libhal_bsp.a(alt_dcache_flush_all.o)
 .debug_abbrev  0x00000e27       0x12 c:/Users/thiag/Downloads/CoLendaFPGA/CoLendaFPGA/DE0-Nano/software/sas_bsp/\libhal_bsp.a(alt_exception_entry.o)
 .debug_abbrev  0x00000e39       0x43 c:/Users/thiag/Downloads/CoLendaFPGA/CoLendaFPGA/DE0-Nano/software/sas_bsp/\libhal_bsp.a(alt_icache_flush_all.o)
 .debug_abbrev  0x00000e7c      0x113 c:/Users/thiag/Downloads/CoLendaFPGA/CoLendaFPGA/DE0-Nano/software/sas_bsp/\libhal_bsp.a(alt_instruction_exception_entry.o)
 .debug_abbrev  0x00000f8f       0x43 c:/Users/thiag/Downloads/CoLendaFPGA/CoLendaFPGA/DE0-Nano/software/sas_bsp/\libhal_bsp.a(altera_nios2_gen2_irq.o)
 .debug_abbrev  0x00000fd2       0xc1 c:/intelfpga_lite/23.1std/nios2eds/bin/gnu/h-x86_64-mingw32/bin/../lib/gcc/nios2-elf/12.3.1/../../../../../H-x86_64-mingw32/nios2-elf/lib/mno-hw-mul\libsmallc.a(libc_a-memcpy.o)

.debug_line     0x00000000     0x110c
 *(.debug_line)
 .debug_line    0x00000000       0x66 c:/Users/thiag/Downloads/CoLendaFPGA/CoLendaFPGA/DE0-Nano/software/sas_bsp//obj/HAL/src/crt0.o
 .debug_line    0x00000066      0x33f obj/default/lib_JOYSTICK/joystick_io.o
 .debug_line    0x000003a5      0x3a4 obj/default/lib_graphic_processor/graphic_processor.o
 .debug_line    0x00000749       0xe8 obj/default/new_asteroids_game.o
 .debug_line    0x00000831      0x152 c:/Users/thiag/Downloads/CoLendaFPGA/CoLendaFPGA/DE0-Nano/software/sas_bsp/\libhal_bsp.a(alt_iic.o)
 .debug_line    0x00000983      0x115 c:/Users/thiag/Downloads/CoLendaFPGA/CoLendaFPGA/DE0-Nano/software/sas_bsp/\libhal_bsp.a(alt_iic_isr_register.o)
 .debug_line    0x00000a98       0x6b c:/Users/thiag/Downloads/CoLendaFPGA/CoLendaFPGA/DE0-Nano/software/sas_bsp/\libhal_bsp.a(alt_irq_entry.o)
 .debug_line    0x00000b03       0xf9 c:/Users/thiag/Downloads/CoLendaFPGA/CoLendaFPGA/DE0-Nano/software/sas_bsp/\libhal_bsp.a(alt_irq_handler.o)
 .debug_line    0x00000bfc       0x43 c:/Users/thiag/Downloads/CoLendaFPGA/CoLendaFPGA/DE0-Nano/software/sas_bsp/\libhal_bsp.a(alt_irq_vars.o)
 .debug_line    0x00000c3f       0xd2 c:/Users/thiag/Downloads/CoLendaFPGA/CoLendaFPGA/DE0-Nano/software/sas_bsp/\libhal_bsp.a(alt_load.o)
 .debug_line    0x00000d11       0xa2 c:/Users/thiag/Downloads/CoLendaFPGA/CoLendaFPGA/DE0-Nano/software/sas_bsp/\libhal_bsp.a(alt_main.o)
 .debug_line    0x00000db3       0x92 c:/Users/thiag/Downloads/CoLendaFPGA/CoLendaFPGA/DE0-Nano/software/sas_bsp/\libhal_bsp.a(alt_sys_init.o)
 .debug_line    0x00000e45       0x4e c:/Users/thiag/Downloads/CoLendaFPGA/CoLendaFPGA/DE0-Nano/software/sas_bsp/\libhal_bsp.a(alt_dcache_flush_all.o)
 .debug_line    0x00000e93       0x9d c:/Users/thiag/Downloads/CoLendaFPGA/CoLendaFPGA/DE0-Nano/software/sas_bsp/\libhal_bsp.a(alt_exception_entry.o)
 .debug_line    0x00000f30       0x4c c:/Users/thiag/Downloads/CoLendaFPGA/CoLendaFPGA/DE0-Nano/software/sas_bsp/\libhal_bsp.a(alt_icache_flush_all.o)
 .debug_line    0x00000f7c       0xb0 c:/Users/thiag/Downloads/CoLendaFPGA/CoLendaFPGA/DE0-Nano/software/sas_bsp/\libhal_bsp.a(alt_instruction_exception_entry.o)
 .debug_line    0x0000102c       0x54 c:/Users/thiag/Downloads/CoLendaFPGA/CoLendaFPGA/DE0-Nano/software/sas_bsp/\libhal_bsp.a(altera_nios2_gen2_irq.o)
 .debug_line    0x00001080       0x8c c:/intelfpga_lite/23.1std/nios2eds/bin/gnu/h-x86_64-mingw32/bin/../lib/gcc/nios2-elf/12.3.1/../../../../../H-x86_64-mingw32/nios2-elf/lib/mno-hw-mul\libsmallc.a(libc_a-memcpy.o)

.debug_frame    0x00000000      0x3ac
 *(.debug_frame)
 .debug_frame   0x00000000       0xfc obj/default/lib_JOYSTICK/joystick_io.o
 .debug_frame   0x000000fc       0x70 obj/default/lib_graphic_processor/graphic_processor.o
 .debug_frame   0x0000016c       0x40 obj/default/new_asteroids_game.o
 .debug_frame   0x000001ac       0x50 c:/Users/thiag/Downloads/CoLendaFPGA/CoLendaFPGA/DE0-Nano/software/sas_bsp/\libhal_bsp.a(alt_iic.o)
 .debug_frame   0x000001fc       0x38 c:/Users/thiag/Downloads/CoLendaFPGA/CoLendaFPGA/DE0-Nano/software/sas_bsp/\libhal_bsp.a(alt_iic_isr_register.o)
 .debug_frame   0x00000234       0x34 c:/Users/thiag/Downloads/CoLendaFPGA/CoLendaFPGA/DE0-Nano/software/sas_bsp/\libhal_bsp.a(alt_irq_handler.o)
 .debug_frame   0x00000268       0x2c c:/Users/thiag/Downloads/CoLendaFPGA/CoLendaFPGA/DE0-Nano/software/sas_bsp/\libhal_bsp.a(alt_load.o)
 .debug_frame   0x00000294       0x2c c:/Users/thiag/Downloads/CoLendaFPGA/CoLendaFPGA/DE0-Nano/software/sas_bsp/\libhal_bsp.a(alt_main.o)
 .debug_frame   0x000002c0       0x3c c:/Users/thiag/Downloads/CoLendaFPGA/CoLendaFPGA/DE0-Nano/software/sas_bsp/\libhal_bsp.a(alt_sys_init.o)
 .debug_frame   0x000002fc       0x20 c:/Users/thiag/Downloads/CoLendaFPGA/CoLendaFPGA/DE0-Nano/software/sas_bsp/\libhal_bsp.a(alt_dcache_flush_all.o)
 .debug_frame   0x0000031c       0x20 c:/Users/thiag/Downloads/CoLendaFPGA/CoLendaFPGA/DE0-Nano/software/sas_bsp/\libhal_bsp.a(alt_icache_flush_all.o)
 .debug_frame   0x0000033c       0x30 c:/Users/thiag/Downloads/CoLendaFPGA/CoLendaFPGA/DE0-Nano/software/sas_bsp/\libhal_bsp.a(alt_instruction_exception_entry.o)
 .debug_frame   0x0000036c       0x20 c:/Users/thiag/Downloads/CoLendaFPGA/CoLendaFPGA/DE0-Nano/software/sas_bsp/\libhal_bsp.a(altera_nios2_gen2_irq.o)
 .debug_frame   0x0000038c       0x20 c:/intelfpga_lite/23.1std/nios2eds/bin/gnu/h-x86_64-mingw32/bin/../lib/gcc/nios2-elf/12.3.1/../../../../../H-x86_64-mingw32/nios2-elf/lib/mno-hw-mul\libsmallc.a(libc_a-memcpy.o)

.debug_str      0x00000000      0xbe4
 *(.debug_str)
 .debug_str     0x00000000       0x71 c:/Users/thiag/Downloads/CoLendaFPGA/CoLendaFPGA/DE0-Nano/software/sas_bsp//obj/HAL/src/crt0.o
                                 0x78 (size before relaxing)
 .debug_str     0x00000071      0x1ff obj/default/lib_JOYSTICK/joystick_io.o
                                0x254 (size before relaxing)
 .debug_str     0x00000270      0x141 obj/default/lib_graphic_processor/graphic_processor.o
                                0x22a (size before relaxing)
 .debug_str     0x000003b1       0x17 obj/default/new_asteroids_game.o
                                0x137 (size before relaxing)
 .debug_str     0x000003c8       0xd1 c:/Users/thiag/Downloads/CoLendaFPGA/CoLendaFPGA/DE0-Nano/software/sas_bsp/\libhal_bsp.a(alt_iic.o)
                                0x1f6 (size before relaxing)
 .debug_str     0x00000499       0x18 c:/Users/thiag/Downloads/CoLendaFPGA/CoLendaFPGA/DE0-Nano/software/sas_bsp/\libhal_bsp.a(alt_iic_isr_register.o)
                                0x1b5 (size before relaxing)
 .debug_str     0x000004b1       0x18 c:/Users/thiag/Downloads/CoLendaFPGA/CoLendaFPGA/DE0-Nano/software/sas_bsp/\libhal_bsp.a(alt_irq_entry.o)
                                 0x72 (size before relaxing)
 .debug_str     0x000004c9       0x20 c:/Users/thiag/Downloads/CoLendaFPGA/CoLendaFPGA/DE0-Nano/software/sas_bsp/\libhal_bsp.a(alt_irq_handler.o)
                                0x144 (size before relaxing)
 .debug_str     0x000004e9       0x12 c:/Users/thiag/Downloads/CoLendaFPGA/CoLendaFPGA/DE0-Nano/software/sas_bsp/\libhal_bsp.a(alt_irq_vars.o)
                                 0xf3 (size before relaxing)
 .debug_str     0x000004fb      0x111 c:/Users/thiag/Downloads/CoLendaFPGA/CoLendaFPGA/DE0-Nano/software/sas_bsp/\libhal_bsp.a(alt_load.o)
                                0x208 (size before relaxing)
 .debug_str     0x0000060c       0x4b c:/Users/thiag/Downloads/CoLendaFPGA/CoLendaFPGA/DE0-Nano/software/sas_bsp/\libhal_bsp.a(alt_main.o)
                                0x138 (size before relaxing)
 .debug_str     0x00000657       0x88 c:/Users/thiag/Downloads/CoLendaFPGA/CoLendaFPGA/DE0-Nano/software/sas_bsp/\libhal_bsp.a(alt_sys_init.o)
                                0x18a (size before relaxing)
 .debug_str     0x000006df       0xfd c:/Users/thiag/Downloads/CoLendaFPGA/CoLendaFPGA/DE0-Nano/software/sas_bsp/\libhal_bsp.a(alt_dcache_flush_all.o)
 .debug_str     0x000006df       0x1e c:/Users/thiag/Downloads/CoLendaFPGA/CoLendaFPGA/DE0-Nano/software/sas_bsp/\libhal_bsp.a(alt_exception_entry.o)
                                 0x78 (size before relaxing)
 .debug_str     0x000006fd       0xfd c:/Users/thiag/Downloads/CoLendaFPGA/CoLendaFPGA/DE0-Nano/software/sas_bsp/\libhal_bsp.a(alt_icache_flush_all.o)
 .debug_str     0x000006fd      0x461 c:/Users/thiag/Downloads/CoLendaFPGA/CoLendaFPGA/DE0-Nano/software/sas_bsp/\libhal_bsp.a(alt_instruction_exception_entry.o)
                                0x546 (size before relaxing)
 .debug_str     0x00000b5e      0x103 c:/Users/thiag/Downloads/CoLendaFPGA/CoLendaFPGA/DE0-Nano/software/sas_bsp/\libhal_bsp.a(altera_nios2_gen2_irq.o)
 .debug_str     0x00000b5e       0x86 c:/intelfpga_lite/23.1std/nios2eds/bin/gnu/h-x86_64-mingw32/bin/../lib/gcc/nios2-elf/12.3.1/../../../../../H-x86_64-mingw32/nios2-elf/lib/mno-hw-mul\libsmallc.a(libc_a-memcpy.o)
                                0x122 (size before relaxing)

.debug_loc
 *(.debug_loc)

.debug_macinfo
 *(.debug_macinfo)

.debug_weaknames
 *(.debug_weaknames)

.debug_funcnames
 *(.debug_funcnames)

.debug_typenames
 *(.debug_typenames)

.debug_varnames
 *(.debug_varnames)

.debug_alt_sim_info
                0x00000000       0x10
 *(.debug_alt_sim_info)
 .debug_alt_sim_info
                0x00000000       0x10 c:/Users/thiag/Downloads/CoLendaFPGA/CoLendaFPGA/DE0-Nano/software/sas_bsp//obj/HAL/src/crt0.o
                0x0000f530                        __alt_data_end = 0xf530
                0x0000f530                        PROVIDE (__alt_stack_pointer = __alt_data_end)
                [!provide]                        PROVIDE (__alt_stack_limit = __alt_stack_base)
                [!provide]                        PROVIDE (__alt_heap_start = end)
                [!provide]                        PROVIDE (__alt_heap_limit = 0xf530)
OUTPUT(sas.elf elf32-littlenios2)
LOAD linker stubs

.debug_ranges   0x00000000       0x70
 .debug_ranges  0x00000000       0x20 c:/Users/thiag/Downloads/CoLendaFPGA/CoLendaFPGA/DE0-Nano/software/sas_bsp//obj/HAL/src/crt0.o
 .debug_ranges  0x00000020       0x28 c:/Users/thiag/Downloads/CoLendaFPGA/CoLendaFPGA/DE0-Nano/software/sas_bsp/\libhal_bsp.a(alt_irq_entry.o)
 .debug_ranges  0x00000048       0x28 c:/Users/thiag/Downloads/CoLendaFPGA/CoLendaFPGA/DE0-Nano/software/sas_bsp/\libhal_bsp.a(alt_exception_entry.o)

.debug_loclists
                0x00000000      0xca0
 .debug_loclists
                0x00000000      0x4ac obj/default/lib_JOYSTICK/joystick_io.o
 .debug_loclists
                0x000004ac      0x3f6 obj/default/lib_graphic_processor/graphic_processor.o
 .debug_loclists
                0x000008a2       0x36 obj/default/new_asteroids_game.o
 .debug_loclists
                0x000008d8       0xf9 c:/Users/thiag/Downloads/CoLendaFPGA/CoLendaFPGA/DE0-Nano/software/sas_bsp/\libhal_bsp.a(alt_iic.o)
 .debug_loclists
                0x000009d1      0x130 c:/Users/thiag/Downloads/CoLendaFPGA/CoLendaFPGA/DE0-Nano/software/sas_bsp/\libhal_bsp.a(alt_iic_isr_register.o)
 .debug_loclists
                0x00000b01       0x6e c:/Users/thiag/Downloads/CoLendaFPGA/CoLendaFPGA/DE0-Nano/software/sas_bsp/\libhal_bsp.a(alt_irq_handler.o)
 .debug_loclists
                0x00000b6f       0x1e c:/Users/thiag/Downloads/CoLendaFPGA/CoLendaFPGA/DE0-Nano/software/sas_bsp/\libhal_bsp.a(alt_sys_init.o)
 .debug_loclists
                0x00000b8d       0x47 c:/Users/thiag/Downloads/CoLendaFPGA/CoLendaFPGA/DE0-Nano/software/sas_bsp/\libhal_bsp.a(alt_instruction_exception_entry.o)
 .debug_loclists
                0x00000bd4       0xcc c:/intelfpga_lite/23.1std/nios2eds/bin/gnu/h-x86_64-mingw32/bin/../lib/gcc/nios2-elf/12.3.1/../../../../../H-x86_64-mingw32/nios2-elf/lib/mno-hw-mul\libsmallc.a(libc_a-memcpy.o)

.debug_rnglists
                0x00000000      0x134
 .debug_rnglists
                0x00000000       0x6b obj/default/lib_JOYSTICK/joystick_io.o
 .debug_rnglists
                0x0000006b       0x1c obj/default/lib_graphic_processor/graphic_processor.o
 .debug_rnglists
                0x00000087       0x2c obj/default/new_asteroids_game.o
 .debug_rnglists
                0x000000b3       0x13 c:/Users/thiag/Downloads/CoLendaFPGA/CoLendaFPGA/DE0-Nano/software/sas_bsp/\libhal_bsp.a(alt_iic_isr_register.o)
 .debug_rnglists
                0x000000c6       0x1f c:/Users/thiag/Downloads/CoLendaFPGA/CoLendaFPGA/DE0-Nano/software/sas_bsp/\libhal_bsp.a(alt_irq_handler.o)
 .debug_rnglists
                0x000000e5       0x23 c:/Users/thiag/Downloads/CoLendaFPGA/CoLendaFPGA/DE0-Nano/software/sas_bsp/\libhal_bsp.a(alt_load.o)
 .debug_rnglists
                0x00000108       0x19 c:/Users/thiag/Downloads/CoLendaFPGA/CoLendaFPGA/DE0-Nano/software/sas_bsp/\libhal_bsp.a(alt_instruction_exception_entry.o)
 .debug_rnglists
                0x00000121       0x13 c:/intelfpga_lite/23.1std/nios2eds/bin/gnu/h-x86_64-mingw32/bin/../lib/gcc/nios2-elf/12.3.1/../../../../../H-x86_64-mingw32/nios2-elf/lib/mno-hw-mul\libsmallc.a(libc_a-memcpy.o)

.debug_line_str
                0x00000000      0x682
 .debug_line_str
                0x00000000      0x12f obj/default/lib_JOYSTICK/joystick_io.o
                                0x192 (size before relaxing)
 .debug_line_str
                0x0000012f       0x54 obj/default/lib_graphic_processor/graphic_processor.o
                                0x169 (size before relaxing)
 .debug_line_str
                0x00000183       0xd8 obj/default/new_asteroids_game.o
                                0x1ba (size before relaxing)
 .debug_line_str
                0x0000025b       0xb4 c:/Users/thiag/Downloads/CoLendaFPGA/CoLendaFPGA/DE0-Nano/software/sas_bsp/\libhal_bsp.a(alt_iic.o)
                                0x129 (size before relaxing)
 .debug_line_str
                0x0000030f       0x2f c:/Users/thiag/Downloads/CoLendaFPGA/CoLendaFPGA/DE0-Nano/software/sas_bsp/\libhal_bsp.a(alt_iic_isr_register.o)
                                0x138 (size before relaxing)
 .debug_line_str
                0x0000033e       0x1a c:/Users/thiag/Downloads/CoLendaFPGA/CoLendaFPGA/DE0-Nano/software/sas_bsp/\libhal_bsp.a(alt_irq_handler.o)
                                0x10a (size before relaxing)
 .debug_line_str
                0x00000358       0x17 c:/Users/thiag/Downloads/CoLendaFPGA/CoLendaFPGA/DE0-Nano/software/sas_bsp/\libhal_bsp.a(alt_irq_vars.o)
                                 0xe9 (size before relaxing)
 .debug_line_str
                0x0000036f       0x35 c:/Users/thiag/Downloads/CoLendaFPGA/CoLendaFPGA/DE0-Nano/software/sas_bsp/\libhal_bsp.a(alt_load.o)
                                0x10d (size before relaxing)
 .debug_line_str
                0x000003a4       0x31 c:/Users/thiag/Downloads/CoLendaFPGA/CoLendaFPGA/DE0-Nano/software/sas_bsp/\libhal_bsp.a(alt_main.o)
                                0x10c (size before relaxing)
 .debug_line_str
                0x000003d5       0x4f c:/Users/thiag/Downloads/CoLendaFPGA/CoLendaFPGA/DE0-Nano/software/sas_bsp/\libhal_bsp.a(alt_sys_init.o)
                                0x125 (size before relaxing)
 .debug_line_str
                0x00000424       0x1f c:/Users/thiag/Downloads/CoLendaFPGA/CoLendaFPGA/DE0-Nano/software/sas_bsp/\libhal_bsp.a(alt_dcache_flush_all.o)
                                 0xeb (size before relaxing)
 .debug_line_str
                0x00000443       0x1f c:/Users/thiag/Downloads/CoLendaFPGA/CoLendaFPGA/DE0-Nano/software/sas_bsp/\libhal_bsp.a(alt_icache_flush_all.o)
                                 0xeb (size before relaxing)
 .debug_line_str
                0x00000462       0x3b c:/Users/thiag/Downloads/CoLendaFPGA/CoLendaFPGA/DE0-Nano/software/sas_bsp/\libhal_bsp.a(alt_instruction_exception_entry.o)
                                0x141 (size before relaxing)
 .debug_line_str
                0x0000049d       0x20 c:/Users/thiag/Downloads/CoLendaFPGA/CoLendaFPGA/DE0-Nano/software/sas_bsp/\libhal_bsp.a(altera_nios2_gen2_irq.o)
                                 0xee (size before relaxing)
 .debug_line_str
                0x000004bd      0x1c5 c:/intelfpga_lite/23.1std/nios2eds/bin/gnu/h-x86_64-mingw32/bin/../lib/gcc/nios2-elf/12.3.1/../../../../../H-x86_64-mingw32/nios2-elf/lib/mno-hw-mul\libsmallc.a(libc_a-memcpy.o)
                                0x259 (size before relaxing)
