Archive member included to satisfy reference by file (symbol)

c:/intelfpga_lite/23.1std/nios2eds/bin/gnu/h-x86_64-mingw32/bin/../lib/gcc/nios2-elf/12.3.1/../../../../../H-x86_64-mingw32/nios2-elf/lib/mno-hw-mul\libsmallc.a(libc_a-puts.o)
                              obj/default/KEY.o (puts)
c:/intelfpga_lite/23.1std/nios2eds/bin/gnu/h-x86_64-mingw32/bin/../lib/gcc/nios2-elf/12.3.1/../../../../../H-x86_64-mingw32/nios2-elf/lib/mno-hw-mul\libsmallc.a(libc_a-strlen.o)
                              c:/intelfpga_lite/23.1std/nios2eds/bin/gnu/h-x86_64-mingw32/bin/../lib/gcc/nios2-elf/12.3.1/../../../../../H-x86_64-mingw32/nios2-elf/lib/mno-hw-mul\libsmallc.a(libc_a-puts.o) (strlen)
c:/intelfpga_lite/23.1std/nios2eds/bin/gnu/h-x86_64-mingw32/bin/../lib/gcc/nios2-elf/12.3.1/../../../../../H-x86_64-mingw32/nios2-elf/lib/mno-hw-mul\libsmallc.a(libc_a-impure.o)
                              c:/intelfpga_lite/23.1std/nios2eds/bin/gnu/h-x86_64-mingw32/bin/../lib/gcc/nios2-elf/12.3.1/../../../../../H-x86_64-mingw32/nios2-elf/lib/mno-hw-mul\libsmallc.a(libc_a-puts.o) (_impure_ptr)
c:/intelfpga_lite/23.1std/nios2eds/bin/gnu/h-x86_64-mingw32/bin/../lib/gcc/nios2-elf/12.3.1/../../../../../H-x86_64-mingw32/nios2-elf/lib/mno-hw-mul\libsmallc.a(libc_a-fvwrite_small_dev.o)
                              c:/intelfpga_lite/23.1std/nios2eds/bin/gnu/h-x86_64-mingw32/bin/../lib/gcc/nios2-elf/12.3.1/../../../../../H-x86_64-mingw32/nios2-elf/lib/mno-hw-mul\libsmallc.a(libc_a-puts.o) (__sfvwrite_small_dev)
c:/intelfpga_lite/23.1std/nios2eds/bin/gnu/h-x86_64-mingw32/bin/../lib/gcc/nios2-elf/12.3.1/../../../../../H-x86_64-mingw32/nios2-elf/lib/mno-hw-mul\libsmallc.a(libc_a-writer.o)
                              c:/intelfpga_lite/23.1std/nios2eds/bin/gnu/h-x86_64-mingw32/bin/../lib/gcc/nios2-elf/12.3.1/../../../../../H-x86_64-mingw32/nios2-elf/lib/mno-hw-mul\libsmallc.a(libc_a-fvwrite_small_dev.o) (_write_r)
c:/intelfpga_lite/23.1std/nios2eds/bin/gnu/h-x86_64-mingw32/bin/../lib/gcc/nios2-elf/12.3.1/../../../../../H-x86_64-mingw32/nios2-elf/lib/mno-hw-mul\libsmallc.a(libc_a-int_errno.o)
                              c:/intelfpga_lite/23.1std/nios2eds/bin/gnu/h-x86_64-mingw32/bin/../lib/gcc/nios2-elf/12.3.1/../../../../../H-x86_64-mingw32/nios2-elf/lib/mno-hw-mul\libsmallc.a(libc_a-writer.o) (errno)
c:/Users/thiag/Documents/New_Ic/software/as_bsp/\libhal_bsp.a(alt_iic.o)
                              obj/default/KEY.o (alt_ic_isr_register)
c:/Users/thiag/Documents/New_Ic/software/as_bsp/\libhal_bsp.a(alt_iic_isr_register.o)
                              c:/Users/thiag/Documents/New_Ic/software/as_bsp/\libhal_bsp.a(alt_iic.o) (alt_iic_isr_register)
c:/Users/thiag/Documents/New_Ic/software/as_bsp/\libhal_bsp.a(alt_irq_entry.o)
                              c:/Users/thiag/Documents/New_Ic/software/as_bsp/\libhal_bsp.a(alt_iic_isr_register.o) (alt_irq_entry)
c:/Users/thiag/Documents/New_Ic/software/as_bsp/\libhal_bsp.a(alt_irq_handler.o)
                              c:/Users/thiag/Documents/New_Ic/software/as_bsp/\libhal_bsp.a(alt_iic_isr_register.o) (alt_irq_handler)
c:/Users/thiag/Documents/New_Ic/software/as_bsp/\libhal_bsp.a(alt_irq_vars.o)
                              c:/Users/thiag/Documents/New_Ic/software/as_bsp/\libhal_bsp.a(alt_iic.o) (alt_irq_active)
c:/Users/thiag/Documents/New_Ic/software/as_bsp/\libhal_bsp.a(alt_load.o)
                              c:/Users/thiag/Documents/New_Ic/software/as_bsp//obj/HAL/src/crt0.o (alt_load)
c:/Users/thiag/Documents/New_Ic/software/as_bsp/\libhal_bsp.a(alt_main.o)
                              c:/Users/thiag/Documents/New_Ic/software/as_bsp//obj/HAL/src/crt0.o (alt_main)
c:/Users/thiag/Documents/New_Ic/software/as_bsp/\libhal_bsp.a(alt_usleep.o)
                              obj/default/KEY.o (usleep)
c:/Users/thiag/Documents/New_Ic/software/as_bsp/\libhal_bsp.a(alt_write.o)
                              c:/intelfpga_lite/23.1std/nios2eds/bin/gnu/h-x86_64-mingw32/bin/../lib/gcc/nios2-elf/12.3.1/../../../../../H-x86_64-mingw32/nios2-elf/lib/mno-hw-mul\libsmallc.a(libc_a-writer.o) (write)
c:/Users/thiag/Documents/New_Ic/software/as_bsp/\libhal_bsp.a(alt_sys_init.o)
                              c:/Users/thiag/Documents/New_Ic/software/as_bsp/\libhal_bsp.a(alt_main.o) (alt_irq_init)
c:/Users/thiag/Documents/New_Ic/software/as_bsp/\libhal_bsp.a(altera_avalon_jtag_uart_write.o)
                              c:/Users/thiag/Documents/New_Ic/software/as_bsp/\libhal_bsp.a(alt_write.o) (altera_avalon_jtag_uart_write)
c:/Users/thiag/Documents/New_Ic/software/as_bsp/\libhal_bsp.a(alt_busy_sleep.o)
                              c:/Users/thiag/Documents/New_Ic/software/as_bsp/\libhal_bsp.a(alt_usleep.o) (alt_busy_sleep)
c:/Users/thiag/Documents/New_Ic/software/as_bsp/\libhal_bsp.a(alt_dcache_flush_all.o)
                              c:/Users/thiag/Documents/New_Ic/software/as_bsp/\libhal_bsp.a(alt_load.o) (alt_dcache_flush_all)
c:/Users/thiag/Documents/New_Ic/software/as_bsp/\libhal_bsp.a(alt_errno.o)
                              c:/Users/thiag/Documents/New_Ic/software/as_bsp/\libhal_bsp.a(alt_write.o) (alt_errno)
c:/Users/thiag/Documents/New_Ic/software/as_bsp/\libhal_bsp.a(alt_exception_entry.o)
                              c:/Users/thiag/Documents/New_Ic/software/as_bsp/\libhal_bsp.a(alt_irq_entry.o) (alt_exception)
c:/Users/thiag/Documents/New_Ic/software/as_bsp/\libhal_bsp.a(alt_icache_flush_all.o)
                              c:/Users/thiag/Documents/New_Ic/software/as_bsp/\libhal_bsp.a(alt_load.o) (alt_icache_flush_all)
c:/Users/thiag/Documents/New_Ic/software/as_bsp/\libhal_bsp.a(alt_instruction_exception_entry.o)
                              c:/Users/thiag/Documents/New_Ic/software/as_bsp/\libhal_bsp.a(alt_exception_entry.o) (alt_instruction_exception_entry)
c:/Users/thiag/Documents/New_Ic/software/as_bsp/\libhal_bsp.a(altera_nios2_gen2_irq.o)
                              c:/Users/thiag/Documents/New_Ic/software/as_bsp/\libhal_bsp.a(alt_sys_init.o) (altera_nios2_gen2_irq_init)
c:/intelfpga_lite/23.1std/nios2eds/bin/gnu/h-x86_64-mingw32/bin/../lib/gcc/nios2-elf/12.3.1/../../../../../H-x86_64-mingw32/nios2-elf/lib/mno-hw-mul\libsmallc.a(libc_a-memcpy.o)
                              c:/Users/thiag/Documents/New_Ic/software/as_bsp/\libhal_bsp.a(alt_load.o) (memcpy)
c:/intelfpga_lite/23.1std/nios2eds/bin/gnu/h-x86_64-mingw32/bin/../lib/gcc/nios2-elf/12.3.1/mno-hw-mul\libgcc.a(lib2-divmod.o)
                              c:/Users/thiag/Documents/New_Ic/software/as_bsp/\libhal_bsp.a(alt_busy_sleep.o) (__udivsi3)
c:/intelfpga_lite/23.1std/nios2eds/bin/gnu/h-x86_64-mingw32/bin/../lib/gcc/nios2-elf/12.3.1/mno-hw-mul\libgcc.a(lib2-mul.o)
                              c:/Users/thiag/Documents/New_Ic/software/as_bsp/\libhal_bsp.a(alt_busy_sleep.o) (__mulsi3)

Memory Configuration

Name             Origin             Length             Attributes
reset            0x00001000         0x00000020
onchip_memory2_0 0x00001020         0x00000fe0
*default*        0x00000000         0xffffffff

Linker script and memory map

LOAD c:/Users/thiag/Documents/New_Ic/software/as_bsp//obj/HAL/src/crt0.o
LOAD obj/default/KEY.o
LOAD obj/default/hello_world_small.o
LOAD c:/intelfpga_lite/23.1std/nios2eds/bin/gnu/h-x86_64-mingw32/bin/../lib/gcc/nios2-elf/12.3.1/../../../../../H-x86_64-mingw32/nios2-elf/lib/mno-hw-mul\libstdc++.a
LOAD c:/intelfpga_lite/23.1std/nios2eds/bin/gnu/h-x86_64-mingw32/bin/../lib/gcc/nios2-elf/12.3.1/../../../../../H-x86_64-mingw32/nios2-elf/lib/mno-hw-mul\libm.a
LOAD c:/intelfpga_lite/23.1std/nios2eds/bin/gnu/h-x86_64-mingw32/bin/../lib/gcc/nios2-elf/12.3.1/mno-hw-mul\libgcc.a
START GROUP
LOAD c:/intelfpga_lite/23.1std/nios2eds/bin/gnu/h-x86_64-mingw32/bin/../lib/gcc/nios2-elf/12.3.1/../../../../../H-x86_64-mingw32/nios2-elf/lib/mno-hw-mul\libsmallc.a
LOAD c:/intelfpga_lite/23.1std/nios2eds/bin/gnu/h-x86_64-mingw32/bin/../lib/gcc/nios2-elf/12.3.1/mno-hw-mul\libgcc.a
LOAD c:/Users/thiag/Documents/New_Ic/software/as_bsp/\libhal_bsp.a
LOAD c:/intelfpga_lite/23.1std/nios2eds/bin/gnu/h-x86_64-mingw32/bin/../lib/gcc/nios2-elf/12.3.1/../../../../../H-x86_64-mingw32/nios2-elf/lib/mno-hw-mul\libm.a
END GROUP
LOAD c:/intelfpga_lite/23.1std/nios2eds/bin/gnu/h-x86_64-mingw32/bin/../lib/gcc/nios2-elf/12.3.1/mno-hw-mul\libgcc.a
                0x00001000                        __alt_mem_onchip_memory2_0 = 0x1000

.entry          0x00001000       0x20
 *(.entry)
 .entry         0x00001000       0x20 c:/Users/thiag/Documents/New_Ic/software/as_bsp//obj/HAL/src/crt0.o
                0x00001000                __reset
                0x0000100c                _exit

.exceptions     0x00001020      0x160
                0x00001020                        PROVIDE (__ram_exceptions_start = ABSOLUTE (.))
                0x00001020                        . = ALIGN (0x20)
 *(.irq)
 *(.exceptions.entry.label)
 .exceptions.entry.label
                0x00001020        0x0 c:/Users/thiag/Documents/New_Ic/software/as_bsp/\libhal_bsp.a(alt_irq_entry.o)
                0x00001020                alt_irq_entry
 .exceptions.entry.label
                0x00001020        0x0 c:/Users/thiag/Documents/New_Ic/software/as_bsp/\libhal_bsp.a(alt_exception_entry.o)
                0x00001020                alt_exception
 *(.exceptions.entry.user)
 *(.exceptions.entry.ecc_fatal)
 *(.exceptions.entry)
 .exceptions.entry
                0x00001020       0x54 c:/Users/thiag/Documents/New_Ic/software/as_bsp/\libhal_bsp.a(alt_exception_entry.o)
 *(.exceptions.irqtest.user)
 *(.exceptions.irqtest)
 .exceptions.irqtest
                0x00001074       0x10 c:/Users/thiag/Documents/New_Ic/software/as_bsp/\libhal_bsp.a(alt_irq_entry.o)
 *(.exceptions.irqhandler.user)
 *(.exceptions.irqhandler)
 .exceptions.irqhandler
                0x00001084        0x4 c:/Users/thiag/Documents/New_Ic/software/as_bsp/\libhal_bsp.a(alt_irq_entry.o)
 *(.exceptions.irqreturn.user)
 *(.exceptions.irqreturn)
 .exceptions.irqreturn
                0x00001088        0x4 c:/Users/thiag/Documents/New_Ic/software/as_bsp/\libhal_bsp.a(alt_irq_entry.o)
 *(.exceptions.notirq.label)
 .exceptions.notirq.label
                0x0000108c        0x0 c:/Users/thiag/Documents/New_Ic/software/as_bsp/\libhal_bsp.a(alt_irq_entry.o)
 *(.exceptions.notirq.user)
 *(.exceptions.notirq)
 .exceptions.notirq
                0x0000108c        0x8 c:/Users/thiag/Documents/New_Ic/software/as_bsp/\libhal_bsp.a(alt_exception_entry.o)
 *(.exceptions.soft.user)
 *(.exceptions.soft)
 *(.exceptions.unknown.user)
 *(.exceptions.unknown)
 .exceptions.unknown
                0x00001094       0x14 c:/Users/thiag/Documents/New_Ic/software/as_bsp/\libhal_bsp.a(alt_exception_entry.o)
 *(.exceptions.exit.label)
 .exceptions.exit.label
                0x000010a8        0x0 c:/Users/thiag/Documents/New_Ic/software/as_bsp/\libhal_bsp.a(alt_irq_entry.o)
 .exceptions.exit.label
                0x000010a8        0x0 c:/Users/thiag/Documents/New_Ic/software/as_bsp/\libhal_bsp.a(alt_exception_entry.o)
 *(.exceptions.exit.user)
 *(.exceptions.exit)
 .exceptions.exit
                0x000010a8       0x54 c:/Users/thiag/Documents/New_Ic/software/as_bsp/\libhal_bsp.a(alt_exception_entry.o)
 *(.exceptions)
 .exceptions    0x000010fc       0x60 c:/Users/thiag/Documents/New_Ic/software/as_bsp/\libhal_bsp.a(alt_irq_handler.o)
                0x000010fc                alt_irq_handler
 .exceptions    0x0000115c       0x24 c:/Users/thiag/Documents/New_Ic/software/as_bsp/\libhal_bsp.a(alt_instruction_exception_entry.o)
                0x0000115c                alt_instruction_exception_entry
                0x00001180                        PROVIDE (__ram_exceptions_end = ABSOLUTE (.))
                0x00001020                        PROVIDE (__flash_exceptions_start = LOADADDR (.exceptions))

.text           0x00001180     0x13d4
                [!provide]                        PROVIDE (stext = ABSOLUTE (.))
 *(.interp)
 *(.hash)
 *(.dynsym)
 *(.dynstr)
 *(.gnu.version)
 *(.gnu.version_d)
 *(.gnu.version_r)
 *(.rel.init)
 *(.rela.init)
 *(.rel.text .rel.text.* .rel.gnu.linkonce.t.*)
 *(.rela.text .rela.text.* .rela.gnu.linkonce.t.*)
 *(.rel.fini)
 *(.rela.fini)
 *(.rel.rodata .rel.rodata.* .rel.gnu.linkonce.r.*)
 *(.rela.rodata .rela.rodata.* .rela.gnu.linkonce.r.*)
 *(.rel.data .rel.data.* .rel.gnu.linkonce.d.*)
 *(.rela.data .rela.data.* .rela.gnu.linkonce.d.*)
 *(.rel.tdata .rel.tdata.* .rel.gnu.linkonce.td.*)
 *(.rela.tdata .rela.tdata.* .rela.gnu.linkonce.td.*)
 *(.rel.tbss .rel.tbss.* .rel.gnu.linkonce.tb.*)
 *(.rela.tbss .rela.tbss.* .rela.gnu.linkonce.tb.*)
 *(.rel.ctors)
 *(.rela.ctors)
 *(.rel.dtors)
 *(.rela.dtors)
 *(.rel.got)
 *(.rela.got)
 *(.rel.sdata .rel.sdata.* .rel.gnu.linkonce.s.*)
 *(.rela.sdata .rela.sdata.* .rela.gnu.linkonce.s.*)
 *(.rel.sbss .rel.sbss.* .rel.gnu.linkonce.sb.*)
 *(.rela.sbss .rela.sbss.* .rela.gnu.linkonce.sb.*)
 *(.rel.sdata2 .rel.sdata2.* .rel.gnu.linkonce.s2.*)
 *(.rela.sdata2 .rela.sdata2.* .rela.gnu.linkonce.s2.*)
 *(.rel.sbss2 .rel.sbss2.* .rel.gnu.linkonce.sb2.*)
 *(.rela.sbss2 .rela.sbss2.* .rela.gnu.linkonce.sb2.*)
 *(.rel.bss .rel.bss.* .rel.gnu.linkonce.b.*)
 *(.rela.bss .rela.bss.* .rela.gnu.linkonce.b.*)
 *(.rel.plt)
 *(.rela.plt)
 *(.rel.dyn)
 *(.init)
 *(.plt)
 *(.text .stub .text.* .gnu.linkonce.t.*)
 .text          0x00001180       0x3c c:/Users/thiag/Documents/New_Ic/software/as_bsp//obj/HAL/src/crt0.o
                0x00001180                _start
 .text          0x000011bc      0xa78 obj/default/KEY.o
                0x000011bc                pulse_we
                0x000011ec                we_DEC
                0x00001238                we_CTL
                0x00001284                we_MIRQ
                0x000012d0                re_DEC
                0x00001320                re_CTL
                0x00001370                re_MIRQ
                0x000013c0                edge_KEY
                0x000016b0                initialize_joystick
                0x00001764                close_joystick
                0x000017b0                state_KEY
                0x0000189c                interrupt_handler
                0x000019cc                set_KEY_callback
 .text          0x00001c34      0x25c obj/default/hello_world_small.o
                0x00001c34                as0
                0x00001c68                as1
                0x00001c9c                as2
                0x00001cd0                as3
                0x00001d04                as4
                0x00001d38                as5
                0x00001d6c                as6
                0x00001da0                as7
                0x00001dd4                main
 .text          0x00001e90        0x0 c:/intelfpga_lite/23.1std/nios2eds/bin/gnu/h-x86_64-mingw32/bin/../lib/gcc/nios2-elf/12.3.1/../../../../../H-x86_64-mingw32/nios2-elf/lib/mno-hw-mul\libsmallc.a(libc_a-puts.o)
 .text._puts_r  0x00001e90       0x80 c:/intelfpga_lite/23.1std/nios2eds/bin/gnu/h-x86_64-mingw32/bin/../lib/gcc/nios2-elf/12.3.1/../../../../../H-x86_64-mingw32/nios2-elf/lib/mno-hw-mul\libsmallc.a(libc_a-puts.o)
                0x00001e90                _puts_r
 .text.puts     0x00001f10       0x10 c:/intelfpga_lite/23.1std/nios2eds/bin/gnu/h-x86_64-mingw32/bin/../lib/gcc/nios2-elf/12.3.1/../../../../../H-x86_64-mingw32/nios2-elf/lib/mno-hw-mul\libsmallc.a(libc_a-puts.o)
                0x00001f10                puts
 .text          0x00001f20        0x0 c:/intelfpga_lite/23.1std/nios2eds/bin/gnu/h-x86_64-mingw32/bin/../lib/gcc/nios2-elf/12.3.1/../../../../../H-x86_64-mingw32/nios2-elf/lib/mno-hw-mul\libsmallc.a(libc_a-strlen.o)
 .text.strlen   0x00001f20       0x1c c:/intelfpga_lite/23.1std/nios2eds/bin/gnu/h-x86_64-mingw32/bin/../lib/gcc/nios2-elf/12.3.1/../../../../../H-x86_64-mingw32/nios2-elf/lib/mno-hw-mul\libsmallc.a(libc_a-strlen.o)
                0x00001f20                strlen
 .text          0x00001f3c        0x0 c:/intelfpga_lite/23.1std/nios2eds/bin/gnu/h-x86_64-mingw32/bin/../lib/gcc/nios2-elf/12.3.1/../../../../../H-x86_64-mingw32/nios2-elf/lib/mno-hw-mul\libsmallc.a(libc_a-impure.o)
 .text          0x00001f3c        0x0 c:/intelfpga_lite/23.1std/nios2eds/bin/gnu/h-x86_64-mingw32/bin/../lib/gcc/nios2-elf/12.3.1/../../../../../H-x86_64-mingw32/nios2-elf/lib/mno-hw-mul\libsmallc.a(libc_a-fvwrite_small_dev.o)
 .text.__sfvwrite_small_dev
                0x00001f3c       0xa8 c:/intelfpga_lite/23.1std/nios2eds/bin/gnu/h-x86_64-mingw32/bin/../lib/gcc/nios2-elf/12.3.1/../../../../../H-x86_64-mingw32/nios2-elf/lib/mno-hw-mul\libsmallc.a(libc_a-fvwrite_small_dev.o)
                0x00001f3c                __sfvwrite_small_dev
 .text          0x00001fe4        0x0 c:/intelfpga_lite/23.1std/nios2eds/bin/gnu/h-x86_64-mingw32/bin/../lib/gcc/nios2-elf/12.3.1/../../../../../H-x86_64-mingw32/nios2-elf/lib/mno-hw-mul\libsmallc.a(libc_a-writer.o)
 .text._write_r
                0x00001fe4       0x50 c:/intelfpga_lite/23.1std/nios2eds/bin/gnu/h-x86_64-mingw32/bin/../lib/gcc/nios2-elf/12.3.1/../../../../../H-x86_64-mingw32/nios2-elf/lib/mno-hw-mul\libsmallc.a(libc_a-writer.o)
                0x00001fe4                _write_r
 .text          0x00002034        0x0 c:/intelfpga_lite/23.1std/nios2eds/bin/gnu/h-x86_64-mingw32/bin/../lib/gcc/nios2-elf/12.3.1/../../../../../H-x86_64-mingw32/nios2-elf/lib/mno-hw-mul\libsmallc.a(libc_a-int_errno.o)
 .text          0x00002034       0x8c c:/Users/thiag/Documents/New_Ic/software/as_bsp/\libhal_bsp.a(alt_iic.o)
                0x00002034                alt_ic_isr_register
                0x00002038                alt_ic_irq_enable
                0x00002070                alt_ic_irq_disable
                0x000020a8                alt_ic_irq_enabled
 .text          0x000020c0       0x68 c:/Users/thiag/Documents/New_Ic/software/as_bsp/\libhal_bsp.a(alt_iic_isr_register.o)
                0x000020c0                alt_iic_isr_register
 .text          0x00002128        0x0 c:/Users/thiag/Documents/New_Ic/software/as_bsp/\libhal_bsp.a(alt_irq_entry.o)
 .text          0x00002128        0x0 c:/Users/thiag/Documents/New_Ic/software/as_bsp/\libhal_bsp.a(alt_irq_handler.o)
 .text          0x00002128        0x0 c:/Users/thiag/Documents/New_Ic/software/as_bsp/\libhal_bsp.a(alt_irq_vars.o)
 .text          0x00002128       0x84 c:/Users/thiag/Documents/New_Ic/software/as_bsp/\libhal_bsp.a(alt_load.o)
                0x00002128                alt_load
 .text          0x000021ac       0x2c c:/Users/thiag/Documents/New_Ic/software/as_bsp/\libhal_bsp.a(alt_main.o)
                0x000021ac                alt_main
 .text          0x000021d8        0x4 c:/Users/thiag/Documents/New_Ic/software/as_bsp/\libhal_bsp.a(alt_usleep.o)
                0x000021d8                usleep
 .text          0x000021dc       0x5c c:/Users/thiag/Documents/New_Ic/software/as_bsp/\libhal_bsp.a(alt_write.o)
                0x000021dc                write
 .text          0x00002238       0x24 c:/Users/thiag/Documents/New_Ic/software/as_bsp/\libhal_bsp.a(alt_sys_init.o)
                0x00002238                alt_irq_init
                0x00002258                alt_sys_init
 .text          0x0000225c       0x30 c:/Users/thiag/Documents/New_Ic/software/as_bsp/\libhal_bsp.a(altera_avalon_jtag_uart_write.o)
                0x0000225c                altera_avalon_jtag_uart_write
 .text          0x0000228c       0x90 c:/Users/thiag/Documents/New_Ic/software/as_bsp/\libhal_bsp.a(alt_busy_sleep.o)
                0x0000228c                alt_busy_sleep
 .text          0x0000231c        0x4 c:/Users/thiag/Documents/New_Ic/software/as_bsp/\libhal_bsp.a(alt_dcache_flush_all.o)
                0x0000231c                alt_dcache_flush_all
 .text          0x00002320        0x0 c:/Users/thiag/Documents/New_Ic/software/as_bsp/\libhal_bsp.a(alt_errno.o)
 .text          0x00002320        0x0 c:/Users/thiag/Documents/New_Ic/software/as_bsp/\libhal_bsp.a(alt_exception_entry.o)
 .text          0x00002320        0x4 c:/Users/thiag/Documents/New_Ic/software/as_bsp/\libhal_bsp.a(alt_icache_flush_all.o)
                0x00002320                alt_icache_flush_all
 .text          0x00002324       0x24 c:/Users/thiag/Documents/New_Ic/software/as_bsp/\libhal_bsp.a(alt_instruction_exception_entry.o)
                0x00002324                alt_exception_cause_generated_bad_addr
 .text          0x00002348        0x8 c:/Users/thiag/Documents/New_Ic/software/as_bsp/\libhal_bsp.a(altera_nios2_gen2_irq.o)
                0x00002348                altera_nios2_gen2_irq_init
 .text          0x00002350        0x0 c:/intelfpga_lite/23.1std/nios2eds/bin/gnu/h-x86_64-mingw32/bin/../lib/gcc/nios2-elf/12.3.1/../../../../../H-x86_64-mingw32/nios2-elf/lib/mno-hw-mul\libsmallc.a(libc_a-memcpy.o)
 .text.memcpy   0x00002350       0x28 c:/intelfpga_lite/23.1std/nios2eds/bin/gnu/h-x86_64-mingw32/bin/../lib/gcc/nios2-elf/12.3.1/../../../../../H-x86_64-mingw32/nios2-elf/lib/mno-hw-mul\libsmallc.a(libc_a-memcpy.o)
                0x00002350                memcpy
 .text          0x00002378      0x1b4 c:/intelfpga_lite/23.1std/nios2eds/bin/gnu/h-x86_64-mingw32/bin/../lib/gcc/nios2-elf/12.3.1/mno-hw-mul\libgcc.a(lib2-divmod.o)
                0x00002378                __divsi3
                0x000023f8                __modsi3
                0x0000246c                __udivsi3
                0x000024d0                __umodsi3
 .text          0x0000252c       0x28 c:/intelfpga_lite/23.1std/nios2eds/bin/gnu/h-x86_64-mingw32/bin/../lib/gcc/nios2-elf/12.3.1/mno-hw-mul\libgcc.a(lib2-mul.o)
                0x0000252c                __mulsi3
 *(.gnu.warning.*)
 *(.fini)
                [!provide]                        PROVIDE (__etext = ABSOLUTE (.))
                [!provide]                        PROVIDE (_etext = ABSOLUTE (.))
                [!provide]                        PROVIDE (etext = ABSOLUTE (.))
 *(.eh_frame_hdr)
                0x00002554                        . = ALIGN (0x4)
                [!provide]                        PROVIDE (__preinit_array_start = ABSOLUTE (.))
 *(.preinit_array)
                [!provide]                        PROVIDE (__preinit_array_end = ABSOLUTE (.))
                [!provide]                        PROVIDE (__init_array_start = ABSOLUTE (.))
 *(SORT_BY_INIT_PRIORITY(.init_array.*))
 *(.init_array)
                [!provide]                        PROVIDE (__init_array_end = ABSOLUTE (.))
                [!provide]                        PROVIDE (__fini_array_start = ABSOLUTE (.))
 *(.fini_array)
                [!provide]                        PROVIDE (__fini_array_end = ABSOLUTE (.))
 *(.eh_frame)
 *(.gcc_except_table .gcc_except_table.*)
 *(.dynamic)
                [!provide]                        PROVIDE (__CTOR_LIST__ = ABSOLUTE (.))
 *(.ctors)
 *(SORT_BY_NAME(.ctors.*))
                [!provide]                        PROVIDE (__CTOR_END__ = ABSOLUTE (.))
                [!provide]                        PROVIDE (__DTOR_LIST__ = ABSOLUTE (.))
 *(.dtors)
 *(SORT_BY_NAME(.dtors.*))
                [!provide]                        PROVIDE (__DTOR_END__ = ABSOLUTE (.))
 *(.jcr)
                0x00002554                        . = ALIGN (0x4)

.rodata         0x00002554       0xa4
                0x00002554                        PROVIDE (__ram_rodata_start = ABSOLUTE (.))
                0x00002554                        . = ALIGN (0x4)
 *(.rodata .rodata.* .gnu.linkonce.r.*)
 .rodata        0x00002554       0x3c obj/default/KEY.o
 .rodata        0x00002590       0x61 obj/default/hello_world_small.o
 *fill*         0x000025f1        0x3 
 .rodata._puts_r.str1.4
                0x000025f4        0x2 c:/intelfpga_lite/23.1std/nios2eds/bin/gnu/h-x86_64-mingw32/bin/../lib/gcc/nios2-elf/12.3.1/../../../../../H-x86_64-mingw32/nios2-elf/lib/mno-hw-mul\libsmallc.a(libc_a-puts.o)
 *(.rodata1)
                0x000025f8                        . = ALIGN (0x4)
 *fill*         0x000025f6        0x2 
                0x000025f8                        PROVIDE (__ram_rodata_end = ABSOLUTE (.))
                0x00002554                        PROVIDE (__flash_rodata_start = LOADADDR (.rodata))

.rwdata         0x000025f8       0x64 load address 0x0000265c
                0x000025f8                        PROVIDE (__ram_rwdata_start = ABSOLUTE (.))
                0x000025f8                        . = ALIGN (0x4)
 *(.got.plt)
 *(.got)
 *(.data1)
 *(.data .data.* .gnu.linkonce.d.*)
 .data          0x000025f8        0x0 c:/Users/thiag/Documents/New_Ic/software/as_bsp//obj/HAL/src/crt0.o
 .data          0x000025f8        0x0 obj/default/KEY.o
 .data          0x000025f8        0x0 obj/default/hello_world_small.o
 .data          0x000025f8        0x0 c:/intelfpga_lite/23.1std/nios2eds/bin/gnu/h-x86_64-mingw32/bin/../lib/gcc/nios2-elf/12.3.1/../../../../../H-x86_64-mingw32/nios2-elf/lib/mno-hw-mul\libsmallc.a(libc_a-puts.o)
 .data          0x000025f8        0x0 c:/intelfpga_lite/23.1std/nios2eds/bin/gnu/h-x86_64-mingw32/bin/../lib/gcc/nios2-elf/12.3.1/../../../../../H-x86_64-mingw32/nios2-elf/lib/mno-hw-mul\libsmallc.a(libc_a-strlen.o)
 .data          0x000025f8        0x0 c:/intelfpga_lite/23.1std/nios2eds/bin/gnu/h-x86_64-mingw32/bin/../lib/gcc/nios2-elf/12.3.1/../../../../../H-x86_64-mingw32/nios2-elf/lib/mno-hw-mul\libsmallc.a(libc_a-impure.o)
 .data._impure_data
                0x000025f8       0x54 c:/intelfpga_lite/23.1std/nios2eds/bin/gnu/h-x86_64-mingw32/bin/../lib/gcc/nios2-elf/12.3.1/../../../../../H-x86_64-mingw32/nios2-elf/lib/mno-hw-mul\libsmallc.a(libc_a-impure.o)
                0x000025f8                _impure_data
 .data          0x0000264c        0x0 c:/intelfpga_lite/23.1std/nios2eds/bin/gnu/h-x86_64-mingw32/bin/../lib/gcc/nios2-elf/12.3.1/../../../../../H-x86_64-mingw32/nios2-elf/lib/mno-hw-mul\libsmallc.a(libc_a-fvwrite_small_dev.o)
 .data          0x0000264c        0x0 c:/intelfpga_lite/23.1std/nios2eds/bin/gnu/h-x86_64-mingw32/bin/../lib/gcc/nios2-elf/12.3.1/../../../../../H-x86_64-mingw32/nios2-elf/lib/mno-hw-mul\libsmallc.a(libc_a-writer.o)
 .data          0x0000264c        0x0 c:/intelfpga_lite/23.1std/nios2eds/bin/gnu/h-x86_64-mingw32/bin/../lib/gcc/nios2-elf/12.3.1/../../../../../H-x86_64-mingw32/nios2-elf/lib/mno-hw-mul\libsmallc.a(libc_a-int_errno.o)
 .data          0x0000264c        0x0 c:/Users/thiag/Documents/New_Ic/software/as_bsp/\libhal_bsp.a(alt_iic.o)
 .data          0x0000264c        0x0 c:/Users/thiag/Documents/New_Ic/software/as_bsp/\libhal_bsp.a(alt_iic_isr_register.o)
 .data          0x0000264c        0x0 c:/Users/thiag/Documents/New_Ic/software/as_bsp/\libhal_bsp.a(alt_irq_entry.o)
 .data          0x0000264c        0x0 c:/Users/thiag/Documents/New_Ic/software/as_bsp/\libhal_bsp.a(alt_irq_handler.o)
 .data          0x0000264c        0x0 c:/Users/thiag/Documents/New_Ic/software/as_bsp/\libhal_bsp.a(alt_irq_vars.o)
 .data          0x0000264c        0x0 c:/Users/thiag/Documents/New_Ic/software/as_bsp/\libhal_bsp.a(alt_load.o)
 .data          0x0000264c        0x0 c:/Users/thiag/Documents/New_Ic/software/as_bsp/\libhal_bsp.a(alt_main.o)
 .data          0x0000264c        0x0 c:/Users/thiag/Documents/New_Ic/software/as_bsp/\libhal_bsp.a(alt_usleep.o)
 .data          0x0000264c        0x0 c:/Users/thiag/Documents/New_Ic/software/as_bsp/\libhal_bsp.a(alt_write.o)
 .data          0x0000264c        0x0 c:/Users/thiag/Documents/New_Ic/software/as_bsp/\libhal_bsp.a(alt_sys_init.o)
 .data          0x0000264c        0x0 c:/Users/thiag/Documents/New_Ic/software/as_bsp/\libhal_bsp.a(altera_avalon_jtag_uart_write.o)
 .data          0x0000264c        0x0 c:/Users/thiag/Documents/New_Ic/software/as_bsp/\libhal_bsp.a(alt_busy_sleep.o)
 .data          0x0000264c        0x0 c:/Users/thiag/Documents/New_Ic/software/as_bsp/\libhal_bsp.a(alt_dcache_flush_all.o)
 .data          0x0000264c        0x0 c:/Users/thiag/Documents/New_Ic/software/as_bsp/\libhal_bsp.a(alt_errno.o)
 .data          0x0000264c        0x0 c:/Users/thiag/Documents/New_Ic/software/as_bsp/\libhal_bsp.a(alt_exception_entry.o)
 .data          0x0000264c        0x0 c:/Users/thiag/Documents/New_Ic/software/as_bsp/\libhal_bsp.a(alt_icache_flush_all.o)
 .data          0x0000264c        0x0 c:/Users/thiag/Documents/New_Ic/software/as_bsp/\libhal_bsp.a(alt_instruction_exception_entry.o)
 .data          0x0000264c        0x0 c:/Users/thiag/Documents/New_Ic/software/as_bsp/\libhal_bsp.a(altera_nios2_gen2_irq.o)
 .data          0x0000264c        0x0 c:/intelfpga_lite/23.1std/nios2eds/bin/gnu/h-x86_64-mingw32/bin/../lib/gcc/nios2-elf/12.3.1/../../../../../H-x86_64-mingw32/nios2-elf/lib/mno-hw-mul\libsmallc.a(libc_a-memcpy.o)
 .data          0x0000264c        0x0 c:/intelfpga_lite/23.1std/nios2eds/bin/gnu/h-x86_64-mingw32/bin/../lib/gcc/nios2-elf/12.3.1/mno-hw-mul\libgcc.a(lib2-divmod.o)
 .data          0x0000264c        0x0 c:/intelfpga_lite/23.1std/nios2eds/bin/gnu/h-x86_64-mingw32/bin/../lib/gcc/nios2-elf/12.3.1/mno-hw-mul\libgcc.a(lib2-mul.o)
                0x0000a64c                        _gp = ABSOLUTE ((. + 0x8000))
                [!provide]                        PROVIDE (gp = _gp)
 *(.rwdata .rwdata.*)
 *(.sdata .sdata.* .gnu.linkonce.s.*)
 .sdata._impure_ptr
                0x0000264c        0x4 c:/intelfpga_lite/23.1std/nios2eds/bin/gnu/h-x86_64-mingw32/bin/../lib/gcc/nios2-elf/12.3.1/../../../../../H-x86_64-mingw32/nios2-elf/lib/mno-hw-mul\libsmallc.a(libc_a-impure.o)
                0x0000264c                _impure_ptr
 .sdata         0x00002650        0x4 c:/Users/thiag/Documents/New_Ic/software/as_bsp/\libhal_bsp.a(alt_irq_vars.o)
                0x00002650                alt_priority_mask
 .sdata         0x00002654        0x4 c:/Users/thiag/Documents/New_Ic/software/as_bsp/\libhal_bsp.a(alt_sys_init.o)
                0x00002654                jtag_uart_0
 .sdata         0x00002658        0x4 c:/Users/thiag/Documents/New_Ic/software/as_bsp/\libhal_bsp.a(alt_errno.o)
                0x00002658                alt_errno
 *(.sdata2 .sdata2.* .gnu.linkonce.s2.*)
                0x0000265c                        . = ALIGN (0x4)
                0x0000265c                        _edata = ABSOLUTE (.)
                [!provide]                        PROVIDE (edata = ABSOLUTE (.))
                0x0000265c                        PROVIDE (__ram_rwdata_end = ABSOLUTE (.))
                0x0000265c                        PROVIDE (__flash_rwdata_start = LOADADDR (.rwdata))

.bss            0x000026c0      0x158
                0x000026c0                        __bss_start = ABSOLUTE (.)
                [!provide]                        PROVIDE (__sbss_start = ABSOLUTE (.))
                [!provide]                        PROVIDE (___sbss_start = ABSOLUTE (.))
 *(.dynsbss)
 *(.sbss .sbss.* .gnu.linkonce.sb.*)
 .sbss          0x000026c0       0x40 obj/default/KEY.o
                0x000026c0                callback_button0
                0x000026c4                edge0
                0x000026c8                callback_button1
                0x000026cc                edge1
                0x000026d0                callback_button2
                0x000026d4                edge2
                0x000026d8                callback_button3
                0x000026dc                edge3
                0x000026e0                callback_button4
                0x000026e4                edge4
                0x000026e8                callback_button5
                0x000026ec                edge5
                0x000026f0                callback_button6
                0x000026f4                edge6
                0x000026f8                callback_button7
                0x000026fc                edge7
 .sbss.errno    0x00002700        0x4 c:/intelfpga_lite/23.1std/nios2eds/bin/gnu/h-x86_64-mingw32/bin/../lib/gcc/nios2-elf/12.3.1/../../../../../H-x86_64-mingw32/nios2-elf/lib/mno-hw-mul\libsmallc.a(libc_a-int_errno.o)
                0x00002700                errno
 .sbss          0x00002704        0x4 c:/Users/thiag/Documents/New_Ic/software/as_bsp/\libhal_bsp.a(alt_irq_vars.o)
                0x00002704                alt_irq_active
 .sbss          0x00002708        0xc c:/Users/thiag/Documents/New_Ic/software/as_bsp/\libhal_bsp.a(alt_main.o)
                0x00002708                alt_envp
                0x0000270c                alt_argv
                0x00002710                alt_argc
 .sbss          0x00002714        0x4 c:/Users/thiag/Documents/New_Ic/software/as_bsp/\libhal_bsp.a(alt_instruction_exception_entry.o)
                0x00002714                alt_instruction_exception_handler
 *(.sbss2 .sbss2.* .gnu.linkonce.sb2.*)
 *(.scommon)
                [!provide]                        PROVIDE (__sbss_end = ABSOLUTE (.))
                [!provide]                        PROVIDE (___sbss_end = ABSOLUTE (.))
 *(.dynbss)
 *(.bss .bss.* .gnu.linkonce.b.*)
 .bss           0x00002718        0x0 c:/Users/thiag/Documents/New_Ic/software/as_bsp//obj/HAL/src/crt0.o
 .bss           0x00002718        0x0 obj/default/KEY.o
 .bss           0x00002718        0x0 obj/default/hello_world_small.o
 .bss           0x00002718        0x0 c:/intelfpga_lite/23.1std/nios2eds/bin/gnu/h-x86_64-mingw32/bin/../lib/gcc/nios2-elf/12.3.1/../../../../../H-x86_64-mingw32/nios2-elf/lib/mno-hw-mul\libsmallc.a(libc_a-puts.o)
 .bss           0x00002718        0x0 c:/intelfpga_lite/23.1std/nios2eds/bin/gnu/h-x86_64-mingw32/bin/../lib/gcc/nios2-elf/12.3.1/../../../../../H-x86_64-mingw32/nios2-elf/lib/mno-hw-mul\libsmallc.a(libc_a-strlen.o)
 .bss           0x00002718        0x0 c:/intelfpga_lite/23.1std/nios2eds/bin/gnu/h-x86_64-mingw32/bin/../lib/gcc/nios2-elf/12.3.1/../../../../../H-x86_64-mingw32/nios2-elf/lib/mno-hw-mul\libsmallc.a(libc_a-impure.o)
 .bss           0x00002718        0x0 c:/intelfpga_lite/23.1std/nios2eds/bin/gnu/h-x86_64-mingw32/bin/../lib/gcc/nios2-elf/12.3.1/../../../../../H-x86_64-mingw32/nios2-elf/lib/mno-hw-mul\libsmallc.a(libc_a-fvwrite_small_dev.o)
 .bss           0x00002718        0x0 c:/intelfpga_lite/23.1std/nios2eds/bin/gnu/h-x86_64-mingw32/bin/../lib/gcc/nios2-elf/12.3.1/../../../../../H-x86_64-mingw32/nios2-elf/lib/mno-hw-mul\libsmallc.a(libc_a-writer.o)
 .bss           0x00002718        0x0 c:/intelfpga_lite/23.1std/nios2eds/bin/gnu/h-x86_64-mingw32/bin/../lib/gcc/nios2-elf/12.3.1/../../../../../H-x86_64-mingw32/nios2-elf/lib/mno-hw-mul\libsmallc.a(libc_a-int_errno.o)
 .bss           0x00002718        0x0 c:/Users/thiag/Documents/New_Ic/software/as_bsp/\libhal_bsp.a(alt_iic.o)
 .bss           0x00002718        0x0 c:/Users/thiag/Documents/New_Ic/software/as_bsp/\libhal_bsp.a(alt_iic_isr_register.o)
 .bss           0x00002718        0x0 c:/Users/thiag/Documents/New_Ic/software/as_bsp/\libhal_bsp.a(alt_irq_entry.o)
 .bss           0x00002718      0x100 c:/Users/thiag/Documents/New_Ic/software/as_bsp/\libhal_bsp.a(alt_irq_handler.o)
                0x00002718                alt_irq
 .bss           0x00002818        0x0 c:/Users/thiag/Documents/New_Ic/software/as_bsp/\libhal_bsp.a(alt_irq_vars.o)
 .bss           0x00002818        0x0 c:/Users/thiag/Documents/New_Ic/software/as_bsp/\libhal_bsp.a(alt_load.o)
 .bss           0x00002818        0x0 c:/Users/thiag/Documents/New_Ic/software/as_bsp/\libhal_bsp.a(alt_main.o)
 .bss           0x00002818        0x0 c:/Users/thiag/Documents/New_Ic/software/as_bsp/\libhal_bsp.a(alt_usleep.o)
 .bss           0x00002818        0x0 c:/Users/thiag/Documents/New_Ic/software/as_bsp/\libhal_bsp.a(alt_write.o)
 .bss           0x00002818        0x0 c:/Users/thiag/Documents/New_Ic/software/as_bsp/\libhal_bsp.a(alt_sys_init.o)
 .bss           0x00002818        0x0 c:/Users/thiag/Documents/New_Ic/software/as_bsp/\libhal_bsp.a(altera_avalon_jtag_uart_write.o)
 .bss           0x00002818        0x0 c:/Users/thiag/Documents/New_Ic/software/as_bsp/\libhal_bsp.a(alt_busy_sleep.o)
 .bss           0x00002818        0x0 c:/Users/thiag/Documents/New_Ic/software/as_bsp/\libhal_bsp.a(alt_dcache_flush_all.o)
 .bss           0x00002818        0x0 c:/Users/thiag/Documents/New_Ic/software/as_bsp/\libhal_bsp.a(alt_errno.o)
 .bss           0x00002818        0x0 c:/Users/thiag/Documents/New_Ic/software/as_bsp/\libhal_bsp.a(alt_exception_entry.o)
 .bss           0x00002818        0x0 c:/Users/thiag/Documents/New_Ic/software/as_bsp/\libhal_bsp.a(alt_icache_flush_all.o)
 .bss           0x00002818        0x0 c:/Users/thiag/Documents/New_Ic/software/as_bsp/\libhal_bsp.a(alt_instruction_exception_entry.o)
 .bss           0x00002818        0x0 c:/Users/thiag/Documents/New_Ic/software/as_bsp/\libhal_bsp.a(altera_nios2_gen2_irq.o)
 .bss           0x00002818        0x0 c:/intelfpga_lite/23.1std/nios2eds/bin/gnu/h-x86_64-mingw32/bin/../lib/gcc/nios2-elf/12.3.1/../../../../../H-x86_64-mingw32/nios2-elf/lib/mno-hw-mul\libsmallc.a(libc_a-memcpy.o)
 .bss           0x00002818        0x0 c:/intelfpga_lite/23.1std/nios2eds/bin/gnu/h-x86_64-mingw32/bin/../lib/gcc/nios2-elf/12.3.1/mno-hw-mul\libgcc.a(lib2-divmod.o)
 .bss           0x00002818        0x0 c:/intelfpga_lite/23.1std/nios2eds/bin/gnu/h-x86_64-mingw32/bin/../lib/gcc/nios2-elf/12.3.1/mno-hw-mul\libgcc.a(lib2-mul.o)
 *(COMMON)
                0x00002818                        . = ALIGN (0x4)
                0x00002818                        __bss_end = ABSOLUTE (.)

.onchip_memory2_0
                0x00002818        0x0
                [!provide]                        PROVIDE (_alt_partition_onchip_memory2_0_start = ABSOLUTE (.))
 *(.onchip_memory2_0 .onchip_memory2_0. onchip_memory2_0.*)
                0x00002818                        . = ALIGN (0x4)
                [!provide]                        PROVIDE (_alt_partition_onchip_memory2_0_end = ABSOLUTE (.))
                0x00002818                        _end = ABSOLUTE (.)
                0x00002818                        end = ABSOLUTE (.)
                0x00002818                        __alt_stack_base = ABSOLUTE (.)
                [!provide]                        PROVIDE (_alt_partition_onchip_memory2_0_load_addr = LOADADDR (.onchip_memory2_0))

.stab
 *(.stab)

.stabstr
 *(.stabstr)

.stab.excl
 *(.stab.excl)

.stab.exclstr
 *(.stab.exclstr)

.stab.index
 *(.stab.index)

.stab.indexstr
 *(.stab.indexstr)

.comment        0x00000000       0x2d
 *(.comment)
 .comment       0x00000000       0x2d obj/default/KEY.o
                                 0x2e (size before relaxing)
 .comment       0x0000002d       0x2e obj/default/hello_world_small.o
 .comment       0x0000002d       0x2e c:/intelfpga_lite/23.1std/nios2eds/bin/gnu/h-x86_64-mingw32/bin/../lib/gcc/nios2-elf/12.3.1/../../../../../H-x86_64-mingw32/nios2-elf/lib/mno-hw-mul\libsmallc.a(libc_a-puts.o)
 .comment       0x0000002d       0x2e c:/intelfpga_lite/23.1std/nios2eds/bin/gnu/h-x86_64-mingw32/bin/../lib/gcc/nios2-elf/12.3.1/../../../../../H-x86_64-mingw32/nios2-elf/lib/mno-hw-mul\libsmallc.a(libc_a-strlen.o)
 .comment       0x0000002d       0x2e c:/intelfpga_lite/23.1std/nios2eds/bin/gnu/h-x86_64-mingw32/bin/../lib/gcc/nios2-elf/12.3.1/../../../../../H-x86_64-mingw32/nios2-elf/lib/mno-hw-mul\libsmallc.a(libc_a-impure.o)
 .comment       0x0000002d       0x2e c:/intelfpga_lite/23.1std/nios2eds/bin/gnu/h-x86_64-mingw32/bin/../lib/gcc/nios2-elf/12.3.1/../../../../../H-x86_64-mingw32/nios2-elf/lib/mno-hw-mul\libsmallc.a(libc_a-fvwrite_small_dev.o)
 .comment       0x0000002d       0x2e c:/intelfpga_lite/23.1std/nios2eds/bin/gnu/h-x86_64-mingw32/bin/../lib/gcc/nios2-elf/12.3.1/../../../../../H-x86_64-mingw32/nios2-elf/lib/mno-hw-mul\libsmallc.a(libc_a-writer.o)
 .comment       0x0000002d       0x2e c:/intelfpga_lite/23.1std/nios2eds/bin/gnu/h-x86_64-mingw32/bin/../lib/gcc/nios2-elf/12.3.1/../../../../../H-x86_64-mingw32/nios2-elf/lib/mno-hw-mul\libsmallc.a(libc_a-int_errno.o)
 .comment       0x0000002d       0x2e c:/Users/thiag/Documents/New_Ic/software/as_bsp/\libhal_bsp.a(alt_iic.o)
 .comment       0x0000002d       0x2e c:/Users/thiag/Documents/New_Ic/software/as_bsp/\libhal_bsp.a(alt_iic_isr_register.o)
 .comment       0x0000002d       0x2e c:/Users/thiag/Documents/New_Ic/software/as_bsp/\libhal_bsp.a(alt_irq_handler.o)
 .comment       0x0000002d       0x2e c:/Users/thiag/Documents/New_Ic/software/as_bsp/\libhal_bsp.a(alt_irq_vars.o)
 .comment       0x0000002d       0x2e c:/Users/thiag/Documents/New_Ic/software/as_bsp/\libhal_bsp.a(alt_load.o)
 .comment       0x0000002d       0x2e c:/Users/thiag/Documents/New_Ic/software/as_bsp/\libhal_bsp.a(alt_main.o)
 .comment       0x0000002d       0x2e c:/Users/thiag/Documents/New_Ic/software/as_bsp/\libhal_bsp.a(alt_usleep.o)
 .comment       0x0000002d       0x2e c:/Users/thiag/Documents/New_Ic/software/as_bsp/\libhal_bsp.a(alt_write.o)
 .comment       0x0000002d       0x2e c:/Users/thiag/Documents/New_Ic/software/as_bsp/\libhal_bsp.a(alt_sys_init.o)
 .comment       0x0000002d       0x2e c:/Users/thiag/Documents/New_Ic/software/as_bsp/\libhal_bsp.a(altera_avalon_jtag_uart_write.o)
 .comment       0x0000002d       0x2e c:/Users/thiag/Documents/New_Ic/software/as_bsp/\libhal_bsp.a(alt_busy_sleep.o)
 .comment       0x0000002d       0x2e c:/Users/thiag/Documents/New_Ic/software/as_bsp/\libhal_bsp.a(alt_dcache_flush_all.o)
 .comment       0x0000002d       0x2e c:/Users/thiag/Documents/New_Ic/software/as_bsp/\libhal_bsp.a(alt_errno.o)
 .comment       0x0000002d       0x2e c:/Users/thiag/Documents/New_Ic/software/as_bsp/\libhal_bsp.a(alt_icache_flush_all.o)
 .comment       0x0000002d       0x2e c:/Users/thiag/Documents/New_Ic/software/as_bsp/\libhal_bsp.a(alt_instruction_exception_entry.o)
 .comment       0x0000002d       0x2e c:/Users/thiag/Documents/New_Ic/software/as_bsp/\libhal_bsp.a(altera_nios2_gen2_irq.o)
 .comment       0x0000002d       0x2e c:/intelfpga_lite/23.1std/nios2eds/bin/gnu/h-x86_64-mingw32/bin/../lib/gcc/nios2-elf/12.3.1/../../../../../H-x86_64-mingw32/nios2-elf/lib/mno-hw-mul\libsmallc.a(libc_a-memcpy.o)
 .comment       0x0000002d       0x2e c:/intelfpga_lite/23.1std/nios2eds/bin/gnu/h-x86_64-mingw32/bin/../lib/gcc/nios2-elf/12.3.1/mno-hw-mul\libgcc.a(lib2-divmod.o)
 .comment       0x0000002d       0x2e c:/intelfpga_lite/23.1std/nios2eds/bin/gnu/h-x86_64-mingw32/bin/../lib/gcc/nios2-elf/12.3.1/mno-hw-mul\libgcc.a(lib2-mul.o)

.debug
 *(.debug)

.line
 *(.line)

.debug_srcinfo
 *(.debug_srcinfo)

.debug_sfnames
 *(.debug_sfnames)

.debug_aranges  0x00000000      0x3d8
 *(.debug_aranges)
 .debug_aranges
                0x00000000       0x28 c:/Users/thiag/Documents/New_Ic/software/as_bsp//obj/HAL/src/crt0.o
 .debug_aranges
                0x00000028       0x20 obj/default/KEY.o
 .debug_aranges
                0x00000048       0x20 obj/default/hello_world_small.o
 .debug_aranges
                0x00000068       0x28 c:/intelfpga_lite/23.1std/nios2eds/bin/gnu/h-x86_64-mingw32/bin/../lib/gcc/nios2-elf/12.3.1/../../../../../H-x86_64-mingw32/nios2-elf/lib/mno-hw-mul\libsmallc.a(libc_a-puts.o)
 .debug_aranges
                0x00000090       0x20 c:/intelfpga_lite/23.1std/nios2eds/bin/gnu/h-x86_64-mingw32/bin/../lib/gcc/nios2-elf/12.3.1/../../../../../H-x86_64-mingw32/nios2-elf/lib/mno-hw-mul\libsmallc.a(libc_a-strlen.o)
 .debug_aranges
                0x000000b0       0x18 c:/intelfpga_lite/23.1std/nios2eds/bin/gnu/h-x86_64-mingw32/bin/../lib/gcc/nios2-elf/12.3.1/../../../../../H-x86_64-mingw32/nios2-elf/lib/mno-hw-mul\libsmallc.a(libc_a-impure.o)
 .debug_aranges
                0x000000c8       0x20 c:/intelfpga_lite/23.1std/nios2eds/bin/gnu/h-x86_64-mingw32/bin/../lib/gcc/nios2-elf/12.3.1/../../../../../H-x86_64-mingw32/nios2-elf/lib/mno-hw-mul\libsmallc.a(libc_a-fvwrite_small_dev.o)
 .debug_aranges
                0x000000e8       0x20 c:/intelfpga_lite/23.1std/nios2eds/bin/gnu/h-x86_64-mingw32/bin/../lib/gcc/nios2-elf/12.3.1/../../../../../H-x86_64-mingw32/nios2-elf/lib/mno-hw-mul\libsmallc.a(libc_a-writer.o)
 .debug_aranges
                0x00000108       0x18 c:/intelfpga_lite/23.1std/nios2eds/bin/gnu/h-x86_64-mingw32/bin/../lib/gcc/nios2-elf/12.3.1/../../../../../H-x86_64-mingw32/nios2-elf/lib/mno-hw-mul\libsmallc.a(libc_a-int_errno.o)
 .debug_aranges
                0x00000120       0x20 c:/Users/thiag/Documents/New_Ic/software/as_bsp/\libhal_bsp.a(alt_iic.o)
 .debug_aranges
                0x00000140       0x20 c:/Users/thiag/Documents/New_Ic/software/as_bsp/\libhal_bsp.a(alt_iic_isr_register.o)
 .debug_aranges
                0x00000160       0x30 c:/Users/thiag/Documents/New_Ic/software/as_bsp/\libhal_bsp.a(alt_irq_entry.o)
 .debug_aranges
                0x00000190       0x20 c:/Users/thiag/Documents/New_Ic/software/as_bsp/\libhal_bsp.a(alt_irq_handler.o)
 .debug_aranges
                0x000001b0       0x18 c:/Users/thiag/Documents/New_Ic/software/as_bsp/\libhal_bsp.a(alt_irq_vars.o)
 .debug_aranges
                0x000001c8       0x20 c:/Users/thiag/Documents/New_Ic/software/as_bsp/\libhal_bsp.a(alt_load.o)
 .debug_aranges
                0x000001e8       0x20 c:/Users/thiag/Documents/New_Ic/software/as_bsp/\libhal_bsp.a(alt_main.o)
 .debug_aranges
                0x00000208       0x20 c:/Users/thiag/Documents/New_Ic/software/as_bsp/\libhal_bsp.a(alt_usleep.o)
 .debug_aranges
                0x00000228       0x20 c:/Users/thiag/Documents/New_Ic/software/as_bsp/\libhal_bsp.a(alt_write.o)
 .debug_aranges
                0x00000248       0x20 c:/Users/thiag/Documents/New_Ic/software/as_bsp/\libhal_bsp.a(alt_sys_init.o)
 .debug_aranges
                0x00000268       0x20 c:/Users/thiag/Documents/New_Ic/software/as_bsp/\libhal_bsp.a(altera_avalon_jtag_uart_write.o)
 .debug_aranges
                0x00000288       0x20 c:/Users/thiag/Documents/New_Ic/software/as_bsp/\libhal_bsp.a(alt_busy_sleep.o)
 .debug_aranges
                0x000002a8       0x20 c:/Users/thiag/Documents/New_Ic/software/as_bsp/\libhal_bsp.a(alt_dcache_flush_all.o)
 .debug_aranges
                0x000002c8       0x18 c:/Users/thiag/Documents/New_Ic/software/as_bsp/\libhal_bsp.a(alt_errno.o)
 .debug_aranges
                0x000002e0       0x30 c:/Users/thiag/Documents/New_Ic/software/as_bsp/\libhal_bsp.a(alt_exception_entry.o)
 .debug_aranges
                0x00000310       0x20 c:/Users/thiag/Documents/New_Ic/software/as_bsp/\libhal_bsp.a(alt_icache_flush_all.o)
 .debug_aranges
                0x00000330       0x28 c:/Users/thiag/Documents/New_Ic/software/as_bsp/\libhal_bsp.a(alt_instruction_exception_entry.o)
 .debug_aranges
                0x00000358       0x20 c:/Users/thiag/Documents/New_Ic/software/as_bsp/\libhal_bsp.a(altera_nios2_gen2_irq.o)
 .debug_aranges
                0x00000378       0x20 c:/intelfpga_lite/23.1std/nios2eds/bin/gnu/h-x86_64-mingw32/bin/../lib/gcc/nios2-elf/12.3.1/../../../../../H-x86_64-mingw32/nios2-elf/lib/mno-hw-mul\libsmallc.a(libc_a-memcpy.o)
 .debug_aranges
                0x00000398       0x20 c:/intelfpga_lite/23.1std/nios2eds/bin/gnu/h-x86_64-mingw32/bin/../lib/gcc/nios2-elf/12.3.1/mno-hw-mul\libgcc.a(lib2-divmod.o)
 .debug_aranges
                0x000003b8       0x20 c:/intelfpga_lite/23.1std/nios2eds/bin/gnu/h-x86_64-mingw32/bin/../lib/gcc/nios2-elf/12.3.1/mno-hw-mul\libgcc.a(lib2-mul.o)

.debug_pubnames
 *(.debug_pubnames)

.debug_info     0x00000000     0x39d0
 *(.debug_info .gnu.linkonce.wi.*)
 .debug_info    0x00000000       0x3f c:/Users/thiag/Documents/New_Ic/software/as_bsp//obj/HAL/src/crt0.o
 .debug_info    0x0000003f      0x4fa obj/default/KEY.o
 .debug_info    0x00000539      0x148 obj/default/hello_world_small.o
 .debug_info    0x00000681      0x5ec c:/intelfpga_lite/23.1std/nios2eds/bin/gnu/h-x86_64-mingw32/bin/../lib/gcc/nios2-elf/12.3.1/../../../../../H-x86_64-mingw32/nios2-elf/lib/mno-hw-mul\libsmallc.a(libc_a-puts.o)
 .debug_info    0x00000c6d       0xd1 c:/intelfpga_lite/23.1std/nios2eds/bin/gnu/h-x86_64-mingw32/bin/../lib/gcc/nios2-elf/12.3.1/../../../../../H-x86_64-mingw32/nios2-elf/lib/mno-hw-mul\libsmallc.a(libc_a-strlen.o)
 .debug_info    0x00000d3e      0x4eb c:/intelfpga_lite/23.1std/nios2eds/bin/gnu/h-x86_64-mingw32/bin/../lib/gcc/nios2-elf/12.3.1/../../../../../H-x86_64-mingw32/nios2-elf/lib/mno-hw-mul\libsmallc.a(libc_a-impure.o)
 .debug_info    0x00001229      0x5c4 c:/intelfpga_lite/23.1std/nios2eds/bin/gnu/h-x86_64-mingw32/bin/../lib/gcc/nios2-elf/12.3.1/../../../../../H-x86_64-mingw32/nios2-elf/lib/mno-hw-mul\libsmallc.a(libc_a-fvwrite_small_dev.o)
 .debug_info    0x000017ed      0x5a4 c:/intelfpga_lite/23.1std/nios2eds/bin/gnu/h-x86_64-mingw32/bin/../lib/gcc/nios2-elf/12.3.1/../../../../../H-x86_64-mingw32/nios2-elf/lib/mno-hw-mul\libsmallc.a(libc_a-writer.o)
 .debug_info    0x00001d91       0x85 c:/intelfpga_lite/23.1std/nios2eds/bin/gnu/h-x86_64-mingw32/bin/../lib/gcc/nios2-elf/12.3.1/../../../../../H-x86_64-mingw32/nios2-elf/lib/mno-hw-mul\libsmallc.a(libc_a-int_errno.o)
 .debug_info    0x00001e16      0x3d8 c:/Users/thiag/Documents/New_Ic/software/as_bsp/\libhal_bsp.a(alt_iic.o)
 .debug_info    0x000021ee      0x27f c:/Users/thiag/Documents/New_Ic/software/as_bsp/\libhal_bsp.a(alt_iic_isr_register.o)
 .debug_info    0x0000246d       0x22 c:/Users/thiag/Documents/New_Ic/software/as_bsp/\libhal_bsp.a(alt_irq_entry.o)
 .debug_info    0x0000248f      0x195 c:/Users/thiag/Documents/New_Ic/software/as_bsp/\libhal_bsp.a(alt_irq_handler.o)
 .debug_info    0x00002624       0x88 c:/Users/thiag/Documents/New_Ic/software/as_bsp/\libhal_bsp.a(alt_irq_vars.o)
 .debug_info    0x000026ac      0x239 c:/Users/thiag/Documents/New_Ic/software/as_bsp/\libhal_bsp.a(alt_load.o)
 .debug_info    0x000028e5      0x13e c:/Users/thiag/Documents/New_Ic/software/as_bsp/\libhal_bsp.a(alt_main.o)
 .debug_info    0x00002a23       0xe4 c:/Users/thiag/Documents/New_Ic/software/as_bsp/\libhal_bsp.a(alt_usleep.o)
 .debug_info    0x00002b07      0x1a8 c:/Users/thiag/Documents/New_Ic/software/as_bsp/\libhal_bsp.a(alt_write.o)
 .debug_info    0x00002caf      0x127 c:/Users/thiag/Documents/New_Ic/software/as_bsp/\libhal_bsp.a(alt_sys_init.o)
 .debug_info    0x00002dd6      0x149 c:/Users/thiag/Documents/New_Ic/software/as_bsp/\libhal_bsp.a(altera_avalon_jtag_uart_write.o)
 .debug_info    0x00002f1f      0x10c c:/Users/thiag/Documents/New_Ic/software/as_bsp/\libhal_bsp.a(alt_busy_sleep.o)
 .debug_info    0x0000302b       0x8d c:/Users/thiag/Documents/New_Ic/software/as_bsp/\libhal_bsp.a(alt_dcache_flush_all.o)
 .debug_info    0x000030b8       0xa8 c:/Users/thiag/Documents/New_Ic/software/as_bsp/\libhal_bsp.a(alt_errno.o)
 .debug_info    0x00003160       0x22 c:/Users/thiag/Documents/New_Ic/software/as_bsp/\libhal_bsp.a(alt_exception_entry.o)
 .debug_info    0x00003182       0x8d c:/Users/thiag/Documents/New_Ic/software/as_bsp/\libhal_bsp.a(alt_icache_flush_all.o)
 .debug_info    0x0000320f      0x208 c:/Users/thiag/Documents/New_Ic/software/as_bsp/\libhal_bsp.a(alt_instruction_exception_entry.o)
 .debug_info    0x00003417       0x8d c:/Users/thiag/Documents/New_Ic/software/as_bsp/\libhal_bsp.a(altera_nios2_gen2_irq.o)
 .debug_info    0x000034a4      0x121 c:/intelfpga_lite/23.1std/nios2eds/bin/gnu/h-x86_64-mingw32/bin/../lib/gcc/nios2-elf/12.3.1/../../../../../H-x86_64-mingw32/nios2-elf/lib/mno-hw-mul\libsmallc.a(libc_a-memcpy.o)
 .debug_info    0x000035c5      0x347 c:/intelfpga_lite/23.1std/nios2eds/bin/gnu/h-x86_64-mingw32/bin/../lib/gcc/nios2-elf/12.3.1/mno-hw-mul\libgcc.a(lib2-divmod.o)
 .debug_info    0x0000390c       0xc4 c:/intelfpga_lite/23.1std/nios2eds/bin/gnu/h-x86_64-mingw32/bin/../lib/gcc/nios2-elf/12.3.1/mno-hw-mul\libgcc.a(lib2-mul.o)

.debug_abbrev   0x00000000     0x19fd
 *(.debug_abbrev)
 .debug_abbrev  0x00000000       0x1f c:/Users/thiag/Documents/New_Ic/software/as_bsp//obj/HAL/src/crt0.o
 .debug_abbrev  0x0000001f      0x180 obj/default/KEY.o
 .debug_abbrev  0x0000019f       0xa0 obj/default/hello_world_small.o
 .debug_abbrev  0x0000023f      0x1db c:/intelfpga_lite/23.1std/nios2eds/bin/gnu/h-x86_64-mingw32/bin/../lib/gcc/nios2-elf/12.3.1/../../../../../H-x86_64-mingw32/nios2-elf/lib/mno-hw-mul\libsmallc.a(libc_a-puts.o)
 .debug_abbrev  0x0000041a       0x8c c:/intelfpga_lite/23.1std/nios2eds/bin/gnu/h-x86_64-mingw32/bin/../lib/gcc/nios2-elf/12.3.1/../../../../../H-x86_64-mingw32/nios2-elf/lib/mno-hw-mul\libsmallc.a(libc_a-strlen.o)
 .debug_abbrev  0x000004a6      0x142 c:/intelfpga_lite/23.1std/nios2eds/bin/gnu/h-x86_64-mingw32/bin/../lib/gcc/nios2-elf/12.3.1/../../../../../H-x86_64-mingw32/nios2-elf/lib/mno-hw-mul\libsmallc.a(libc_a-impure.o)
 .debug_abbrev  0x000005e8      0x1c9 c:/intelfpga_lite/23.1std/nios2eds/bin/gnu/h-x86_64-mingw32/bin/../lib/gcc/nios2-elf/12.3.1/../../../../../H-x86_64-mingw32/nios2-elf/lib/mno-hw-mul\libsmallc.a(libc_a-fvwrite_small_dev.o)
 .debug_abbrev  0x000007b1      0x1ae c:/intelfpga_lite/23.1std/nios2eds/bin/gnu/h-x86_64-mingw32/bin/../lib/gcc/nios2-elf/12.3.1/../../../../../H-x86_64-mingw32/nios2-elf/lib/mno-hw-mul\libsmallc.a(libc_a-writer.o)
 .debug_abbrev  0x0000095f       0x39 c:/intelfpga_lite/23.1std/nios2eds/bin/gnu/h-x86_64-mingw32/bin/../lib/gcc/nios2-elf/12.3.1/../../../../../H-x86_64-mingw32/nios2-elf/lib/mno-hw-mul\libsmallc.a(libc_a-int_errno.o)
 .debug_abbrev  0x00000998      0x1dd c:/Users/thiag/Documents/New_Ic/software/as_bsp/\libhal_bsp.a(alt_iic.o)
 .debug_abbrev  0x00000b75      0x1d9 c:/Users/thiag/Documents/New_Ic/software/as_bsp/\libhal_bsp.a(alt_iic_isr_register.o)
 .debug_abbrev  0x00000d4e       0x12 c:/Users/thiag/Documents/New_Ic/software/as_bsp/\libhal_bsp.a(alt_irq_entry.o)
 .debug_abbrev  0x00000d60      0x147 c:/Users/thiag/Documents/New_Ic/software/as_bsp/\libhal_bsp.a(alt_irq_handler.o)
 .debug_abbrev  0x00000ea7       0x46 c:/Users/thiag/Documents/New_Ic/software/as_bsp/\libhal_bsp.a(alt_irq_vars.o)
 .debug_abbrev  0x00000eed      0x12c c:/Users/thiag/Documents/New_Ic/software/as_bsp/\libhal_bsp.a(alt_load.o)
 .debug_abbrev  0x00001019       0xeb c:/Users/thiag/Documents/New_Ic/software/as_bsp/\libhal_bsp.a(alt_main.o)
 .debug_abbrev  0x00001104       0x9b c:/Users/thiag/Documents/New_Ic/software/as_bsp/\libhal_bsp.a(alt_usleep.o)
 .debug_abbrev  0x0000119f      0x117 c:/Users/thiag/Documents/New_Ic/software/as_bsp/\libhal_bsp.a(alt_write.o)
 .debug_abbrev  0x000012b6      0x107 c:/Users/thiag/Documents/New_Ic/software/as_bsp/\libhal_bsp.a(alt_sys_init.o)
 .debug_abbrev  0x000013bd       0xdc c:/Users/thiag/Documents/New_Ic/software/as_bsp/\libhal_bsp.a(altera_avalon_jtag_uart_write.o)
 .debug_abbrev  0x00001499       0xb9 c:/Users/thiag/Documents/New_Ic/software/as_bsp/\libhal_bsp.a(alt_busy_sleep.o)
 .debug_abbrev  0x00001552       0x43 c:/Users/thiag/Documents/New_Ic/software/as_bsp/\libhal_bsp.a(alt_dcache_flush_all.o)
 .debug_abbrev  0x00001595       0x70 c:/Users/thiag/Documents/New_Ic/software/as_bsp/\libhal_bsp.a(alt_errno.o)
 .debug_abbrev  0x00001605       0x12 c:/Users/thiag/Documents/New_Ic/software/as_bsp/\libhal_bsp.a(alt_exception_entry.o)
 .debug_abbrev  0x00001617       0x43 c:/Users/thiag/Documents/New_Ic/software/as_bsp/\libhal_bsp.a(alt_icache_flush_all.o)
 .debug_abbrev  0x0000165a      0x113 c:/Users/thiag/Documents/New_Ic/software/as_bsp/\libhal_bsp.a(alt_instruction_exception_entry.o)
 .debug_abbrev  0x0000176d       0x43 c:/Users/thiag/Documents/New_Ic/software/as_bsp/\libhal_bsp.a(altera_nios2_gen2_irq.o)
 .debug_abbrev  0x000017b0       0xc1 c:/intelfpga_lite/23.1std/nios2eds/bin/gnu/h-x86_64-mingw32/bin/../lib/gcc/nios2-elf/12.3.1/../../../../../H-x86_64-mingw32/nios2-elf/lib/mno-hw-mul\libsmallc.a(libc_a-memcpy.o)
 .debug_abbrev  0x00001871      0x10c c:/intelfpga_lite/23.1std/nios2eds/bin/gnu/h-x86_64-mingw32/bin/../lib/gcc/nios2-elf/12.3.1/mno-hw-mul\libgcc.a(lib2-divmod.o)
 .debug_abbrev  0x0000197d       0x80 c:/intelfpga_lite/23.1std/nios2eds/bin/gnu/h-x86_64-mingw32/bin/../lib/gcc/nios2-elf/12.3.1/mno-hw-mul\libgcc.a(lib2-mul.o)

.debug_line     0x00000000     0x16cf
 *(.debug_line)
 .debug_line    0x00000000       0x66 c:/Users/thiag/Documents/New_Ic/software/as_bsp//obj/HAL/src/crt0.o
 .debug_line    0x00000066      0x332 obj/default/KEY.o
 .debug_line    0x00000398       0xb6 obj/default/hello_world_small.o
 .debug_line    0x0000044e       0xc2 c:/intelfpga_lite/23.1std/nios2eds/bin/gnu/h-x86_64-mingw32/bin/../lib/gcc/nios2-elf/12.3.1/../../../../../H-x86_64-mingw32/nios2-elf/lib/mno-hw-mul\libsmallc.a(libc_a-puts.o)
 .debug_line    0x00000510       0x7c c:/intelfpga_lite/23.1std/nios2eds/bin/gnu/h-x86_64-mingw32/bin/../lib/gcc/nios2-elf/12.3.1/../../../../../H-x86_64-mingw32/nios2-elf/lib/mno-hw-mul\libsmallc.a(libc_a-strlen.o)
 .debug_line    0x0000058c       0x4c c:/intelfpga_lite/23.1std/nios2eds/bin/gnu/h-x86_64-mingw32/bin/../lib/gcc/nios2-elf/12.3.1/../../../../../H-x86_64-mingw32/nios2-elf/lib/mno-hw-mul\libsmallc.a(libc_a-impure.o)
 .debug_line    0x000005d8       0xd7 c:/intelfpga_lite/23.1std/nios2eds/bin/gnu/h-x86_64-mingw32/bin/../lib/gcc/nios2-elf/12.3.1/../../../../../H-x86_64-mingw32/nios2-elf/lib/mno-hw-mul\libsmallc.a(libc_a-fvwrite_small_dev.o)
 .debug_line    0x000006af       0xae c:/intelfpga_lite/23.1std/nios2eds/bin/gnu/h-x86_64-mingw32/bin/../lib/gcc/nios2-elf/12.3.1/../../../../../H-x86_64-mingw32/nios2-elf/lib/mno-hw-mul\libsmallc.a(libc_a-writer.o)
 .debug_line    0x0000075d       0x3a c:/intelfpga_lite/23.1std/nios2eds/bin/gnu/h-x86_64-mingw32/bin/../lib/gcc/nios2-elf/12.3.1/../../../../../H-x86_64-mingw32/nios2-elf/lib/mno-hw-mul\libsmallc.a(libc_a-int_errno.o)
 .debug_line    0x00000797      0x152 c:/Users/thiag/Documents/New_Ic/software/as_bsp/\libhal_bsp.a(alt_iic.o)
 .debug_line    0x000008e9      0x115 c:/Users/thiag/Documents/New_Ic/software/as_bsp/\libhal_bsp.a(alt_iic_isr_register.o)
 .debug_line    0x000009fe       0x6b c:/Users/thiag/Documents/New_Ic/software/as_bsp/\libhal_bsp.a(alt_irq_entry.o)
 .debug_line    0x00000a69       0xf9 c:/Users/thiag/Documents/New_Ic/software/as_bsp/\libhal_bsp.a(alt_irq_handler.o)
 .debug_line    0x00000b62       0x43 c:/Users/thiag/Documents/New_Ic/software/as_bsp/\libhal_bsp.a(alt_irq_vars.o)
 .debug_line    0x00000ba5       0xd2 c:/Users/thiag/Documents/New_Ic/software/as_bsp/\libhal_bsp.a(alt_load.o)
 .debug_line    0x00000c77       0xa2 c:/Users/thiag/Documents/New_Ic/software/as_bsp/\libhal_bsp.a(alt_main.o)
 .debug_line    0x00000d19       0x70 c:/Users/thiag/Documents/New_Ic/software/as_bsp/\libhal_bsp.a(alt_usleep.o)
 .debug_line    0x00000d89       0xc5 c:/Users/thiag/Documents/New_Ic/software/as_bsp/\libhal_bsp.a(alt_write.o)
 .debug_line    0x00000e4e       0x8e c:/Users/thiag/Documents/New_Ic/software/as_bsp/\libhal_bsp.a(alt_sys_init.o)
 .debug_line    0x00000edc       0x93 c:/Users/thiag/Documents/New_Ic/software/as_bsp/\libhal_bsp.a(altera_avalon_jtag_uart_write.o)
 .debug_line    0x00000f6f       0xe2 c:/Users/thiag/Documents/New_Ic/software/as_bsp/\libhal_bsp.a(alt_busy_sleep.o)
 .debug_line    0x00001051       0x4e c:/Users/thiag/Documents/New_Ic/software/as_bsp/\libhal_bsp.a(alt_dcache_flush_all.o)
 .debug_line    0x0000109f       0x4c c:/Users/thiag/Documents/New_Ic/software/as_bsp/\libhal_bsp.a(alt_errno.o)
 .debug_line    0x000010eb       0x9d c:/Users/thiag/Documents/New_Ic/software/as_bsp/\libhal_bsp.a(alt_exception_entry.o)
 .debug_line    0x00001188       0x4c c:/Users/thiag/Documents/New_Ic/software/as_bsp/\libhal_bsp.a(alt_icache_flush_all.o)
 .debug_line    0x000011d4       0xb0 c:/Users/thiag/Documents/New_Ic/software/as_bsp/\libhal_bsp.a(alt_instruction_exception_entry.o)
 .debug_line    0x00001284       0x54 c:/Users/thiag/Documents/New_Ic/software/as_bsp/\libhal_bsp.a(altera_nios2_gen2_irq.o)
 .debug_line    0x000012d8       0x8c c:/intelfpga_lite/23.1std/nios2eds/bin/gnu/h-x86_64-mingw32/bin/../lib/gcc/nios2-elf/12.3.1/../../../../../H-x86_64-mingw32/nios2-elf/lib/mno-hw-mul\libsmallc.a(libc_a-memcpy.o)
 .debug_line    0x00001364      0x2e3 c:/intelfpga_lite/23.1std/nios2eds/bin/gnu/h-x86_64-mingw32/bin/../lib/gcc/nios2-elf/12.3.1/mno-hw-mul\libgcc.a(lib2-divmod.o)
 .debug_line    0x00001647       0x88 c:/intelfpga_lite/23.1std/nios2eds/bin/gnu/h-x86_64-mingw32/bin/../lib/gcc/nios2-elf/12.3.1/mno-hw-mul\libgcc.a(lib2-mul.o)

.debug_frame    0x00000000      0x758
 *(.debug_frame)
 .debug_frame   0x00000000      0x208 obj/default/KEY.o
 .debug_frame   0x00000208      0x16c obj/default/hello_world_small.o
 .debug_frame   0x00000374       0x48 c:/intelfpga_lite/23.1std/nios2eds/bin/gnu/h-x86_64-mingw32/bin/../lib/gcc/nios2-elf/12.3.1/../../../../../H-x86_64-mingw32/nios2-elf/lib/mno-hw-mul\libsmallc.a(libc_a-puts.o)
 .debug_frame   0x000003bc       0x20 c:/intelfpga_lite/23.1std/nios2eds/bin/gnu/h-x86_64-mingw32/bin/../lib/gcc/nios2-elf/12.3.1/../../../../../H-x86_64-mingw32/nios2-elf/lib/mno-hw-mul\libsmallc.a(libc_a-strlen.o)
 .debug_frame   0x000003dc       0x3c c:/intelfpga_lite/23.1std/nios2eds/bin/gnu/h-x86_64-mingw32/bin/../lib/gcc/nios2-elf/12.3.1/../../../../../H-x86_64-mingw32/nios2-elf/lib/mno-hw-mul\libsmallc.a(libc_a-fvwrite_small_dev.o)
 .debug_frame   0x00000418       0x30 c:/intelfpga_lite/23.1std/nios2eds/bin/gnu/h-x86_64-mingw32/bin/../lib/gcc/nios2-elf/12.3.1/../../../../../H-x86_64-mingw32/nios2-elf/lib/mno-hw-mul\libsmallc.a(libc_a-writer.o)
 .debug_frame   0x00000448       0x50 c:/Users/thiag/Documents/New_Ic/software/as_bsp/\libhal_bsp.a(alt_iic.o)
 .debug_frame   0x00000498       0x38 c:/Users/thiag/Documents/New_Ic/software/as_bsp/\libhal_bsp.a(alt_iic_isr_register.o)
 .debug_frame   0x000004d0       0x34 c:/Users/thiag/Documents/New_Ic/software/as_bsp/\libhal_bsp.a(alt_irq_handler.o)
 .debug_frame   0x00000504       0x2c c:/Users/thiag/Documents/New_Ic/software/as_bsp/\libhal_bsp.a(alt_load.o)
 .debug_frame   0x00000530       0x2c c:/Users/thiag/Documents/New_Ic/software/as_bsp/\libhal_bsp.a(alt_main.o)
 .debug_frame   0x0000055c       0x20 c:/Users/thiag/Documents/New_Ic/software/as_bsp/\libhal_bsp.a(alt_usleep.o)
 .debug_frame   0x0000057c       0x2c c:/Users/thiag/Documents/New_Ic/software/as_bsp/\libhal_bsp.a(alt_write.o)
 .debug_frame   0x000005a8       0x3c c:/Users/thiag/Documents/New_Ic/software/as_bsp/\libhal_bsp.a(alt_sys_init.o)
 .debug_frame   0x000005e4       0x20 c:/Users/thiag/Documents/New_Ic/software/as_bsp/\libhal_bsp.a(altera_avalon_jtag_uart_write.o)
 .debug_frame   0x00000604       0x34 c:/Users/thiag/Documents/New_Ic/software/as_bsp/\libhal_bsp.a(alt_busy_sleep.o)
 .debug_frame   0x00000638       0x20 c:/Users/thiag/Documents/New_Ic/software/as_bsp/\libhal_bsp.a(alt_dcache_flush_all.o)
 .debug_frame   0x00000658       0x20 c:/Users/thiag/Documents/New_Ic/software/as_bsp/\libhal_bsp.a(alt_icache_flush_all.o)
 .debug_frame   0x00000678       0x30 c:/Users/thiag/Documents/New_Ic/software/as_bsp/\libhal_bsp.a(alt_instruction_exception_entry.o)
 .debug_frame   0x000006a8       0x20 c:/Users/thiag/Documents/New_Ic/software/as_bsp/\libhal_bsp.a(altera_nios2_gen2_irq.o)
 .debug_frame   0x000006c8       0x20 c:/intelfpga_lite/23.1std/nios2eds/bin/gnu/h-x86_64-mingw32/bin/../lib/gcc/nios2-elf/12.3.1/../../../../../H-x86_64-mingw32/nios2-elf/lib/mno-hw-mul\libsmallc.a(libc_a-memcpy.o)
 .debug_frame   0x000006e8       0x50 c:/intelfpga_lite/23.1std/nios2eds/bin/gnu/h-x86_64-mingw32/bin/../lib/gcc/nios2-elf/12.3.1/mno-hw-mul\libgcc.a(lib2-divmod.o)
 .debug_frame   0x00000738       0x20 c:/intelfpga_lite/23.1std/nios2eds/bin/gnu/h-x86_64-mingw32/bin/../lib/gcc/nios2-elf/12.3.1/mno-hw-mul\libgcc.a(lib2-mul.o)

.debug_str      0x00000000      0xf1b
 *(.debug_str)
 .debug_str     0x00000000       0x56 c:/Users/thiag/Documents/New_Ic/software/as_bsp//obj/HAL/src/crt0.o
                                 0x5d (size before relaxing)
 .debug_str     0x00000056      0x260 obj/default/KEY.o
                                0x2ba (size before relaxing)
 .debug_str     0x000002b6      0x260 obj/default/hello_world_small.o
                                0x112 (size before relaxing)
 .debug_str     0x000002b6      0x2f5 c:/intelfpga_lite/23.1std/nios2eds/bin/gnu/h-x86_64-mingw32/bin/../lib/gcc/nios2-elf/12.3.1/../../../../../H-x86_64-mingw32/nios2-elf/lib/mno-hw-mul\libsmallc.a(libc_a-puts.o)
                                0x3b3 (size before relaxing)
 .debug_str     0x000005ab      0x2f5 c:/intelfpga_lite/23.1std/nios2eds/bin/gnu/h-x86_64-mingw32/bin/../lib/gcc/nios2-elf/12.3.1/../../../../../H-x86_64-mingw32/nios2-elf/lib/mno-hw-mul\libsmallc.a(libc_a-strlen.o)
                                0x114 (size before relaxing)
 .debug_str     0x000005ab        0xd c:/intelfpga_lite/23.1std/nios2eds/bin/gnu/h-x86_64-mingw32/bin/../lib/gcc/nios2-elf/12.3.1/../../../../../H-x86_64-mingw32/nios2-elf/lib/mno-hw-mul\libsmallc.a(libc_a-impure.o)
                                0x390 (size before relaxing)
 .debug_str     0x000005b8       0x25 c:/intelfpga_lite/23.1std/nios2eds/bin/gnu/h-x86_64-mingw32/bin/../lib/gcc/nios2-elf/12.3.1/../../../../../H-x86_64-mingw32/nios2-elf/lib/mno-hw-mul\libsmallc.a(libc_a-fvwrite_small_dev.o)
                                0x3bd (size before relaxing)
 .debug_str     0x000005dd       0x25 c:/intelfpga_lite/23.1std/nios2eds/bin/gnu/h-x86_64-mingw32/bin/../lib/gcc/nios2-elf/12.3.1/../../../../../H-x86_64-mingw32/nios2-elf/lib/mno-hw-mul\libsmallc.a(libc_a-writer.o)
                                0x39c (size before relaxing)
 .debug_str     0x000005dd      0x106 c:/intelfpga_lite/23.1std/nios2eds/bin/gnu/h-x86_64-mingw32/bin/../lib/gcc/nios2-elf/12.3.1/../../../../../H-x86_64-mingw32/nios2-elf/lib/mno-hw-mul\libsmallc.a(libc_a-int_errno.o)
 .debug_str     0x000005dd      0x11e c:/Users/thiag/Documents/New_Ic/software/as_bsp/\libhal_bsp.a(alt_iic.o)
                                0x1f6 (size before relaxing)
 .debug_str     0x000006fb       0x18 c:/Users/thiag/Documents/New_Ic/software/as_bsp/\libhal_bsp.a(alt_iic_isr_register.o)
                                0x1b5 (size before relaxing)
 .debug_str     0x00000713       0x18 c:/Users/thiag/Documents/New_Ic/software/as_bsp/\libhal_bsp.a(alt_irq_entry.o)
                                 0x57 (size before relaxing)
 .debug_str     0x0000072b       0x20 c:/Users/thiag/Documents/New_Ic/software/as_bsp/\libhal_bsp.a(alt_irq_handler.o)
                                0x144 (size before relaxing)
 .debug_str     0x0000074b       0x12 c:/Users/thiag/Documents/New_Ic/software/as_bsp/\libhal_bsp.a(alt_irq_vars.o)
                                 0xf3 (size before relaxing)
 .debug_str     0x0000075d      0x111 c:/Users/thiag/Documents/New_Ic/software/as_bsp/\libhal_bsp.a(alt_load.o)
                                0x208 (size before relaxing)
 .debug_str     0x0000086e       0x4b c:/Users/thiag/Documents/New_Ic/software/as_bsp/\libhal_bsp.a(alt_main.o)
                                0x138 (size before relaxing)
 .debug_str     0x000008b9        0xf c:/Users/thiag/Documents/New_Ic/software/as_bsp/\libhal_bsp.a(alt_usleep.o)
                                0x116 (size before relaxing)
 .debug_str     0x000008c8       0x62 c:/Users/thiag/Documents/New_Ic/software/as_bsp/\libhal_bsp.a(alt_write.o)
                                0x162 (size before relaxing)
 .debug_str     0x0000092a       0x5c c:/Users/thiag/Documents/New_Ic/software/as_bsp/\libhal_bsp.a(alt_sys_init.o)
                                0x18a (size before relaxing)
 .debug_str     0x00000986       0x5c c:/Users/thiag/Documents/New_Ic/software/as_bsp/\libhal_bsp.a(altera_avalon_jtag_uart_write.o)
                                0x15c (size before relaxing)
 .debug_str     0x00000986       0x2d c:/Users/thiag/Documents/New_Ic/software/as_bsp/\libhal_bsp.a(alt_busy_sleep.o)
                                0x12c (size before relaxing)
 .debug_str     0x000009b3       0xfd c:/Users/thiag/Documents/New_Ic/software/as_bsp/\libhal_bsp.a(alt_dcache_flush_all.o)
 .debug_str     0x000009b3        0x8 c:/Users/thiag/Documents/New_Ic/software/as_bsp/\libhal_bsp.a(alt_errno.o)
                                 0xfa (size before relaxing)
 .debug_str     0x000009bb       0x1e c:/Users/thiag/Documents/New_Ic/software/as_bsp/\libhal_bsp.a(alt_exception_entry.o)
                                 0x5d (size before relaxing)
 .debug_str     0x000009d9       0xfd c:/Users/thiag/Documents/New_Ic/software/as_bsp/\libhal_bsp.a(alt_icache_flush_all.o)
 .debug_str     0x000009d9      0x461 c:/Users/thiag/Documents/New_Ic/software/as_bsp/\libhal_bsp.a(alt_instruction_exception_entry.o)
                                0x546 (size before relaxing)
 .debug_str     0x00000e3a      0x103 c:/Users/thiag/Documents/New_Ic/software/as_bsp/\libhal_bsp.a(altera_nios2_gen2_irq.o)
 .debug_str     0x00000e3a       0x14 c:/intelfpga_lite/23.1std/nios2eds/bin/gnu/h-x86_64-mingw32/bin/../lib/gcc/nios2-elf/12.3.1/../../../../../H-x86_64-mingw32/nios2-elf/lib/mno-hw-mul\libsmallc.a(libc_a-memcpy.o)
                                0x122 (size before relaxing)
 .debug_str     0x00000e4e       0xcd c:/intelfpga_lite/23.1std/nios2eds/bin/gnu/h-x86_64-mingw32/bin/../lib/gcc/nios2-elf/12.3.1/mno-hw-mul\libgcc.a(lib2-divmod.o)
                                0x122 (size before relaxing)
 .debug_str     0x00000f1b       0xe6 c:/intelfpga_lite/23.1std/nios2eds/bin/gnu/h-x86_64-mingw32/bin/../lib/gcc/nios2-elf/12.3.1/mno-hw-mul\libgcc.a(lib2-mul.o)

.debug_loc
 *(.debug_loc)

.debug_macinfo
 *(.debug_macinfo)

.debug_weaknames
 *(.debug_weaknames)

.debug_funcnames
 *(.debug_funcnames)

.debug_typenames
 *(.debug_typenames)

.debug_varnames
 *(.debug_varnames)

.debug_alt_sim_info
                0x00000000       0x40
 *(.debug_alt_sim_info)
 .debug_alt_sim_info
                0x00000000       0x10 c:/Users/thiag/Documents/New_Ic/software/as_bsp//obj/HAL/src/crt0.o
 .debug_alt_sim_info
                0x00000010       0x30 c:/Users/thiag/Documents/New_Ic/software/as_bsp/\libhal_bsp.a(alt_busy_sleep.o)
                0x00002000                        __alt_data_end = 0x2000
                0x00002000                        PROVIDE (__alt_stack_pointer = __alt_data_end)
                [!provide]                        PROVIDE (__alt_stack_limit = __alt_stack_base)
                [!provide]                        PROVIDE (__alt_heap_start = end)
                [!provide]                        PROVIDE (__alt_heap_limit = 0x2000)
OUTPUT(teste.elf elf32-littlenios2)
LOAD linker stubs

.debug_ranges   0x00000000       0x70
 .debug_ranges  0x00000000       0x20 c:/Users/thiag/Documents/New_Ic/software/as_bsp//obj/HAL/src/crt0.o
 .debug_ranges  0x00000020       0x28 c:/Users/thiag/Documents/New_Ic/software/as_bsp/\libhal_bsp.a(alt_irq_entry.o)
 .debug_ranges  0x00000048       0x28 c:/Users/thiag/Documents/New_Ic/software/as_bsp/\libhal_bsp.a(alt_exception_entry.o)

.debug_line_str
                0x00000000      0x9a8
 .debug_line_str
                0x00000000      0x11a obj/default/KEY.o
                                0x166 (size before relaxing)
 .debug_line_str
                0x0000011a       0x1a obj/default/hello_world_small.o
                                 0xa0 (size before relaxing)
 .debug_line_str
                0x00000134      0x23a c:/intelfpga_lite/23.1std/nios2eds/bin/gnu/h-x86_64-mingw32/bin/../lib/gcc/nios2-elf/12.3.1/../../../../../H-x86_64-mingw32/nios2-elf/lib/mno-hw-mul\libsmallc.a(libc_a-puts.o)
                                0x2d3 (size before relaxing)
 .debug_line_str
                0x0000036e       0x69 c:/intelfpga_lite/23.1std/nios2eds/bin/gnu/h-x86_64-mingw32/bin/../lib/gcc/nios2-elf/12.3.1/../../../../../H-x86_64-mingw32/nios2-elf/lib/mno-hw-mul\libsmallc.a(libc_a-strlen.o)
                                0x259 (size before relaxing)
 .debug_line_str
                0x000003d7       0x67 c:/intelfpga_lite/23.1std/nios2eds/bin/gnu/h-x86_64-mingw32/bin/../lib/gcc/nios2-elf/12.3.1/../../../../../H-x86_64-mingw32/nios2-elf/lib/mno-hw-mul\libsmallc.a(libc_a-impure.o)
                                0x25a (size before relaxing)
 .debug_line_str
                0x0000043e       0x43 c:/intelfpga_lite/23.1std/nios2eds/bin/gnu/h-x86_64-mingw32/bin/../lib/gcc/nios2-elf/12.3.1/../../../../../H-x86_64-mingw32/nios2-elf/lib/mno-hw-mul\libsmallc.a(libc_a-fvwrite_small_dev.o)
                                0x2e7 (size before relaxing)
 .debug_line_str
                0x00000481       0x38 c:/intelfpga_lite/23.1std/nios2eds/bin/gnu/h-x86_64-mingw32/bin/../lib/gcc/nios2-elf/12.3.1/../../../../../H-x86_64-mingw32/nios2-elf/lib/mno-hw-mul\libsmallc.a(libc_a-writer.o)
                                0x2cf (size before relaxing)
 .debug_line_str
                0x000004b9       0x3b c:/intelfpga_lite/23.1std/nios2eds/bin/gnu/h-x86_64-mingw32/bin/../lib/gcc/nios2-elf/12.3.1/../../../../../H-x86_64-mingw32/nios2-elf/lib/mno-hw-mul\libsmallc.a(libc_a-int_errno.o)
                                0x186 (size before relaxing)
 .debug_line_str
                0x000004f4       0x99 c:/Users/thiag/Documents/New_Ic/software/as_bsp/\libhal_bsp.a(alt_iic.o)
                                 0xf3 (size before relaxing)
 .debug_line_str
                0x0000058d       0x2f c:/Users/thiag/Documents/New_Ic/software/as_bsp/\libhal_bsp.a(alt_iic_isr_register.o)
                                0x102 (size before relaxing)
 .debug_line_str
                0x000005bc       0x1a c:/Users/thiag/Documents/New_Ic/software/as_bsp/\libhal_bsp.a(alt_irq_handler.o)
                                 0xd4 (size before relaxing)
 .debug_line_str
                0x000005d6       0x17 c:/Users/thiag/Documents/New_Ic/software/as_bsp/\libhal_bsp.a(alt_irq_vars.o)
                                 0xb3 (size before relaxing)
 .debug_line_str
                0x000005ed       0x35 c:/Users/thiag/Documents/New_Ic/software/as_bsp/\libhal_bsp.a(alt_load.o)
                                 0xd7 (size before relaxing)
 .debug_line_str
                0x00000622       0x31 c:/Users/thiag/Documents/New_Ic/software/as_bsp/\libhal_bsp.a(alt_main.o)
                                 0xd6 (size before relaxing)
 .debug_line_str
                0x00000653       0x26 c:/Users/thiag/Documents/New_Ic/software/as_bsp/\libhal_bsp.a(alt_usleep.o)
                                0x123 (size before relaxing)
 .debug_line_str
                0x00000679       0x7d c:/Users/thiag/Documents/New_Ic/software/as_bsp/\libhal_bsp.a(alt_write.o)
                                0x16f (size before relaxing)
 .debug_line_str
                0x000006f6       0x4f c:/Users/thiag/Documents/New_Ic/software/as_bsp/\libhal_bsp.a(alt_sys_init.o)
                                 0xef (size before relaxing)
 .debug_line_str
                0x00000745       0x38 c:/Users/thiag/Documents/New_Ic/software/as_bsp/\libhal_bsp.a(altera_avalon_jtag_uart_write.o)
                                0x116 (size before relaxing)
 .debug_line_str
                0x0000077d       0x19 c:/Users/thiag/Documents/New_Ic/software/as_bsp/\libhal_bsp.a(alt_busy_sleep.o)
                                 0xb9 (size before relaxing)
 .debug_line_str
                0x00000796       0x1f c:/Users/thiag/Documents/New_Ic/software/as_bsp/\libhal_bsp.a(alt_dcache_flush_all.o)
                                 0xb5 (size before relaxing)
 .debug_line_str
                0x000007b5       0x14 c:/Users/thiag/Documents/New_Ic/software/as_bsp/\libhal_bsp.a(alt_errno.o)
                                0x108 (size before relaxing)
 .debug_line_str
                0x000007c9       0x1f c:/Users/thiag/Documents/New_Ic/software/as_bsp/\libhal_bsp.a(alt_icache_flush_all.o)
                                 0xb5 (size before relaxing)
 .debug_line_str
                0x000007e8       0x3b c:/Users/thiag/Documents/New_Ic/software/as_bsp/\libhal_bsp.a(alt_instruction_exception_entry.o)
                                0x10b (size before relaxing)
 .debug_line_str
                0x00000823       0x20 c:/Users/thiag/Documents/New_Ic/software/as_bsp/\libhal_bsp.a(altera_nios2_gen2_irq.o)
                                 0xb8 (size before relaxing)
 .debug_line_str
                0x00000843       0x39 c:/intelfpga_lite/23.1std/nios2eds/bin/gnu/h-x86_64-mingw32/bin/../lib/gcc/nios2-elf/12.3.1/../../../../../H-x86_64-mingw32/nios2-elf/lib/mno-hw-mul\libsmallc.a(libc_a-memcpy.o)
                                0x259 (size before relaxing)
 .debug_line_str
                0x0000087c       0xf2 c:/intelfpga_lite/23.1std/nios2eds/bin/gnu/h-x86_64-mingw32/bin/../lib/gcc/nios2-elf/12.3.1/mno-hw-mul\libgcc.a(lib2-divmod.o)
                                0x187 (size before relaxing)
 .debug_line_str
                0x0000096e       0x3a c:/intelfpga_lite/23.1std/nios2eds/bin/gnu/h-x86_64-mingw32/bin/../lib/gcc/nios2-elf/12.3.1/mno-hw-mul\libgcc.a(lib2-mul.o)
                                0x17e (size before relaxing)

.debug_loclists
                0x00000000      0xb10
 .debug_loclists
                0x00000000       0x73 c:/intelfpga_lite/23.1std/nios2eds/bin/gnu/h-x86_64-mingw32/bin/../lib/gcc/nios2-elf/12.3.1/../../../../../H-x86_64-mingw32/nios2-elf/lib/mno-hw-mul\libsmallc.a(libc_a-puts.o)
 .debug_loclists
                0x00000073       0x32 c:/intelfpga_lite/23.1std/nios2eds/bin/gnu/h-x86_64-mingw32/bin/../lib/gcc/nios2-elf/12.3.1/../../../../../H-x86_64-mingw32/nios2-elf/lib/mno-hw-mul\libsmallc.a(libc_a-strlen.o)
 .debug_loclists
                0x000000a5       0xc5 c:/intelfpga_lite/23.1std/nios2eds/bin/gnu/h-x86_64-mingw32/bin/../lib/gcc/nios2-elf/12.3.1/../../../../../H-x86_64-mingw32/nios2-elf/lib/mno-hw-mul\libsmallc.a(libc_a-fvwrite_small_dev.o)
 .debug_loclists
                0x0000016a       0x88 c:/intelfpga_lite/23.1std/nios2eds/bin/gnu/h-x86_64-mingw32/bin/../lib/gcc/nios2-elf/12.3.1/../../../../../H-x86_64-mingw32/nios2-elf/lib/mno-hw-mul\libsmallc.a(libc_a-writer.o)
 .debug_loclists
                0x000001f2       0xf9 c:/Users/thiag/Documents/New_Ic/software/as_bsp/\libhal_bsp.a(alt_iic.o)
 .debug_loclists
                0x000002eb      0x130 c:/Users/thiag/Documents/New_Ic/software/as_bsp/\libhal_bsp.a(alt_iic_isr_register.o)
 .debug_loclists
                0x0000041b       0x6e c:/Users/thiag/Documents/New_Ic/software/as_bsp/\libhal_bsp.a(alt_irq_handler.o)
 .debug_loclists
                0x00000489       0x1e c:/Users/thiag/Documents/New_Ic/software/as_bsp/\libhal_bsp.a(alt_usleep.o)
 .debug_loclists
                0x000004a7       0x7b c:/Users/thiag/Documents/New_Ic/software/as_bsp/\libhal_bsp.a(alt_write.o)
 .debug_loclists
                0x00000522       0x1e c:/Users/thiag/Documents/New_Ic/software/as_bsp/\libhal_bsp.a(alt_sys_init.o)
 .debug_loclists
                0x00000540       0x5e c:/Users/thiag/Documents/New_Ic/software/as_bsp/\libhal_bsp.a(altera_avalon_jtag_uart_write.o)
 .debug_loclists
                0x0000059e       0x8a c:/Users/thiag/Documents/New_Ic/software/as_bsp/\libhal_bsp.a(alt_busy_sleep.o)
 .debug_loclists
                0x00000628       0x47 c:/Users/thiag/Documents/New_Ic/software/as_bsp/\libhal_bsp.a(alt_instruction_exception_entry.o)
 .debug_loclists
                0x0000066f       0xcc c:/intelfpga_lite/23.1std/nios2eds/bin/gnu/h-x86_64-mingw32/bin/../lib/gcc/nios2-elf/12.3.1/../../../../../H-x86_64-mingw32/nios2-elf/lib/mno-hw-mul\libsmallc.a(libc_a-memcpy.o)
 .debug_loclists
                0x0000073b      0x37a c:/intelfpga_lite/23.1std/nios2eds/bin/gnu/h-x86_64-mingw32/bin/../lib/gcc/nios2-elf/12.3.1/mno-hw-mul\libgcc.a(lib2-divmod.o)
 .debug_loclists
                0x00000ab5       0x5b c:/intelfpga_lite/23.1std/nios2eds/bin/gnu/h-x86_64-mingw32/bin/../lib/gcc/nios2-elf/12.3.1/mno-hw-mul\libgcc.a(lib2-mul.o)

.debug_rnglists
                0x00000000      0x12a
 .debug_rnglists
                0x00000000       0x1a c:/intelfpga_lite/23.1std/nios2eds/bin/gnu/h-x86_64-mingw32/bin/../lib/gcc/nios2-elf/12.3.1/../../../../../H-x86_64-mingw32/nios2-elf/lib/mno-hw-mul\libsmallc.a(libc_a-puts.o)
 .debug_rnglists
                0x0000001a       0x13 c:/intelfpga_lite/23.1std/nios2eds/bin/gnu/h-x86_64-mingw32/bin/../lib/gcc/nios2-elf/12.3.1/../../../../../H-x86_64-mingw32/nios2-elf/lib/mno-hw-mul\libsmallc.a(libc_a-strlen.o)
 .debug_rnglists
                0x0000002d       0x14 c:/intelfpga_lite/23.1std/nios2eds/bin/gnu/h-x86_64-mingw32/bin/../lib/gcc/nios2-elf/12.3.1/../../../../../H-x86_64-mingw32/nios2-elf/lib/mno-hw-mul\libsmallc.a(libc_a-fvwrite_small_dev.o)
 .debug_rnglists
                0x00000041       0x13 c:/intelfpga_lite/23.1std/nios2eds/bin/gnu/h-x86_64-mingw32/bin/../lib/gcc/nios2-elf/12.3.1/../../../../../H-x86_64-mingw32/nios2-elf/lib/mno-hw-mul\libsmallc.a(libc_a-writer.o)
 .debug_rnglists
                0x00000054       0x13 c:/Users/thiag/Documents/New_Ic/software/as_bsp/\libhal_bsp.a(alt_iic_isr_register.o)
 .debug_rnglists
                0x00000067       0x1f c:/Users/thiag/Documents/New_Ic/software/as_bsp/\libhal_bsp.a(alt_irq_handler.o)
 .debug_rnglists
                0x00000086       0x23 c:/Users/thiag/Documents/New_Ic/software/as_bsp/\libhal_bsp.a(alt_load.o)
 .debug_rnglists
                0x000000a9       0x16 c:/Users/thiag/Documents/New_Ic/software/as_bsp/\libhal_bsp.a(alt_write.o)
 .debug_rnglists
                0x000000bf       0x19 c:/Users/thiag/Documents/New_Ic/software/as_bsp/\libhal_bsp.a(alt_instruction_exception_entry.o)
 .debug_rnglists
                0x000000d8       0x13 c:/intelfpga_lite/23.1std/nios2eds/bin/gnu/h-x86_64-mingw32/bin/../lib/gcc/nios2-elf/12.3.1/../../../../../H-x86_64-mingw32/nios2-elf/lib/mno-hw-mul\libsmallc.a(libc_a-memcpy.o)
 .debug_rnglists
                0x000000eb       0x3f c:/intelfpga_lite/23.1std/nios2eds/bin/gnu/h-x86_64-mingw32/bin/../lib/gcc/nios2-elf/12.3.1/mno-hw-mul\libgcc.a(lib2-divmod.o)
